<html>
<body>
<pre>
<h1>µVision Build Log</h1>
<h2>Tool Versions:</h2>
IDE-Version: ¦ÌVision V5.21.1.0
Copyright (C) 2016 ARM Ltd and ARM Germany GmbH. All rights reserved.
License Information: . ., ., LIC=ATTNN-YEV9W-SAEDJ-UMD76-63JTC-ZFMJ9
 
Tool Versions:
Toolchain:       MDK-ARM Plus  Version: 5.21a
Toolchain Path:  E:\Keil_v5\ARM\ARMCC\Bin
C Compiler:      Armcc.exe V5.06 update 3 (build 300)
Assembler:       Armasm.exe V5.06 update 3 (build 300)
Linker/Locator:  ArmLink.exe V5.06 update 3 (build 300)
Library Manager: ArmAr.exe V5.06 update 3 (build 300)
Hex Converter:   FromElf.exe V5.06 update 3 (build 300)
CPU DLL:         SARMCM3.DLL V5.21a
Dialog DLL:      DCM.DLL V1.13.8.0
Target DLL:      Segger\JL2CM3.dll V2.99.23.0
Dialog DLL:      TCM.DLL V1.14.14.0
 
<h2>Project:</h2>
D:\Documents\Me\´óÌô\multi_infusion_pump\USER\Template.uvprojx
Project File Date:  02/18/2017

<h2>Output:</h2>
*** Using Compiler 'V5.06 update 3 (build 300)', folder: 'E:\Keil_v5\ARM\ARMCC\Bin'
Build target 'Target 1'
compiling mypage.c...
..\MYPAGE\mypage.c(64): warning:  #550-D: variable "hWnd" was set but never used
  	WM_HWIN hWnd;
..\MYPAGE\mypage.c(88): warning:  #550-D: variable "hWnd" was set but never used
  	WM_HWIN hWnd;
..\MYPAGE\mypage.c(89): warning:  #177-D: variable "touchState" was declared but never referenced
  	GUI_PID_STATE touchState;
..\MYPAGE\mypage.c(114): warning:  #550-D: variable "hWnd" was set but never used
  	WM_HWIN hWnd;
..\MYPAGE\mypage.c(120): warning:  #177-D: variable "hItem" was declared but never referenced
  	GUI_HWIN hItem;
..\MYPAGE\mypage.c(553): warning:  #177-D: variable "hNumPad" was declared but never referenced
  	WM_HWIN pageBottle, hNumPad;
..\MYPAGE\mypage.c(636): warning:  #225-D: the format string ends before this argument
  				sprintf(buff, "\0", shuyeData[my_index - 1][i]);
..\MYPAGE\mypage.c(595): warning:  #177-D: variable "sDest" was declared but never referenced
  	char sDest[10];
..\MYPAGE\mypage.c(727): warning:  #177-D: variable "hDlg" was declared but never referenced
  	WM_HWIN  hDlg;
..\MYPAGE\mypage.c(822): warning:  #550-D: variable "btext" was set but never used
  	EDIT_Handle btext,timeText1,timeText2,speedText1,speedText2;
..\MYPAGE\mypage.c(822): warning:  #177-D: variable "timeText1" was declared but never referenced
  	EDIT_Handle btext,timeText1,timeText2,speedText1,speedText2;
..\MYPAGE\mypage.c(822): warning:  #177-D: variable "timeText2" was declared but never referenced
  	EDIT_Handle btext,timeText1,timeText2,speedText1,speedText2;
..\MYPAGE\mypage.c(822): warning:  #177-D: variable "speedText1" was declared but never referenced
  	EDIT_Handle btext,timeText1,timeText2,speedText1,speedText2;
..\MYPAGE\mypage.c(822): warning:  #177-D: variable "speedText2" was declared but never referenced
  	EDIT_Handle btext,timeText1,timeText2,speedText1,speedText2;
..\MYPAGE\mypage.c: 14 warnings, 0 errors
linking...
Program Size: Code=163114 RO-data=69818 RW-data=2188 ZI-data=46916  
FromELF: creating hex file...
"..\OBJ\MALLOC.axf" - 0 Error(s), 14 Warning(s).

<h2>Collection of Component include folders:</h2>
  D:\Documents\Me\´óÌô\multi_infusion_pump\USER\RTE
  E:\Keil_v5\ARM\PACK\Keil\STM32F1xx_DFP\2.1.0\Device\Include

<h2>Collection of Component Files used:</h2>
Build Time Elapsed:  00:00:05
</pre>
</body>
</html>
