Component: ARM Compiler 5.06 update 3 (build 300) Tool: armlink [4d35c9]

==============================================================================

Section Cross References

    main.o(.text) refers to os_time.o(.text) for OSTimeDlyHMSM
    main.o(.text) refers to gui_touch_driveranalog.o(i.GUI_TOUCH_Exec) for GUI_TOUCH_Exec
    main.o(.text) refers to malloc.o(.text) for mymalloc
    main.o(.text) refers to ff.o(.text) for f_open
    main.o(.text) refers to mypage.o(.text) for pageHome
    main.o(.text) refers to gui_time.o(i.GUI_Delay) for GUI_Delay
    main.o(.text) refers to gui_pid.o(i.GUI_PID_GetState) for GUI_PID_GetState
    main.o(.text) refers to dflt_clz.o(x$fpl$dflt) for __aeabi_i2d
    main.o(.text) refers to dleqf.o(x$fpl$dleqf) for __aeabi_cdcmple
    main.o(.text) refers to gui_dispstringat.o(i.GUI_DispStringAt) for GUI_DispStringAt
    main.o(.text) refers to cpu_core.o(.text) for CPU_Init
    main.o(.text) refers to os_stat.o(.text) for OSStatTaskCPUUsageInit
    main.o(.text) refers to os_core.o(.text) for OSSchedRoundRobinCfg
    main.o(.text) refers to stm32f10x_rcc.o(.text) for RCC_AHBPeriphClockCmd
    main.o(.text) refers to gui_core.o(i.GUI_Init) for GUI_Init
    main.o(.text) refers to cpu_a.o(.text) for CPU_SR_Save
    main.o(.text) refers to os_task.o(.text) for OSTaskCreate
    main.o(.text) refers to delay.o(.text) for delay_init
    main.o(.text) refers to misc.o(.text) for NVIC_PriorityGroupConfig
    main.o(.text) refers to usart.o(.text) for uart_init
    main.o(.text) refers to led.o(.text) for LED_Init
    main.o(.text) refers to ili93xx.o(.text) for TFTLCD_Init
    main.o(.text) refers to key.o(.text) for KEY_Init
    main.o(.text) refers to exfuns.o(.text) for exfuns_init
    main.o(.text) refers to fontupd.o(.text) for font_init
    main.o(.text) refers to touch.o(.text) for TP_Init
    main.o(.text) refers to os_var.o(.data) for OSSchedLockNestingCtr
    main.o(.text) refers to main.o(.bss) for .bss
    main.o(.text) refers to os_var.o(.data) for OSIntQNbrEntries
    main.o(.text) refers to exfuns.o(.data) for fs
    main.o(.text) refers to usmart_config.o(.data) for usmart_dev
    system_stm32f10x.o(.text) refers to system_stm32f10x.o(.data) for .data
    led.o(.text) refers to stm32f10x_rcc.o(.text) for RCC_APB2PeriphClockCmd
    led.o(.text) refers to stm32f10x_gpio.o(.text) for GPIO_Init
    key.o(.text) refers to stm32f10x_rcc.o(.text) for RCC_APB2PeriphClockCmd
    key.o(.text) refers to stm32f10x_gpio.o(.text) for GPIO_Init
    key.o(.text) refers to delay.o(.text) for delay_ms
    key.o(.text) refers to key.o(.data) for .data
    ili93xx.o(.text) refers to _printf_percent.o(.ARM.Collect$$_printf_percent$$00000000) for _printf_percent
    ili93xx.o(.text) refers to _printf_x.o(.ARM.Collect$$_printf_percent$$0000000C) for _printf_x
    ili93xx.o(.text) refers to _printf_hex_int.o(.text) for _printf_longlong_hex
    ili93xx.o(.text) refers to stm32f10x_gpio.o(.text) for GPIO_ResetBits
    ili93xx.o(.text) refers to delay.o(.text) for delay_us
    ili93xx.o(.text) refers to ili93xx.o(.bss) for .bss
    ili93xx.o(.text) refers to ili93xx.o(.data) for .data
    ili93xx.o(.text) refers to stm32f10x_rcc.o(.text) for RCC_APB2PeriphClockCmd
    ili93xx.o(.text) refers to noretval__2printf.o(.text) for __2printf
    ili93xx.o(.text) refers to ili93xx.o(.constdata) for .constdata
    myiic.o(.text) refers to stm32f10x_rcc.o(.text) for RCC_APB2PeriphClockCmd
    myiic.o(.text) refers to stm32f10x_gpio.o(.text) for GPIO_Init
    myiic.o(.text) refers to delay.o(.text) for delay_us
    24cxx.o(.text) refers to myiic.o(.text) for IIC_Init
    24cxx.o(.text) refers to delay.o(.text) for delay_ms
    spi.o(.text) refers to stm32f10x_spi.o(.text) for SPI_I2S_GetFlagStatus
    spi.o(.text) refers to stm32f10x_rcc.o(.text) for RCC_APB2PeriphClockCmd
    spi.o(.text) refers to stm32f10x_gpio.o(.text) for GPIO_Init
    spi.o(.text) refers to spi.o(.bss) for .bss
    ctiic.o(.text) refers to delay.o(.text) for delay_us
    gt9147.o(.text) refers to _printf_percent.o(.ARM.Collect$$_printf_percent$$00000000) for _printf_percent
    gt9147.o(.text) refers to _printf_s.o(.ARM.Collect$$_printf_percent$$00000014) for _printf_s
    gt9147.o(.text) refers to _printf_str.o(.text) for _printf_str
    gt9147.o(.text) refers to _printf_d.o(.ARM.Collect$$_printf_percent$$00000009) for _printf_d
    gt9147.o(.text) refers to _printf_dec.o(.text) for _printf_int_dec
    gt9147.o(.text) refers to ctiic.o(.text) for CT_IIC_Start
    gt9147.o(.text) refers to delay.o(.text) for delay_ms
    gt9147.o(.text) refers to noretval__2printf.o(.text) for __2printf
    gt9147.o(.text) refers to strcmpv7m.o(.text) for strcmp
    gt9147.o(.text) refers to gt9147.o(.constdata) for .constdata
    gt9147.o(.text) refers to gt9147.o(.data) for .data
    gt9147.o(.text) refers to touch.o(.data) for tp_dev
[...]
    0x080242c4   0x00000020   Data   RO         2403    .constdata          STemWin526_CM3_OS_Keil.lib(f16b_1.o)
    0x080242e4   0x00000020   Data   RO         2404    .constdata          STemWin526_CM3_OS_Keil.lib(f16b_1.o)
    0x08024304   0x00000020   Data   RO         2405    .constdata          STemWin526_CM3_OS_Keil.lib(f16b_1.o)
    0x08024324   0x00000020   Data   RO         2406    .constdata          STemWin526_CM3_OS_Keil.lib(f16b_1.o)
    0x08024344   0x00000010   Data   RO         2407    .constdata          STemWin526_CM3_OS_Keil.lib(f16b_1.o)
    0x08024354   0x00000020   Data   RO         2408    .constdata          STemWin526_CM3_OS_Keil.lib(f16b_1.o)
    0x08024374   0x00000010   Data   RO         2409    .constdata          STemWin526_CM3_OS_Keil.lib(f16b_1.o)
    0x08024384   0x00000010   Data   RO         2410    .constdata          STemWin526_CM3_OS_Keil.lib(f16b_1.o)
    0x08024394   0x00000010   Data   RO         2411    .constdata          STemWin526_CM3_OS_Keil.lib(f16b_1.o)
    0x080243a4   0x00000010   Data   RO         2412    .constdata          STemWin526_CM3_OS_Keil.lib(f16b_1.o)
    0x080243b4   0x00000010   Data   RO         2413    .constdata          STemWin526_CM3_OS_Keil.lib(f16b_1.o)
    0x080243c4   0x00000010   Data   RO         2414    .constdata          STemWin526_CM3_OS_Keil.lib(f16b_1.o)
    0x080243d4   0x00000010   Data   RO         2415    .constdata          STemWin526_CM3_OS_Keil.lib(f16b_1.o)
    0x080243e4   0x00000020   Data   RO         2416    .constdata          STemWin526_CM3_OS_Keil.lib(f16b_1.o)
    0x08024404   0x00000010   Data   RO         2417    .constdata          STemWin526_CM3_OS_Keil.lib(f16b_1.o)
    0x08024414   0x00000010   Data   RO         2418    .constdata          STemWin526_CM3_OS_Keil.lib(f16b_1.o)
    0x08024424   0x00000010   Data   RO         2419    .constdata          STemWin526_CM3_OS_Keil.lib(f16b_1.o)
    0x08024434   0x00000010   Data   RO         2420    .constdata          STemWin526_CM3_OS_Keil.lib(f16b_1.o)
    0x08024444   0x00000010   Data   RO         2421    .constdata          STemWin526_CM3_OS_Keil.lib(f16b_1.o)
    0x08024454   0x00000010   Data   RO         2422    .constdata          STemWin526_CM3_OS_Keil.lib(f16b_1.o)
    0x08024464   0x00000010   Data   RO         2423    .constdata          STemWin526_CM3_OS_Keil.lib(f16b_1.o)
    0x08024474   0x00000010   Data   RO         2424    .constdata          STemWin526_CM3_OS_Keil.lib(f16b_1.o)
    0x08024484   0x00000010   Data   RO         2425    .constdata          STemWin526_CM3_OS_Keil.lib(f16b_1.o)
    0x08024494   0x00000010   Data   RO         2426    .constdata          STemWin526_CM3_OS_Keil.lib(f16b_1.o)
    0x080244a4   0x00000010   Data   RO         2427    .constdata          STemWin526_CM3_OS_Keil.lib(f16b_1.o)
    0x080244b4   0x00000010   Data   RO         2428    .constdata          STemWin526_CM3_OS_Keil.lib(f16b_1.o)
    0x080244c4   0x00000010   Data   RO         2429    .constdata          STemWin526_CM3_OS_Keil.lib(f16b_1.o)
    0x080244d4   0x00000010   Data   RO         2430    .constdata          STemWin526_CM3_OS_Keil.lib(f16b_1.o)
    0x080244e4   0x00000010   Data   RO         2431    .constdata          STemWin526_CM3_OS_Keil.lib(f16b_1.o)
    0x080244f4   0x00000010   Data   RO         2432    .constdata          STemWin526_CM3_OS_Keil.lib(f16b_1.o)
    0x08024504   0x00000010   Data   RO         2433    .constdata          STemWin526_CM3_OS_Keil.lib(f16b_1.o)
    0x08024514   0x00000010   Data   RO         2434    .constdata          STemWin526_CM3_OS_Keil.lib(f16b_1.o)
    0x08024524   0x00000010   Data   RO         2435    .constdata          STemWin526_CM3_OS_Keil.lib(f16b_1.o)
    0x08024534   0x00000010   Data   RO         2436    .constdata          STemWin526_CM3_OS_Keil.lib(f16b_1.o)
    0x08024544   0x00000010   Data   RO         2437    .constdata          STemWin526_CM3_OS_Keil.lib(f16b_1.o)
    0x08024554   0x00000010   Data   RO         2438    .constdata          STemWin526_CM3_OS_Keil.lib(f16b_1.o)
    0x08024564   0x00000010   Data   RO         2439    .constdata          STemWin526_CM3_OS_Keil.lib(f16b_1.o)
    0x08024574   0x00000010   Data   RO         2440    .constdata          STemWin526_CM3_OS_Keil.lib(f16b_1.o)
    0x08024584   0x00000010   Data   RO         2441    .constdata          STemWin526_CM3_OS_Keil.lib(f16b_1.o)
    0x08024594   0x00000300   Data   RO         2442    .constdata          STemWin526_CM3_OS_Keil.lib(f16b_1.o)
    0x08024894   0x0000000c   Data   RO         2443    .constdata          STemWin526_CM3_OS_Keil.lib(f16b_1.o)
    0x080248a0   0x0000000c   Data   RO         2444    .constdata          STemWin526_CM3_OS_Keil.lib(f16b_1.o)
    0x080248ac   0x00000024   Data   RO         2445    .constdata          STemWin526_CM3_OS_Keil.lib(f16b_1.o)
    0x080248d0   0x00000014   Data   RO         2446    .constdata          STemWin526_CM3_OS_Keil.lib(f20_1.o)
    0x080248e4   0x00000014   Data   RO         2447    .constdata          STemWin526_CM3_OS_Keil.lib(f20_1.o)
    0x080248f8   0x00000028   Data   RO         2448    .constdata          STemWin526_CM3_OS_Keil.lib(f20_1.o)
    0x08024920   0x00000028   Data   RO         2449    .constdata          STemWin526_CM3_OS_Keil.lib(f20_1.o)
    0x08024948   0x00000028   Data   RO         2450    .constdata          STemWin526_CM3_OS_Keil.lib(f20_1.o)
    0x08024970   0x00000028   Data   RO         2451    .constdata          STemWin526_CM3_OS_Keil.lib(f20_1.o)
    0x08024998   0x00000014   Data   RO         2452    .constdata          STemWin526_CM3_OS_Keil.lib(f20_1.o)
    0x080249ac   0x00000028   Data   RO         2453    .constdata          STemWin526_CM3_OS_Keil.lib(f20_1.o)
    0x080249d4   0x00000014   Data   RO         2454    .constdata          STemWin526_CM3_OS_Keil.lib(f20_1.o)
    0x080249e8   0x00000028   Data   RO         2455    .constdata          STemWin526_CM3_OS_Keil.lib(f20_1.o)
    0x08024a10   0x00000014   Data   RO         2456    .constdata          STemWin526_CM3_OS_Keil.lib(f20_1.o)
    0x08024a24   0x00000028   Data   RO         2457    .constdata          STemWin526_CM3_OS_Keil.lib(f20_1.o)
    0x08024a4c   0x00000028   Data   RO         2458    .constdata          STemWin526_CM3_OS_Keil.lib(f20_1.o)
    0x08024a74   0x00000014   Data   RO         2459    .constdata          STemWin526_CM3_OS_Keil.lib(f20_1.o)
    0x08024a88   0x00000028   Data   RO         2460    .constdata          STemWin526_CM3_OS_Keil.lib(f20_1.o)
    0x08024ab0   0x00000028   Data   RO         2461    .constdata          STemWin526_CM3_OS_Keil.lib(f20_1.o)
    0x08024ad8   0x00000014   Data   RO         2462    .constdata          STemWin526_CM3_OS_Keil.lib(f20_1.o)
    0x08024aec   0x00000028   Data   RO         2463    .constdata          STemWin526_CM3_OS_Keil.lib(f20_1.o)
    0x08024b14   0x00000014   Data   RO         2464    .constdata          STemWin526_CM3_OS_Keil.lib(f20_1.o)
    0x08024b28   0x00000014   Data   RO         2465    .constdata          STemWin526_CM3_OS_Keil.lib(f20_1.o)
    0x08024b3c   0x00000014   Data   RO         2466    .constdata          STemWin526_CM3_OS_Keil.lib(f20_1.o)
    0x08024b50   0x00000028   Data   RO         2467    .constdata          STemWin526_CM3_OS_Keil.lib(f20_1.o)
    0x08024b78   0x00000028   Data   RO         2468    .constdata          STemWin526_CM3_OS_Keil.lib(f20_1.o)
    0x08024ba0   0x00000014   Data   RO         2469    .constdata          STemWin526_CM3_OS_Keil.lib(f20_1.o)
    0x08024bb4   0x00000014   Data   RO         2470    .constdata          STemWin526_CM3_OS_Keil.lib(f20_1.o)
    0x08024bc8   0x00000014   Data   RO         2471    .constdata          STemWin526_CM3_OS_Keil.lib(f20_1.o)
    0x08024bdc   0x00000014   Data   RO         2472    .constdata          STemWin526_CM3_OS_Keil.lib(f20_1.o)
    0x08024bf0   0x00000028   Data   RO         2473    .constdata          STemWin526_CM3_OS_Keil.lib(f20_1.o)
    0x08024c18   0x00000028   Data   RO         2474    .constdata          STemWin526_CM3_OS_Keil.lib(f20_1.o)
    0x08024c40   0x00000028   Data   RO         2475    .constdata          STemWin526_CM3_OS_Keil.lib(f20_1.o)
    0x08024c68   0x00000028   Data   RO         2476    .constdata          STemWin526_CM3_OS_Keil.lib(f20_1.o)
    0x08024c90   0x00000028   Data   RO         2477    .constdata          STemWin526_CM3_OS_Keil.lib(f20_1.o)
    0x08024cb8   0x00000028   Data   RO         2478    .constdata          STemWin526_CM3_OS_Keil.lib(f20_1.o)
    0x08024ce0   0x00000028   Data   RO         2479    .constdata          STemWin526_CM3_OS_Keil.lib(f20_1.o)
    0x08024d08   0x00000028   Data   RO         2480    .constdata          STemWin526_CM3_OS_Keil.lib(f20_1.o)
    0x08024d30   0x00000028   Data   RO         2481    .constdata          STemWin526_CM3_OS_Keil.lib(f20_1.o)
    0x08024d58   0x00000028   Data   RO         2482    .constdata          STemWin526_CM3_OS_Keil.lib(f20_1.o)
    0x08024d80   0x00000028   Data   RO         2483    .constdata          STemWin526_CM3_OS_Keil.lib(f20_1.o)
    0x08024da8   0x0000003c   Data   RO         2484    .constdata          STemWin526_CM3_OS_Keil.lib(f20_1.o)
    0x08024de4   0x00000028   Data   RO         2485    .constdata          STemWin526_CM3_OS_Keil.lib(f20_1.o)
    0x08024e0c   0x00000028   Data   RO         2486    .constdata          STemWin526_CM3_OS_Keil.lib(f20_1.o)
    0x08024e34   0x00000028   Data   RO         2487    .constdata          STemWin526_CM3_OS_Keil.lib(f20_1.o)
    0x08024e5c   0x00000028   Data   RO         2488    .constdata          STemWin526_CM3_OS_Keil.lib(f20_1.o)
    0x08024e84   0x00000028   Data   RO         2489    .constdata          STemWin526_CM3_OS_Keil.lib(f20_1.o)
    0x08024eac   0x00000014   Data   RO         2490    .constdata          STemWin526_CM3_OS_Keil.lib(f20_1.o)
    0x08024ec0   0x00000014   Data   RO         2491    .constdata          STemWin526_CM3_OS_Keil.lib(f20_1.o)
    0x08024ed4   0x00000014   Data   RO         2492    .constdata          STemWin526_CM3_OS_Keil.lib(f20_1.o)
    0x08024ee8   0x00000014   Data   RO         2493    .constdata          STemWin526_CM3_OS_Keil.lib(f20_1.o)
    0x08024efc   0x00000028   Data   RO         2494    .constdata          STemWin526_CM3_OS_Keil.lib(f20_1.o)
    0x08024f24   0x00000028   Data   RO         2495    .constdata          STemWin526_CM3_OS_Keil.lib(f20_1.o)
    0x08024f4c   0x00000028   Data   RO         2496    .constdata          STemWin526_CM3_OS_Keil.lib(f20_1.o)
    0x08024f74   0x00000028   Data   RO         2497    .constdata          STemWin526_CM3_OS_Keil.lib(f20_1.o)
    0x08024f9c   0x00000028   Data   RO         2498    .constdata          STemWin526_CM3_OS_Keil.lib(f20_1.o)
    0x08024fc4   0x00000028   Data   RO         2499    .constdata          STemWin526_CM3_OS_Keil.lib(f20_1.o)
    0x08024fec   0x00000028   Data   RO         2500    .constdata          STemWin526_CM3_OS_Keil.lib(f20_1.o)
    0x08025014   0x00000028   Data   RO         2501    .constdata          STemWin526_CM3_OS_Keil.lib(f20_1.o)
    0x0802503c   0x00000028   Data   RO         2502    .constdata          STemWin526_CM3_OS_Keil.lib(f20_1.o)
    0x08025064   0x00000028   Data   RO         2503    .constdata          STemWin526_CM3_OS_Keil.lib(f20_1.o)
    0x0802508c   0x00000028   Data   RO         2504    .constdata          STemWin526_CM3_OS_Keil.lib(f20_1.o)
    0x080250b4   0x00000028   Data   RO         2505    .constdata          STemWin526_CM3_OS_Keil.lib(f20_1.o)
    0x080250dc   0x00000028   Data   RO         2506    .constdata          STemWin526_CM3_OS_Keil.lib(f20_1.o)
    0x08025104   0x00000028   Data   RO         2507    .constdata          STemWin526_CM3_OS_Keil.lib(f20_1.o)
    0x0802512c   0x00000028   Data   RO         2508    .constdata          STemWin526_CM3_OS_Keil.lib(f20_1.o)
    0x08025154   0x00000028   Data   RO         2509    .constdata          STemWin526_CM3_OS_Keil.lib(f20_1.o)
    0x0802517c   0x00000028   Data   RO         2510    .constdata          STemWin526_CM3_OS_Keil.lib(f20_1.o)
    0x080251a4   0x00000028   Data   RO         2511    .constdata          STemWin526_CM3_OS_Keil.lib(f20_1.o)
    0x080251cc   0x00000028   Data   RO         2512    .constdata          STemWin526_CM3_OS_Keil.lib(f20_1.o)
    0x080251f4   0x00000028   Data   RO         2513    .constdata          STemWin526_CM3_OS_Keil.lib(f20_1.o)
    0x0802521c   0x00000028   Data   RO         2514    .constdata          STemWin526_CM3_OS_Keil.lib(f20_1.o)
    0x08025244   0x00000028   Data   RO         2515    .constdata          STemWin526_CM3_OS_Keil.lib(f20_1.o)
    0x0802526c   0x00000028   Data   RO         2516    .constdata          STemWin526_CM3_OS_Keil.lib(f20_1.o)
    0x08025294   0x00000028   Data   RO         2517    .constdata          STemWin526_CM3_OS_Keil.lib(f20_1.o)
    0x080252bc   0x00000028   Data   RO         2518    .constdata          STemWin526_CM3_OS_Keil.lib(f20_1.o)
    0x080252e4   0x00000028   Data   RO         2519    .constdata          STemWin526_CM3_OS_Keil.lib(f20_1.o)
    0x0802530c   0x00000028   Data   RO         2520    .constdata          STemWin526_CM3_OS_Keil.lib(f20_1.o)
    0x08025334   0x00000028   Data   RO         2521    .constdata          STemWin526_CM3_OS_Keil.lib(f20_1.o)
    0x0802535c   0x00000014   Data   RO         2522    .constdata          STemWin526_CM3_OS_Keil.lib(f20_1.o)
    0x08025370   0x00000014   Data   RO         2523    .constdata          STemWin526_CM3_OS_Keil.lib(f20_1.o)
    0x08025384   0x00000014   Data   RO         2524    .constdata          STemWin526_CM3_OS_Keil.lib(f20_1.o)
    0x08025398   0x00000014   Data   RO         2525    .constdata          STemWin526_CM3_OS_Keil.lib(f20_1.o)
    0x080253ac   0x00000028   Data   RO         2526    .constdata          STemWin526_CM3_OS_Keil.lib(f20_1.o)
    0x080253d4   0x00000028   Data   RO         2527    .constdata          STemWin526_CM3_OS_Keil.lib(f20_1.o)
    0x080253fc   0x00000028   Data   RO         2528    .constdata          STemWin526_CM3_OS_Keil.lib(f20_1.o)
    0x08025424   0x00000028   Data   RO         2529    .constdata          STemWin526_CM3_OS_Keil.lib(f20_1.o)
    0x0802544c   0x00000028   Data   RO         2530    .constdata          STemWin526_CM3_OS_Keil.lib(f20_1.o)
    0x08025474   0x00000028   Data   RO         2531    .constdata          STemWin526_CM3_OS_Keil.lib(f20_1.o)
    0x0802549c   0x00000028   Data   RO         2532    .constdata          STemWin526_CM3_OS_Keil.lib(f20_1.o)
    0x080254c4   0x00000028   Data   RO         2533    .constdata          STemWin526_CM3_OS_Keil.lib(f20_1.o)
    0x080254ec   0x00000028   Data   RO         2534    .constdata          STemWin526_CM3_OS_Keil.lib(f20_1.o)
    0x08025514   0x00000028   Data   RO         2535    .constdata          STemWin526_CM3_OS_Keil.lib(f20_1.o)
    0x0802553c   0x00000028   Data   RO         2536    .constdata          STemWin526_CM3_OS_Keil.lib(f20_1.o)
    0x08025564   0x00000028   Data   RO         2537    .constdata          STemWin526_CM3_OS_Keil.lib(f20_1.o)
    0x0802558c   0x00000028   Data   RO         2538    .constdata          STemWin526_CM3_OS_Keil.lib(f20_1.o)
    0x080255b4   0x00000028   Data   RO         2539    .constdata          STemWin526_CM3_OS_Keil.lib(f20_1.o)
    0x080255dc   0x00000028   Data   RO         2540    .constdata          STemWin526_CM3_OS_Keil.lib(f20_1.o)
    0x08025604   0x00000028   Data   RO         2541    .constdata          STemWin526_CM3_OS_Keil.lib(f20_1.o)
    0x0802562c   0x00000300   Data   RO         2542    .constdata          STemWin526_CM3_OS_Keil.lib(f20_1.o)
    0x0802592c   0x0000000c   Data   RO         2543    .constdata          STemWin526_CM3_OS_Keil.lib(f20_1.o)
    0x08025938   0x0000000c   Data   RO         2544    .constdata          STemWin526_CM3_OS_Keil.lib(f20_1.o)
    0x08025944   0x00000024   Data   RO         2545    .constdata          STemWin526_CM3_OS_Keil.lib(f20_1.o)
    0x08025968   0x00000020   Data   RO         2644    .constdata          STemWin526_CM3_OS_Keil.lib(f32_ascii.o)
    0x08025988   0x00000020   Data   RO         2645    .constdata          STemWin526_CM3_OS_Keil.lib(f32_ascii.o)
    0x080259a8   0x00000040   Data   RO         2646    .constdata          STemWin526_CM3_OS_Keil.lib(f32_ascii.o)
    0x080259e8   0x00000040   Data   RO         2647    .constdata          STemWin526_CM3_OS_Keil.lib(f32_ascii.o)
    0x08025a28   0x00000040   Data   RO         2648    .constdata          STemWin526_CM3_OS_Keil.lib(f32_ascii.o)
    0x08025a68   0x00000060   Data   RO         2649    .constdata          STemWin526_CM3_OS_Keil.lib(f32_ascii.o)
    0x08025ac8   0x00000060   Data   RO         2650    .constdata          STemWin526_CM3_OS_Keil.lib(f32_ascii.o)
    0x08025b28   0x00000020   Data   RO         2651    .constdata          STemWin526_CM3_OS_Keil.lib(f32_ascii.o)
    0x08025b48   0x00000040   Data   RO         2652    .constdata          STemWin526_CM3_OS_Keil.lib(f32_ascii.o)
    0x08025b88   0x00000040   Data   RO         2653    .constdata          STemWin526_CM3_OS_Keil.lib(f32_ascii.o)
    0x08025bc8   0x00000040   Data   RO         2654    .constdata          STemWin526_CM3_OS_Keil.lib(f32_ascii.o)
    0x08025c08   0x00000040   Data   RO         2655    .constdata          STemWin526_CM3_OS_Keil.lib(f32_ascii.o)
    0x08025c48   0x00000020   Data   RO         2656    .constdata          STemWin526_CM3_OS_Keil.lib(f32_ascii.o)
    0x08025c68   0x00000040   Data   RO         2657    .constdata          STemWin526_CM3_OS_Keil.lib(f32_ascii.o)
    0x08025ca8   0x00000020   Data   RO         2658    .constdata          STemWin526_CM3_OS_Keil.lib(f32_ascii.o)
    0x08025cc8   0x00000020   Data   RO         2659    .constdata          STemWin526_CM3_OS_Keil.lib(f32_ascii.o)
    0x08025ce8   0x00000040   Data   RO         2660    .constdata          STemWin526_CM3_OS_Keil.lib(f32_ascii.o)
    0x08025d28   0x00000040   Data   RO         2661    .constdata          STemWin526_CM3_OS_Keil.lib(f32_ascii.o)
    0x08025d68   0x00000040   Data   RO         2662    .constdata          STemWin526_CM3_OS_Keil.lib(f32_ascii.o)
    0x08025da8   0x00000040   Data   RO         2663    .constdata          STemWin526_CM3_OS_Keil.lib(f32_ascii.o)
    0x08025de8   0x00000040   Data   RO         2664    .constdata          STemWin526_CM3_OS_Keil.lib(f32_ascii.o)
    0x08025e28   0x00000040   Data   RO         2665    .constdata          STemWin526_CM3_OS_Keil.lib(f32_ascii.o)
    0x08025e68   0x00000040   Data   RO         2666    .constdata          STemWin526_CM3_OS_Keil.lib(f32_ascii.o)
    0x08025ea8   0x00000040   Data   RO         2667    .constdata          STemWin526_CM3_OS_Keil.lib(f32_ascii.o)
    0x08025ee8   0x00000040   Data   RO         2668    .constdata          STemWin526_CM3_OS_Keil.lib(f32_ascii.o)
    0x08025f28   0x00000040   Data   RO         2669    .constdata          STemWin526_CM3_OS_Keil.lib(f32_ascii.o)
    0x08025f68   0x00000020   Data   RO         2670    .constdata          STemWin526_CM3_OS_Keil.lib(f32_ascii.o)
    0x08025f88   0x00000020   Data   RO         2671    .constdata          STemWin526_CM3_OS_Keil.lib(f32_ascii.o)
    0x08025fa8   0x00000040   Data   RO         2672    .constdata          STemWin526_CM3_OS_Keil.lib(f32_ascii.o)
    0x08025fe8   0x00000040   Data   RO         2673    .constdata          STemWin526_CM3_OS_Keil.lib(f32_ascii.o)
    0x08026028   0x00000040   Data   RO         2674    .constdata          STemWin526_CM3_OS_Keil.lib(f32_ascii.o)
    0x08026068   0x00000040   Data   RO         2675    .constdata          STemWin526_CM3_OS_Keil.lib(f32_ascii.o)
    0x080260a8   0x00000080   Data   RO         2676    .constdata          STemWin526_CM3_OS_Keil.lib(f32_ascii.o)
    0x08026128   0x00000060   Data   RO         2677    .constdata          STemWin526_CM3_OS_Keil.lib(f32_ascii.o)
    0x08026188   0x00000060   Data   RO         2678    .constdata          STemWin526_CM3_OS_Keil.lib(f32_ascii.o)
    0x080261e8   0x00000060   Data   RO         2679    .constdata          STemWin526_CM3_OS_Keil.lib(f32_ascii.o)
    0x08026248   0x00000060   Data   RO         2680    .constdata          STemWin526_CM3_OS_Keil.lib(f32_ascii.o)
    0x080262a8   0x00000060   Data   RO         2681    .constdata          STemWin526_CM3_OS_Keil.lib(f32_ascii.o)
    0x08026308   0x00000060   Data   RO         2682    .constdata          STemWin526_CM3_OS_Keil.lib(f32_ascii.o)
    0x08026368   0x00000060   Data   RO         2683    .constdata          STemWin526_CM3_OS_Keil.lib(f32_ascii.o)
    0x080263c8   0x00000060   Data   RO         2684    .constdata          STemWin526_CM3_OS_Keil.lib(f32_ascii.o)
    0x08026428   0x00000020   Data   RO         2685    .constdata          STemWin526_CM3_OS_Keil.lib(f32_ascii.o)
    0x08026448   0x00000040   Data   RO         2686    .constdata          STemWin526_CM3_OS_Keil.lib(f32_ascii.o)
    0x08026488   0x00000060   Data   RO         2687    .constdata          STemWin526_CM3_OS_Keil.lib(f32_ascii.o)
    0x080264e8   0x00000040   Data   RO         2688    .constdata          STemWin526_CM3_OS_Keil.lib(f32_ascii.o)
    0x08026528   0x00000060   Data   RO         2689    .constdata          STemWin526_CM3_OS_Keil.lib(f32_ascii.o)
    0x08026588   0x00000060   Data   RO         2690    .constdata          STemWin526_CM3_OS_Keil.lib(f32_ascii.o)
    0x080265e8   0x00000060   Data   RO         2691    .constdata          STemWin526_CM3_OS_Keil.lib(f32_ascii.o)
    0x08026648   0x00000060   Data   RO         2692    .constdata          STemWin526_CM3_OS_Keil.lib(f32_ascii.o)
    0x080266a8   0x00000060   Data   RO         2693    .constdata          STemWin526_CM3_OS_Keil.lib(f32_ascii.o)
    0x08026708   0x00000060   Data   RO         2694    .constdata          STemWin526_CM3_OS_Keil.lib(f32_ascii.o)
    0x08026768   0x00000060   Data   RO         2695    .constdata          STemWin526_CM3_OS_Keil.lib(f32_ascii.o)
    0x080267c8   0x00000040   Data   RO         2696    .constdata          STemWin526_CM3_OS_Keil.lib(f32_ascii.o)
    0x08026808   0x00000060   Data   RO         2697    .constdata          STemWin526_CM3_OS_Keil.lib(f32_ascii.o)
    0x08026868   0x00000060   Data   RO         2698    .constdata          STemWin526_CM3_OS_Keil.lib(f32_ascii.o)
    0x080268c8   0x00000080   Data   RO         2699    .constdata          STemWin526_CM3_OS_Keil.lib(f32_ascii.o)
    0x08026948   0x00000060   Data   RO         2700    .constdata          STemWin526_CM3_OS_Keil.lib(f32_ascii.o)
    0x080269a8   0x00000060   Data   RO         2701    .constdata          STemWin526_CM3_OS_Keil.lib(f32_ascii.o)
    0x08026a08   0x00000060   Data   RO         2702    .constdata          STemWin526_CM3_OS_Keil.lib(f32_ascii.o)
    0x08026a68   0x00000020   Data   RO         2703    .constdata          STemWin526_CM3_OS_Keil.lib(f32_ascii.o)
    0x08026a88   0x00000020   Data   RO         2704    .constdata          STemWin526_CM3_OS_Keil.lib(f32_ascii.o)
    0x08026aa8   0x00000020   Data   RO         2705    .constdata          STemWin526_CM3_OS_Keil.lib(f32_ascii.o)
    0x08026ac8   0x00000040   Data   RO         2706    .constdata          STemWin526_CM3_OS_Keil.lib(f32_ascii.o)
    0x08026b08   0x00000040   Data   RO         2707    .constdata          STemWin526_CM3_OS_Keil.lib(f32_ascii.o)
    0x08026b48   0x00000040   Data   RO         2708    .constdata          STemWin526_CM3_OS_Keil.lib(f32_ascii.o)
    0x08026b88   0x00000040   Data   RO         2709    .constdata          STemWin526_CM3_OS_Keil.lib(f32_ascii.o)
    0x08026bc8   0x00000040   Data   RO         2710    .constdata          STemWin526_CM3_OS_Keil.lib(f32_ascii.o)
    0x08026c08   0x00000040   Data   RO         2711    .constdata          STemWin526_CM3_OS_Keil.lib(f32_ascii.o)
    0x08026c48   0x00000040   Data   RO         2712    .constdata          STemWin526_CM3_OS_Keil.lib(f32_ascii.o)
    0x08026c88   0x00000040   Data   RO         2713    .constdata          STemWin526_CM3_OS_Keil.lib(f32_ascii.o)
    0x08026cc8   0x00000020   Data   RO         2714    .constdata          STemWin526_CM3_OS_Keil.lib(f32_ascii.o)
    0x08026ce8   0x00000040   Data   RO         2715    .constdata          STemWin526_CM3_OS_Keil.lib(f32_ascii.o)
    0x08026d28   0x00000040   Data   RO         2716    .constdata          STemWin526_CM3_OS_Keil.lib(f32_ascii.o)
    0x08026d68   0x00000020   Data   RO         2717    .constdata          STemWin526_CM3_OS_Keil.lib(f32_ascii.o)
    0x08026d88   0x00000020   Data   RO         2718    .constdata          STemWin526_CM3_OS_Keil.lib(f32_ascii.o)
    0x08026da8   0x00000040   Data   RO         2719    .constdata          STemWin526_CM3_OS_Keil.lib(f32_ascii.o)
    0x08026de8   0x00000020   Data   RO         2720    .constdata          STemWin526_CM3_OS_Keil.lib(f32_ascii.o)
    0x08026e08   0x00000060   Data   RO         2721    .constdata          STemWin526_CM3_OS_Keil.lib(f32_ascii.o)
    0x08026e68   0x00000040   Data   RO         2722    .constdata          STemWin526_CM3_OS_Keil.lib(f32_ascii.o)
    0x08026ea8   0x00000040   Data   RO         2723    .constdata          STemWin526_CM3_OS_Keil.lib(f32_ascii.o)
    0x08026ee8   0x00000040   Data   RO         2724    .constdata          STemWin526_CM3_OS_Keil.lib(f32_ascii.o)
    0x08026f28   0x00000040   Data   RO         2725    .constdata          STemWin526_CM3_OS_Keil.lib(f32_ascii.o)
    0x08026f68   0x00000040   Data   RO         2726    .constdata          STemWin526_CM3_OS_Keil.lib(f32_ascii.o)
    0x08026fa8   0x00000040   Data   RO         2727    .constdata          STemWin526_CM3_OS_Keil.lib(f32_ascii.o)
    0x08026fe8   0x00000020   Data   RO         2728    .constdata          STemWin526_CM3_OS_Keil.lib(f32_ascii.o)
    0x08027008   0x00000040   Data   RO         2729    .constdata          STemWin526_CM3_OS_Keil.lib(f32_ascii.o)
    0x08027048   0x00000040   Data   RO         2730    .constdata          STemWin526_CM3_OS_Keil.lib(f32_ascii.o)
    0x08027088   0x00000060   Data   RO         2731    .constdata          STemWin526_CM3_OS_Keil.lib(f32_ascii.o)
    0x080270e8   0x00000040   Data   RO         2732    .constdata          STemWin526_CM3_OS_Keil.lib(f32_ascii.o)
    0x08027128   0x00000040   Data   RO         2733    .constdata          STemWin526_CM3_OS_Keil.lib(f32_ascii.o)
    0x08027168   0x00000040   Data   RO         2734    .constdata          STemWin526_CM3_OS_Keil.lib(f32_ascii.o)
    0x080271a8   0x00000040   Data   RO         2735    .constdata          STemWin526_CM3_OS_Keil.lib(f32_ascii.o)
    0x080271e8   0x00000020   Data   RO         2736    .constdata          STemWin526_CM3_OS_Keil.lib(f32_ascii.o)
    0x08027208   0x00000040   Data   RO         2737    .constdata          STemWin526_CM3_OS_Keil.lib(f32_ascii.o)
    0x08027248   0x00000040   Data   RO         2738    .constdata          STemWin526_CM3_OS_Keil.lib(f32_ascii.o)
    0x08027288   0x000002f8   Data   RO         2739    .constdata          STemWin526_CM3_OS_Keil.lib(f32_ascii.o)
    0x08027580   0x0000000c   Data   RO         2740    .constdata          STemWin526_CM3_OS_Keil.lib(f32_ascii.o)
    0x0802758c   0x00000024   Data   RO         2741    .constdata          STemWin526_CM3_OS_Keil.lib(f32_ascii.o)
    0x080275b0   0x00000074   Data   RO         2759    .constdata          STemWin526_CM3_OS_Keil.lib(guidev_16.o)
    0x08027624   0x00000020   Data   RO         2780    .constdata          STemWin526_CM3_OS_Keil.lib(gui__divtbl_31_255.o)
    0x08027644   0x00000040   Data   RO         2781    .constdata          STemWin526_CM3_OS_Keil.lib(gui__divtbl_63_255.o)
    0x08027684   0x00000100   Data   RO         2782    .constdata          STemWin526_CM3_OS_Keil.lib(gui__divtbl_255_31.o)
    0x08027784   0x00000100   Data   RO         2783    .constdata          STemWin526_CM3_OS_Keil.lib(gui__divtbl_255_63.o)
    0x08027884   0x00000100   Data   RO         3010    .constdata          STemWin526_CM3_OS_Keil.lib(lcd_mirror.o)
    0x08027984   0x00000010   Data   RO         3011    .constdata          STemWin526_CM3_OS_Keil.lib(f16b_ascii.o)
    0x08027994   0x00000010   Data   RO         3012    .constdata          STemWin526_CM3_OS_Keil.lib(f16b_ascii.o)
    0x080279a4   0x00000010   Data   RO         3013    .constdata          STemWin526_CM3_OS_Keil.lib(f16b_ascii.o)
    0x080279b4   0x00000010   Data   RO         3014    .constdata          STemWin526_CM3_OS_Keil.lib(f16b_ascii.o)
    0x080279c4   0x00000010   Data   RO         3015    .constdata          STemWin526_CM3_OS_Keil.lib(f16b_ascii.o)
    0x080279d4   0x00000020   Data   RO         3016    .constdata          STemWin526_CM3_OS_Keil.lib(f16b_ascii.o)
    0x080279f4   0x00000020   Data   RO         3017    .constdata          STemWin526_CM3_OS_Keil.lib(f16b_ascii.o)
    0x08027a14   0x00000010   Data   RO         3018    .constdata          STemWin526_CM3_OS_Keil.lib(f16b_ascii.o)
    0x08027a24   0x00000010   Data   RO         3019    .constdata          STemWin526_CM3_OS_Keil.lib(f16b_ascii.o)
    0x08027a34   0x00000010   Data   RO         3020    .constdata          STemWin526_CM3_OS_Keil.lib(f16b_ascii.o)
    0x08027a44   0x00000010   Data   RO         3021    .constdata          STemWin526_CM3_OS_Keil.lib(f16b_ascii.o)
    0x08027a54   0x00000010   Data   RO         3022    .constdata          STemWin526_CM3_OS_Keil.lib(f16b_ascii.o)
    0x08027a64   0x00000010   Data   RO         3023    .constdata          STemWin526_CM3_OS_Keil.lib(f16b_ascii.o)
    0x08027a74   0x00000010   Data   RO         3024    .constdata          STemWin526_CM3_OS_Keil.lib(f16b_ascii.o)
    0x08027a84   0x00000010   Data   RO         3025    .constdata          STemWin526_CM3_OS_Keil.lib(f16b_ascii.o)
    0x08027a94   0x00000010   Data   RO         3026    .constdata          STemWin526_CM3_OS_Keil.lib(f16b_ascii.o)
    0x08027aa4   0x00000010   Data   RO         3027    .constdata          STemWin526_CM3_OS_Keil.lib(f16b_ascii.o)
    0x08027ab4   0x00000010   Data   RO         3028    .constdata          STemWin526_CM3_OS_Keil.lib(f16b_ascii.o)
    0x08027ac4   0x00000010   Data   RO         3029    .constdata          STemWin526_CM3_OS_Keil.lib(f16b_ascii.o)
    0x08027ad4   0x00000010   Data   RO         3030    .constdata          STemWin526_CM3_OS_Keil.lib(f16b_ascii.o)
    0x08027ae4   0x00000010   Data   RO         3031    .constdata          STemWin526_CM3_OS_Keil.lib(f16b_ascii.o)
    0x08027af4   0x00000010   Data   RO         3032    .constdata          STemWin526_CM3_OS_Keil.lib(f16b_ascii.o)
    0x08027b04   0x00000010   Data   RO         3033    .constdata          STemWin526_CM3_OS_Keil.lib(f16b_ascii.o)
    0x08027b14   0x00000010   Data   RO         3034    .constdata          STemWin526_CM3_OS_Keil.lib(f16b_ascii.o)
    0x08027b24   0x00000010   Data   RO         3035    .constdata          STemWin526_CM3_OS_Keil.lib(f16b_ascii.o)
    0x08027b34   0x00000010   Data   RO         3036    .constdata          STemWin526_CM3_OS_Keil.lib(f16b_ascii.o)
    0x08027b44   0x00000010   Data   RO         3037    .constdata          STemWin526_CM3_OS_Keil.lib(f16b_ascii.o)
    0x08027b54   0x00000010   Data   RO         3038    .constdata          STemWin526_CM3_OS_Keil.lib(f16b_ascii.o)
    0x08027b64   0x00000010   Data   RO         3039    .constdata          STemWin526_CM3_OS_Keil.lib(f16b_ascii.o)
    0x08027b74   0x00000010   Data   RO         3040    .constdata          STemWin526_CM3_OS_Keil.lib(f16b_ascii.o)
    0x08027b84   0x00000010   Data   RO         3041    .constdata          STemWin526_CM3_OS_Keil.lib(f16b_ascii.o)
    0x08027b94   0x00000010   Data   RO         3042    .constdata          STemWin526_CM3_OS_Keil.lib(f16b_ascii.o)
    0x08027ba4   0x00000020   Data   RO         3043    .constdata          STemWin526_CM3_OS_Keil.lib(f16b_ascii.o)
    0x08027bc4   0x00000020   Data   RO         3044    .constdata          STemWin526_CM3_OS_Keil.lib(f16b_ascii.o)
    0x08027be4   0x00000020   Data   RO         3045    .constdata          STemWin526_CM3_OS_Keil.lib(f16b_ascii.o)
    0x08027c04   0x00000020   Data   RO         3046    .constdata          STemWin526_CM3_OS_Keil.lib(f16b_ascii.o)
    0x08027c24   0x00000020   Data   RO         3047    .constdata          STemWin526_CM3_OS_Keil.lib(f16b_ascii.o)
    0x08027c44   0x00000010   Data   RO         3048    .constdata          STemWin526_CM3_OS_Keil.lib(f16b_ascii.o)
    0x08027c54   0x00000010   Data   RO         3049    .constdata          STemWin526_CM3_OS_Keil.lib(f16b_ascii.o)
    0x08027c64   0x00000020   Data   RO         3050    .constdata          STemWin526_CM3_OS_Keil.lib(f16b_ascii.o)
    0x08027c84   0x00000020   Data   RO         3051    .constdata          STemWin526_CM3_OS_Keil.lib(f16b_ascii.o)
    0x08027ca4   0x00000010   Data   RO         3052    .constdata          STemWin526_CM3_OS_Keil.lib(f16b_ascii.o)
    0x08027cb4   0x00000010   Data   RO         3053    .constdata          STemWin526_CM3_OS_Keil.lib(f16b_ascii.o)
    0x08027cc4   0x00000020   Data   RO         3054    .constdata          STemWin526_CM3_OS_Keil.lib(f16b_ascii.o)
    0x08027ce4   0x00000010   Data   RO         3055    .constdata          STemWin526_CM3_OS_Keil.lib(f16b_ascii.o)
    0x08027cf4   0x00000020   Data   RO         3056    .constdata          STemWin526_CM3_OS_Keil.lib(f16b_ascii.o)
    0x08027d14   0x00000020   Data   RO         3057    .constdata          STemWin526_CM3_OS_Keil.lib(f16b_ascii.o)
    0x08027d34   0x00000020   Data   RO         3058    .constdata          STemWin526_CM3_OS_Keil.lib(f16b_ascii.o)
    0x08027d54   0x00000020   Data   RO         3059    .constdata          STemWin526_CM3_OS_Keil.lib(f16b_ascii.o)
    0x08027d74   0x00000020   Data   RO         3060    .constdata          STemWin526_CM3_OS_Keil.lib(f16b_ascii.o)
    0x08027d94   0x00000020   Data   RO         3061    .constdata          STemWin526_CM3_OS_Keil.lib(f16b_ascii.o)
    0x08027db4   0x00000020   Data   RO         3062    .constdata          STemWin526_CM3_OS_Keil.lib(f16b_ascii.o)
    0x08027dd4   0x00000010   Data   RO         3063    .constdata          STemWin526_CM3_OS_Keil.lib(f16b_ascii.o)
    0x08027de4   0x00000020   Data   RO         3064    .constdata          STemWin526_CM3_OS_Keil.lib(f16b_ascii.o)
    0x08027e04   0x00000020   Data   RO         3065    .constdata          STemWin526_CM3_OS_Keil.lib(f16b_ascii.o)
    0x08027e24   0x00000020   Data   RO         3066    .constdata          STemWin526_CM3_OS_Keil.lib(f16b_ascii.o)
    0x08027e44   0x00000020   Data   RO         3067    .constdata          STemWin526_CM3_OS_Keil.lib(f16b_ascii.o)
    0x08027e64   0x00000010   Data   RO         3068    .constdata          STemWin526_CM3_OS_Keil.lib(f16b_ascii.o)
    0x08027e74   0x00000010   Data   RO         3069    .constdata          STemWin526_CM3_OS_Keil.lib(f16b_ascii.o)
    0x08027e84   0x00000010   Data   RO         3070    .constdata          STemWin526_CM3_OS_Keil.lib(f16b_ascii.o)
    0x08027e94   0x00000010   Data   RO         3071    .constdata          STemWin526_CM3_OS_Keil.lib(f16b_ascii.o)
    0x08027ea4   0x00000010   Data   RO         3072    .constdata          STemWin526_CM3_OS_Keil.lib(f16b_ascii.o)
    0x08027eb4   0x00000010   Data   RO         3073    .constdata          STemWin526_CM3_OS_Keil.lib(f16b_ascii.o)
    0x08027ec4   0x00000010   Data   RO         3074    .constdata          STemWin526_CM3_OS_Keil.lib(f16b_ascii.o)
    0x08027ed4   0x00000010   Data   RO         3075    .constdata          STemWin526_CM3_OS_Keil.lib(f16b_ascii.o)
    0x08027ee4   0x00000010   Data   RO         3076    .constdata          STemWin526_CM3_OS_Keil.lib(f16b_ascii.o)
    0x08027ef4   0x00000010   Data   RO         3077    .constdata          STemWin526_CM3_OS_Keil.lib(f16b_ascii.o)
    0x08027f04   0x00000010   Data   RO         3078    .constdata          STemWin526_CM3_OS_Keil.lib(f16b_ascii.o)
    0x08027f14   0x00000010   Data   RO         3079    .constdata          STemWin526_CM3_OS_Keil.lib(f16b_ascii.o)
    0x08027f24   0x00000010   Data   RO         3080    .constdata          STemWin526_CM3_OS_Keil.lib(f16b_ascii.o)
    0x08027f34   0x00000010   Data   RO         3081    .constdata          STemWin526_CM3_OS_Keil.lib(f16b_ascii.o)
    0x08027f44   0x00000010   Data   RO         3082    .constdata          STemWin526_CM3_OS_Keil.lib(f16b_ascii.o)
    0x08027f54   0x00000010   Data   RO         3083    .constdata          STemWin526_CM3_OS_Keil.lib(f16b_ascii.o)
    0x08027f64   0x00000010   Data   RO         3084    .constdata          STemWin526_CM3_OS_Keil.lib(f16b_ascii.o)
    0x08027f74   0x00000010   Data   RO         3085    .constdata          STemWin526_CM3_OS_Keil.lib(f16b_ascii.o)
    0x08027f84   0x00000010   Data   RO         3086    .constdata          STemWin526_CM3_OS_Keil.lib(f16b_ascii.o)
    0x08027f94   0x00000010   Data   RO         3087    .constdata          STemWin526_CM3_OS_Keil.lib(f16b_ascii.o)
    0x08027fa4   0x00000020   Data   RO         3088    .constdata          STemWin526_CM3_OS_Keil.lib(f16b_ascii.o)
    0x08027fc4   0x00000010   Data   RO         3089    .constdata          STemWin526_CM3_OS_Keil.lib(f16b_ascii.o)
    0x08027fd4   0x00000010   Data   RO         3090    .constdata          STemWin526_CM3_OS_Keil.lib(f16b_ascii.o)
    0x08027fe4   0x00000010   Data   RO         3091    .constdata          STemWin526_CM3_OS_Keil.lib(f16b_ascii.o)
    0x08027ff4   0x00000010   Data   RO         3092    .constdata          STemWin526_CM3_OS_Keil.lib(f16b_ascii.o)
    0x08028004   0x00000010   Data   RO         3093    .constdata          STemWin526_CM3_OS_Keil.lib(f16b_ascii.o)
    0x08028014   0x00000010   Data   RO         3094    .constdata          STemWin526_CM3_OS_Keil.lib(f16b_ascii.o)
    0x08028024   0x00000010   Data   RO         3095    .constdata          STemWin526_CM3_OS_Keil.lib(f16b_ascii.o)
    0x08028034   0x00000010   Data   RO         3096    .constdata          STemWin526_CM3_OS_Keil.lib(f16b_ascii.o)
    0x08028044   0x00000010   Data   RO         3097    .constdata          STemWin526_CM3_OS_Keil.lib(f16b_ascii.o)
    0x08028054   0x00000020   Data   RO         3098    .constdata          STemWin526_CM3_OS_Keil.lib(f16b_ascii.o)
    0x08028074   0x00000010   Data   RO         3099    .constdata          STemWin526_CM3_OS_Keil.lib(f16b_ascii.o)
    0x08028084   0x00000010   Data   RO         3100    .constdata          STemWin526_CM3_OS_Keil.lib(f16b_ascii.o)
    0x08028094   0x00000010   Data   RO         3101    .constdata          STemWin526_CM3_OS_Keil.lib(f16b_ascii.o)
    0x080280a4   0x00000010   Data   RO         3102    .constdata          STemWin526_CM3_OS_Keil.lib(f16b_ascii.o)
    0x080280b4   0x00000010   Data   RO         3103    .constdata          STemWin526_CM3_OS_Keil.lib(f16b_ascii.o)
    0x080280c4   0x00000010   Data   RO         3104    .constdata          STemWin526_CM3_OS_Keil.lib(f16b_ascii.o)
    0x080280d4   0x00000010   Data   RO         3105    .constdata          STemWin526_CM3_OS_Keil.lib(f16b_ascii.o)
    0x080280e4   0x000002f8   Data   RO         3106    .constdata          STemWin526_CM3_OS_Keil.lib(f16b_ascii.o)
    0x080283dc   0x00000014   Data   RO         3109    .constdata          STemWin526_CM3_OS_Keil.lib(f20_ascii.o)
    0x080283f0   0x00000014   Data   RO         3110    .constdata          STemWin526_CM3_OS_Keil.lib(f20_ascii.o)
    0x08028404   0x00000014   Data   RO         3111    .constdata          STemWin526_CM3_OS_Keil.lib(f20_ascii.o)
    0x08028418   0x00000028   Data   RO         3112    .constdata          STemWin526_CM3_OS_Keil.lib(f20_ascii.o)
    0x08028440   0x00000028   Data   RO         3113    .constdata          STemWin526_CM3_OS_Keil.lib(f20_ascii.o)
    0x08028468   0x00000028   Data   RO         3114    .constdata          STemWin526_CM3_OS_Keil.lib(f20_ascii.o)
    0x08028490   0x00000028   Data   RO         3115    .constdata          STemWin526_CM3_OS_Keil.lib(f20_ascii.o)
    0x080284b8   0x00000014   Data   RO         3116    .constdata          STemWin526_CM3_OS_Keil.lib(f20_ascii.o)
    0x080284cc   0x00000014   Data   RO         3117    .constdata          STemWin526_CM3_OS_Keil.lib(f20_ascii.o)
    0x080284e0   0x00000014   Data   RO         3118    .constdata          STemWin526_CM3_OS_Keil.lib(f20_ascii.o)
    0x080284f4   0x00000014   Data   RO         3119    .constdata          STemWin526_CM3_OS_Keil.lib(f20_ascii.o)
    0x08028508   0x00000028   Data   RO         3120    .constdata          STemWin526_CM3_OS_Keil.lib(f20_ascii.o)
    0x08028530   0x00000014   Data   RO         3121    .constdata          STemWin526_CM3_OS_Keil.lib(f20_ascii.o)
    0x08028544   0x00000014   Data   RO         3122    .constdata          STemWin526_CM3_OS_Keil.lib(f20_ascii.o)
    0x08028558   0x00000014   Data   RO         3123    .constdata          STemWin526_CM3_OS_Keil.lib(f20_ascii.o)
    0x0802856c   0x00000014   Data   RO         3124    .constdata          STemWin526_CM3_OS_Keil.lib(f20_ascii.o)
    0x08028580   0x00000028   Data   RO         3125    .constdata          STemWin526_CM3_OS_Keil.lib(f20_ascii.o)
    0x080285a8   0x00000028   Data   RO         3126    .constdata          STemWin526_CM3_OS_Keil.lib(f20_ascii.o)
    0x080285d0   0x00000028   Data   RO         3127    .constdata          STemWin526_CM3_OS_Keil.lib(f20_ascii.o)
    0x080285f8   0x00000028   Data   RO         3128    .constdata          STemWin526_CM3_OS_Keil.lib(f20_ascii.o)
    0x08028620   0x00000028   Data   RO         3129    .constdata          STemWin526_CM3_OS_Keil.lib(f20_ascii.o)
    0x08028648   0x00000028   Data   RO         3130    .constdata          STemWin526_CM3_OS_Keil.lib(f20_ascii.o)
    0x08028670   0x00000028   Data   RO         3131    .constdata          STemWin526_CM3_OS_Keil.lib(f20_ascii.o)
    0x08028698   0x00000028   Data   RO         3132    .constdata          STemWin526_CM3_OS_Keil.lib(f20_ascii.o)
    0x080286c0   0x00000028   Data   RO         3133    .constdata          STemWin526_CM3_OS_Keil.lib(f20_ascii.o)
    0x080286e8   0x00000028   Data   RO         3134    .constdata          STemWin526_CM3_OS_Keil.lib(f20_ascii.o)
    0x08028710   0x00000014   Data   RO         3135    .constdata          STemWin526_CM3_OS_Keil.lib(f20_ascii.o)
    0x08028724   0x00000014   Data   RO         3136    .constdata          STemWin526_CM3_OS_Keil.lib(f20_ascii.o)
    0x08028738   0x00000028   Data   RO         3137    .constdata          STemWin526_CM3_OS_Keil.lib(f20_ascii.o)
    0x08028760   0x00000028   Data   RO         3138    .constdata          STemWin526_CM3_OS_Keil.lib(f20_ascii.o)
    0x08028788   0x00000028   Data   RO         3139    .constdata          STemWin526_CM3_OS_Keil.lib(f20_ascii.o)
    0x080287b0   0x00000028   Data   RO         3140    .constdata          STemWin526_CM3_OS_Keil.lib(f20_ascii.o)
    0x080287d8   0x0000003c   Data   RO         3141    .constdata          STemWin526_CM3_OS_Keil.lib(f20_ascii.o)
    0x08028814   0x00000028   Data   RO         3142    .constdata          STemWin526_CM3_OS_Keil.lib(f20_ascii.o)
    0x0802883c   0x00000028   Data   RO         3143    .constdata          STemWin526_CM3_OS_Keil.lib(f20_ascii.o)
    0x08028864   0x00000028   Data   RO         3144    .constdata          STemWin526_CM3_OS_Keil.lib(f20_ascii.o)
    0x0802888c   0x00000028   Data   RO         3145    .constdata          STemWin526_CM3_OS_Keil.lib(f20_ascii.o)
    0x080288b4   0x00000028   Data   RO         3146    .constdata          STemWin526_CM3_OS_Keil.lib(f20_ascii.o)
    0x080288dc   0x00000028   Data   RO         3147    .constdata          STemWin526_CM3_OS_Keil.lib(f20_ascii.o)
    0x08028904   0x00000028   Data   RO         3148    .constdata          STemWin526_CM3_OS_Keil.lib(f20_ascii.o)
    0x0802892c   0x00000028   Data   RO         3149    .constdata          STemWin526_CM3_OS_Keil.lib(f20_ascii.o)
    0x08028954   0x00000014   Data   RO         3150    .constdata          STemWin526_CM3_OS_Keil.lib(f20_ascii.o)
    0x08028968   0x00000028   Data   RO         3151    .constdata          STemWin526_CM3_OS_Keil.lib(f20_ascii.o)
    0x08028990   0x00000028   Data   RO         3152    .constdata          STemWin526_CM3_OS_Keil.lib(f20_ascii.o)
    0x080289b8   0x00000028   Data   RO         3153    .constdata          STemWin526_CM3_OS_Keil.lib(f20_ascii.o)
    0x080289e0   0x00000028   Data   RO         3154    .constdata          STemWin526_CM3_OS_Keil.lib(f20_ascii.o)
    0x08028a08   0x00000028   Data   RO         3155    .constdata          STemWin526_CM3_OS_Keil.lib(f20_ascii.o)
    0x08028a30   0x00000028   Data   RO         3156    .constdata          STemWin526_CM3_OS_Keil.lib(f20_ascii.o)
    0x08028a58   0x00000028   Data   RO         3157    .constdata          STemWin526_CM3_OS_Keil.lib(f20_ascii.o)
    0x08028a80   0x00000028   Data   RO         3158    .constdata          STemWin526_CM3_OS_Keil.lib(f20_ascii.o)
    0x08028aa8   0x00000028   Data   RO         3159    .constdata          STemWin526_CM3_OS_Keil.lib(f20_ascii.o)
    0x08028ad0   0x00000028   Data   RO         3160    .constdata          STemWin526_CM3_OS_Keil.lib(f20_ascii.o)
    0x08028af8   0x00000028   Data   RO         3161    .constdata          STemWin526_CM3_OS_Keil.lib(f20_ascii.o)
    0x08028b20   0x00000028   Data   RO         3162    .constdata          STemWin526_CM3_OS_Keil.lib(f20_ascii.o)
    0x08028b48   0x00000028   Data   RO         3163    .constdata          STemWin526_CM3_OS_Keil.lib(f20_ascii.o)
    0x08028b70   0x0000003c   Data   RO         3164    .constdata          STemWin526_CM3_OS_Keil.lib(f20_ascii.o)
    0x08028bac   0x00000028   Data   RO         3165    .constdata          STemWin526_CM3_OS_Keil.lib(f20_ascii.o)
    0x08028bd4   0x00000028   Data   RO         3166    .constdata          STemWin526_CM3_OS_Keil.lib(f20_ascii.o)
    0x08028bfc   0x00000028   Data   RO         3167    .constdata          STemWin526_CM3_OS_Keil.lib(f20_ascii.o)
    0x08028c24   0x00000014   Data   RO         3168    .constdata          STemWin526_CM3_OS_Keil.lib(f20_ascii.o)
    0x08028c38   0x00000014   Data   RO         3169    .constdata          STemWin526_CM3_OS_Keil.lib(f20_ascii.o)
    0x08028c4c   0x00000014   Data   RO         3170    .constdata          STemWin526_CM3_OS_Keil.lib(f20_ascii.o)
    0x08028c60   0x00000014   Data   RO         3171    .constdata          STemWin526_CM3_OS_Keil.lib(f20_ascii.o)
    0x08028c74   0x00000028   Data   RO         3172    .constdata          STemWin526_CM3_OS_Keil.lib(f20_ascii.o)
    0x08028c9c   0x00000014   Data   RO         3173    .constdata          STemWin526_CM3_OS_Keil.lib(f20_ascii.o)
    0x08028cb0   0x00000028   Data   RO         3174    .constdata          STemWin526_CM3_OS_Keil.lib(f20_ascii.o)
    0x08028cd8   0x00000028   Data   RO         3175    .constdata          STemWin526_CM3_OS_Keil.lib(f20_ascii.o)
    0x08028d00   0x00000028   Data   RO         3176    .constdata          STemWin526_CM3_OS_Keil.lib(f20_ascii.o)
    0x08028d28   0x00000028   Data   RO         3177    .constdata          STemWin526_CM3_OS_Keil.lib(f20_ascii.o)
    0x08028d50   0x00000028   Data   RO         3178    .constdata          STemWin526_CM3_OS_Keil.lib(f20_ascii.o)
    0x08028d78   0x00000014   Data   RO         3179    .constdata          STemWin526_CM3_OS_Keil.lib(f20_ascii.o)
    0x08028d8c   0x00000028   Data   RO         3180    .constdata          STemWin526_CM3_OS_Keil.lib(f20_ascii.o)
    0x08028db4   0x00000028   Data   RO         3181    .constdata          STemWin526_CM3_OS_Keil.lib(f20_ascii.o)
    0x08028ddc   0x00000014   Data   RO         3182    .constdata          STemWin526_CM3_OS_Keil.lib(f20_ascii.o)
    0x08028df0   0x00000014   Data   RO         3183    .constdata          STemWin526_CM3_OS_Keil.lib(f20_ascii.o)
    0x08028e04   0x00000028   Data   RO         3184    .constdata          STemWin526_CM3_OS_Keil.lib(f20_ascii.o)
    0x08028e2c   0x00000014   Data   RO         3185    .constdata          STemWin526_CM3_OS_Keil.lib(f20_ascii.o)
    0x08028e40   0x00000028   Data   RO         3186    .constdata          STemWin526_CM3_OS_Keil.lib(f20_ascii.o)
    0x08028e68   0x00000028   Data   RO         3187    .constdata          STemWin526_CM3_OS_Keil.lib(f20_ascii.o)
    0x08028e90   0x00000028   Data   RO         3188    .constdata          STemWin526_CM3_OS_Keil.lib(f20_ascii.o)
    0x08028eb8   0x00000028   Data   RO         3189    .constdata          STemWin526_CM3_OS_Keil.lib(f20_ascii.o)
    0x08028ee0   0x00000028   Data   RO         3190    .constdata          STemWin526_CM3_OS_Keil.lib(f20_ascii.o)
    0x08028f08   0x00000014   Data   RO         3191    .constdata          STemWin526_CM3_OS_Keil.lib(f20_ascii.o)
    0x08028f1c   0x00000028   Data   RO         3192    .constdata          STemWin526_CM3_OS_Keil.lib(f20_ascii.o)
    0x08028f44   0x00000014   Data   RO         3193    .constdata          STemWin526_CM3_OS_Keil.lib(f20_ascii.o)
    0x08028f58   0x00000028   Data   RO         3194    .constdata          STemWin526_CM3_OS_Keil.lib(f20_ascii.o)
    0x08028f80   0x00000028   Data   RO         3195    .constdata          STemWin526_CM3_OS_Keil.lib(f20_ascii.o)
    0x08028fa8   0x00000028   Data   RO         3196    .constdata          STemWin526_CM3_OS_Keil.lib(f20_ascii.o)
    0x08028fd0   0x00000014   Data   RO         3197    .constdata          STemWin526_CM3_OS_Keil.lib(f20_ascii.o)
    0x08028fe4   0x00000028   Data   RO         3198    .constdata          STemWin526_CM3_OS_Keil.lib(f20_ascii.o)
    0x0802900c   0x00000014   Data   RO         3199    .constdata          STemWin526_CM3_OS_Keil.lib(f20_ascii.o)
    0x08029020   0x00000014   Data   RO         3200    .constdata          STemWin526_CM3_OS_Keil.lib(f20_ascii.o)
    0x08029034   0x00000014   Data   RO         3201    .constdata          STemWin526_CM3_OS_Keil.lib(f20_ascii.o)
    0x08029048   0x00000014   Data   RO         3202    .constdata          STemWin526_CM3_OS_Keil.lib(f20_ascii.o)
    0x0802905c   0x00000028   Data   RO         3203    .constdata          STemWin526_CM3_OS_Keil.lib(f20_ascii.o)
    0x08029084   0x000002f8   Data   RO         3204    .constdata          STemWin526_CM3_OS_Keil.lib(f20_ascii.o)
    0x0802937c   0x00000008   Data   RO         3218    .constdata          STemWin526_CM3_OS_Keil.lib(guidev_writetoactiveopaque.o)
    0x08029384   0x00000018   Data   RO         3573    .constdata          STemWin526_CM3_OS_Keil.lib(guicc_0.o)
    0x0802939c   0x00000018   Data   RO         3846    .constdata          STemWin526_CM3_OS_Keil.lib(guicc_8888.o)
    0x080293b4   0x00000074   Data   RO         3884    .constdata          STemWin526_CM3_OS_Keil.lib(guidev_32.o)
    0x08029428   0x00000018   Data   RO         3920    .constdata          STemWin526_CM3_OS_Keil.lib(guidev_usagebm.o)
    0x08029440   0x00000028   Data   RO         3996    .constdata          c_w.l(_printf_hex_int.o)
    0x08029468   0x00000011   Data   RO         4031    .constdata          c_w.l(__printf_flags_ss_wp.o)
    0x08029479   0x00000003   PAD
    0x0802947c   0x00000079   Data   RO          583    .conststring        touch.o
    0x080294f5   0x00000003   PAD
    0x080294f8   0x00000064   Data   RO         1415    .conststring        exfuns.o
    0x0802955c   0x0000006d   Data   RO         1477    .conststring        fontupd.o
    0x080295c9   0x00000003   PAD
    0x080295cc   0x00000002   Data   RO         1654    .conststring        gui_fonthz12.o
    0x080295ce   0x00000002   PAD
    0x080295d0   0x00000028   Data   RO         1737    .conststring        usmart.o
    0x080295f8   0x0000029d   Data   RO         1753    .conststring        usmart_config.o
    0x08029895   0x00000003   PAD
    0x08029898   0x00000020   Data   RO         4325    Region$$Table       anon$$obj.o


    Execution Region RW_IRAM1 (Base: 0x20000000, Size: 0x0000bf20, Max: 0x0000c000, ABSOLUTE, COMPRESSED[0x000001a0])

    Base Addr    Size         Type   Attr      Idx    E Section Name        Object

    0x20000000   0x00000014   Data   RW          397    .data               system_stm32f10x.o
    0x20000014   0x00000001   Data   RW          427    .data               key.o
    0x20000015   0x00000001   PAD
    0x20000016   0x00000004   Data   RW          442    .data               ili93xx.o
    0x2000001a   0x00000001   Data   RW          547    .data               gt9147.o
    0x2000001b   0x00000001   Data   RW          566    .data               ott2001a.o
    0x2000001c   0x0000003c   Data   RW          584    .data               touch.o
    0x20000058   0x00000002   Data   RW          616    .data               flash.o
    0x2000005a   0x00000001   Data   RW          635    .data               mmc_sd.o
    0x2000005b   0x00000001   PAD
    0x2000005c   0x00000004   Data   RW          654    .data               delay.o
    0x20000060   0x00000002   Data   RW          694    .data               usart.o
    0x20000062   0x00000002   PAD
    0x20000064   0x00000004   Data   RW          695    .data               usart.o
    0x20000068   0x00000014   Data   RW          739    .data               malloc.o
    0x2000007c   0x00000014   Data   RW          809    .data               stm32f10x_rcc.o
    0x20000090   0x00000004   Data   RW          936    .data               lib_mem.o
    0x20000094   0x00000004   Data   RW          993    .data               cpu_core.o
    0x20000098   0x00000008   Data   RW         1147    .data               os_prio.o
    0x200000a0   0x00000004   Data   RW         1259    .data               os_var.o
    0x200000a4   0x00000004   Data   RW         1260    .data               os_var.o
    0x200000a8   0x00000004   Data   RW         1261    .data               os_var.o
    0x200000ac   0x00000004   Data   RW         1262    .data               os_var.o
    0x200000b0   0x00000004   Data   RW         1263    .data               os_var.o
    0x200000b4   0x00000004   Data   RW         1264    .data               os_var.o
    0x200000b8   0x00000004   Data   RW         1265    .data               os_var.o
    0x200000bc   0x00000004   Data   RW         1266    .data               os_var.o
    0x200000c0   0x00000001   Data   RW         1267    .data               os_var.o
    0x200000c1   0x00000001   Data   RW         1268    .data               os_var.o
    0x200000c2   0x00000002   PAD
    0x200000c4   0x00000004   Data   RW         1269    .data               os_var.o
    0x200000c8   0x00000004   Data   RW         1270    .data               os_var.o
    0x200000cc   0x00000002   Data   RW         1271    .data               os_var.o
    0x200000ce   0x00000002   Data   RW         1272    .data               os_var.o
    0x200000d0   0x00000002   Data   RW         1273    .data               os_var.o
    0x200000d2   0x00000002   PAD
    0x200000d4   0x00000004   Data   RW         1274    .data               os_var.o
    0x200000d8   0x00000004   Data   RW         1275    .data               os_var.o
    0x200000dc   0x00000002   Data   RW         1276    .data               os_var.o
    0x200000de   0x00000002   PAD
    0x200000e0   0x00000004   Data   RW         1277    .data               os_var.o
    0x200000e4   0x00000002   Data   RW         1278    .data               os_var.o
    0x200000e6   0x00000002   PAD
    0x200000e8   0x00000004   Data   RW         1279    .data               os_var.o
    0x200000ec   0x00000002   Data   RW         1280    .data               os_var.o
    0x200000ee   0x00000001   Data   RW         1281    .data               os_var.o
    0x200000ef   0x00000001   Data   RW         1282    .data               os_var.o
    0x200000f0   0x00000001   Data   RW         1283    .data               os_var.o
    0x200000f1   0x00000003   PAD
    0x200000f4   0x00000004   Data   RW         1284    .data               os_var.o
    0x200000f8   0x00000002   Data   RW         1285    .data               os_var.o
    0x200000fa   0x00000002   PAD
    0x200000fc   0x00000004   Data   RW         1286    .data               os_var.o
    0x20000100   0x00000004   Data   RW         1287    .data               os_var.o
    0x20000104   0x00000004   Data   RW         1288    .data               os_var.o
    0x20000108   0x00000001   Data   RW         1289    .data               os_var.o
    0x20000109   0x00000003   PAD
    0x2000010c   0x00000004   Data   RW         1290    .data               os_var.o
    0x20000110   0x00000001   Data   RW         1291    .data               os_var.o
    0x20000111   0x00000003   PAD
    0x20000114   0x00000004   Data   RW         1292    .data               os_var.o
    0x20000118   0x00000002   Data   RW         1293    .data               os_var.o
    0x2000011a   0x00000001   Data   RW         1294    .data               os_var.o
    0x2000011b   0x00000001   PAD
    0x2000011c   0x00000002   Data   RW         1295    .data               os_var.o
    0x2000011e   0x00000002   Data   RW         1296    .data               os_var.o
    0x20000120   0x00000004   Data   RW         1297    .data               os_var.o
    0x20000124   0x00000004   Data   RW         1298    .data               os_var.o
    0x20000128   0x00000004   Data   RW         1299    .data               os_var.o
    0x2000012c   0x00000001   Data   RW         1300    .data               os_var.o
    0x2000012d   0x00000003   PAD
    0x20000130   0x00000004   Data   RW         1301    .data               os_var.o
    0x20000134   0x00000004   Data   RW         1302    .data               os_var.o
    0x20000138   0x00000004   Data   RW         1303    .data               os_var.o
    0x2000013c   0x00000002   Data   RW         1304    .data               os_var.o
    0x2000013e   0x00000001   Data   RW         1305    .data               os_var.o
    0x2000013f   0x00000001   PAD
    0x20000140   0x00000004   Data   RW         1306    .data               os_var.o
    0x20000144   0x00000004   Data   RW         1307    .data               os_var.o
    0x20000148   0x00000004   Data   RW         1308    .data               os_var.o
    0x2000014c   0x00000002   Data   RW         1309    .data               os_var.o
    0x2000014e   0x00000002   PAD
    0x20000150   0x00000004   Data   RW         1310    .data               os_var.o
    0x20000154   0x00000004   Data   RW         1311    .data               os_var.o
    0x20000158   0x00000004   Data   RW         1312    .data               os_var.o
    0x2000015c   0x00000004   Data   RW         1313    .data               os_var.o
    0x20000160   0x00000004   Data   RW         1314    .data               os_var.o
    0x20000164   0x00000004   Data   RW         1315    .data               os_var.o
    0x20000168   0x00000004   Data   RW         1332    .data               os_cpu_c.o
    0x2000016c   0x0000000c   Data   RW         1366    .data               ff.o
    0x20000178   0x00000002   Data   RW         1390    .data               diskio.o
    0x2000017a   0x00000002   PAD
    0x2000017c   0x0000014c   Data   RW         1416    .data               exfuns.o
    0x200002c8   0x00000010   Data   RW         1478    .data               fontupd.o
    0x200002d8   0x00000014   Data   RW         1509    .data               gui_x_ucosiii.o
    0x200002ec   0x00000004   Data   RW         1632    .data               bmpdisplay.o
    0x200002f0   0x0000001c   Data   RW         1738    .data               usmart.o
    0x2000030c   0x00000080   Data   RW         1754    .data               usmart_config.o
    0x2000038c   0x000000f4   Data   RW         1755    .data               usmart_config.o
    0x20000480   0x00000008   Data   RW         1847    .data               STemWin526_CM3_OS_Keil.lib(gui_alloc.o)
    0x20000488   0x00000014   Data   RW         1911    .data               STemWin526_CM3_OS_Keil.lib(gui_bmp.o)
    0x2000049c   0x0000002c   Data   RW         1995    .data               STemWin526_CM3_OS_Keil.lib(gui_core.o)
    0x200004c8   0x00000004   Data   RW         1996    .data               STemWin526_CM3_OS_Keil.lib(gui_core.o)
    0x200004cc   0x00000004   Data   RW         1997    .data               STemWin526_CM3_OS_Keil.lib(gui_core.o)
    0x200004d0   0x00000004   Data   RW         1998    .data               STemWin526_CM3_OS_Keil.lib(gui_core.o)
    0x200004d4   0x00000004   Data   RW         1999    .data               STemWin526_CM3_OS_Keil.lib(gui_core.o)
    0x200004d8   0x00000004   Data   RW         2000    .data               STemWin526_CM3_OS_Keil.lib(gui_core.o)
    0x200004dc   0x00000002   Data   RW         2001    .data               STemWin526_CM3_OS_Keil.lib(gui_core.o)
    0x200004de   0x00000002   PAD
    0x200004e0   0x00000004   Data   RW         2002    .data               STemWin526_CM3_OS_Keil.lib(gui_core.o)
    0x200004e4   0x00000002   Data   RW         2003    .data               STemWin526_CM3_OS_Keil.lib(gui_core.o)
    0x200004e6   0x00000002   Data   RW         2004    .data               STemWin526_CM3_OS_Keil.lib(gui_core.o)
    0x200004e8   0x00000008   Data   RW         2115    .data               STemWin526_CM3_OS_Keil.lib(gui_pid.o)
    0x200004f0   0x00000030   Data   RW         2148    .data               STemWin526_CM3_OS_Keil.lib(gui_touch_driveranalog.o)
    0x20000520   0x00000008   Data   RW         2167    .data               STemWin526_CM3_OS_Keil.lib(guicc_m565.o)
    0x20000528   0x00000004   Data   RW         2193    .data               STemWin526_CM3_OS_Keil.lib(lcd.o)
    0x2000052c   0x00000004   Data   RW         2760    .data               STemWin526_CM3_OS_Keil.lib(guidev_16.o)
    0x20000530   0x00000004   Data   RW         2826    .data               STemWin526_CM3_OS_Keil.lib(gui_fillpolygon.o)
    0x20000534   0x00000008   Data   RW         2855    .data               STemWin526_CM3_OS_Keil.lib(gui_selectlayer.o)
    0x2000053c   0x00000020   Data   RW         2899    .data               STemWin526_CM3_OS_Keil.lib(gui_setalpha.o)
    0x2000055c   0x0000001c   Data   RW         2946    .data               STemWin526_CM3_OS_Keil.lib(gui_task.o)
    0x20000578   0x00000008   Data   RW         2956    .data               STemWin526_CM3_OS_Keil.lib(gui_touch_storeunstable.o)
    0x20000580   0x0000000c   Data   RW         2965    .data               STemWin526_CM3_OS_Keil.lib(gui_waitevent.o)
    0x2000058c   0x00000010   Data   RW         2992    .data               STemWin526_CM3_OS_Keil.lib(lcd_color.o)
    0x2000059c   0x00000060   Data   RW         3280    .data               STemWin526_CM3_OS_Keil.lib(wm.o)
    0x200005fc   0x00000001   Data   RW         3281    .data               STemWin526_CM3_OS_Keil.lib(wm.o)
    0x200005fd   0x00000003   PAD
    0x20000600   0x0000000c   Data   RW         3347    .data               STemWin526_CM3_OS_Keil.lib(wm_touch.o)
    0x2000060c   0x00000028   Data   RW         3365    .data               STemWin526_CM3_OS_Keil.lib(gui__alpha.o)
    0x20000634   0x00000014   Data   RW         3392    .data               STemWin526_CM3_OS_Keil.lib(gui__managecache.o)
    0x20000648   0x00000004   Data   RW         3417    .data               STemWin526_CM3_OS_Keil.lib(gui_charline.o)
    0x2000064c   0x0000000c   Data   RW         3490    .data               STemWin526_CM3_OS_Keil.lib(gui_onkey.o)
    0x20000658   0x00000014   Data   RW         3530    .data               STemWin526_CM3_OS_Keil.lib(gui_timer.o)
    0x2000066c   0x00000004   Data   RW         3587    .data               STemWin526_CM3_OS_Keil.lib(lcd_aa.o)
    0x20000670   0x00000004   Data   RW         3637    .data               STemWin526_CM3_OS_Keil.lib(guidev_banding.o)
    0x20000674   0x00000001   Data   RW         3658    .data               STemWin526_CM3_OS_Keil.lib(guidev_staticdevices.o)
    0x20000675   0x00000003   PAD
    0x20000678   0x00000004   Data   RW         3675    .data               STemWin526_CM3_OS_Keil.lib(wm__sendmessage.o)
    0x2000067c   0x00001910   Zero   RW            2    .bss                main.o
    0x20001f8c   0x0000000e   Zero   RW          440    .bss                ili93xx.o
    0x20001f9a   0x00000012   Zero   RW          512    .bss                spi.o
    0x20001fac   0x00001000   Zero   RW          615    .bss                flash.o
    0x20002fac   0x000000c8   Zero   RW          693    .bss                usart.o
    0x20003074   0x00005000   Zero   RW          734    .bss                malloc.o
    0x20008074   0x00000500   Zero   RW          735    .bss                malloc.o
    0x20008574   0x00000448   Zero   RW          935    .bss                lib_mem.o
    0x200089bc   0x00000010   Zero   RW          990    .bss                cpu_core.o
    0x200089cc   0x00000200   Zero   RW         1018    .bss                os_cfg_app.o
    0x20008bcc   0x00000140   Zero   RW         1019    .bss                os_cfg_app.o
    0x20008d0c   0x00000200   Zero   RW         1020    .bss                os_cfg_app.o
    0x20008f0c   0x00000200   Zero   RW         1021    .bss                os_cfg_app.o
    0x2000910c   0x00000640   Zero   RW         1022    .bss                os_cfg_app.o
    0x2000974c   0x00000200   Zero   RW         1023    .bss                os_cfg_app.o
    0x2000994c   0x00000200   Zero   RW         1024    .bss                os_cfg_app.o
    0x20009b4c   0x00000088   Zero   RW         1025    .bss                os_cfg_app.o
    0x20009bd4   0x00000200   Zero   RW         1026    .bss                os_cfg_app.o
    0x20009dd4   0x00000088   Zero   RW         1027    .bss                os_cfg_app.o
    0x20009e5c   0x000000c4   Zero   RW         1252    .bss                os_var.o
    0x20009f20   0x000000c4   Zero   RW         1253    .bss                os_var.o
    0x20009fe4   0x0000000c   Zero   RW         1254    .bss                os_var.o
    0x20009ff0   0x00000300   Zero   RW         1255    .bss                os_var.o
    0x2000a2f0   0x000000c4   Zero   RW         1256    .bss                os_var.o
    0x2000a3b4   0x000000c4   Zero   RW         1257    .bss                os_var.o
    0x2000a478   0x000000c4   Zero   RW         1258    .bss                os_var.o
    0x2000a53c   0x00000021   Zero   RW         1476    .bss                fontupd.o
    0x2000a55d   0x00000003   PAD
    0x2000a560   0x00000850   Zero   RW         1631    .bss                bmpdisplay.o
    0x2000adb0   0x00000400   Zero   RW         1711    .bss                guicharpex.o
    0x2000b1b0   0x000000c8   Zero   RW         1846    .bss                STemWin526_CM3_OS_Keil.lib(gui_alloc.o)
    0x2000b278   0x00000054   Zero   RW         1909    .bss                STemWin526_CM3_OS_Keil.lib(gui_bmp.o)
    0x2000b2cc   0x00000070   Zero   RW         1993    .bss                STemWin526_CM3_OS_Keil.lib(gui_core.o)
    0x2000b33c   0x00000048   Zero   RW         2114    .bss                STemWin526_CM3_OS_Keil.lib(gui_pid.o)
    0x2000b384   0x00000010   Zero   RW         2147    .bss                STemWin526_CM3_OS_Keil.lib(gui_touch_driveranalog.o)
    0x2000b394   0x00000018   Zero   RW         2825    .bss                STemWin526_CM3_OS_Keil.lib(gui_fillpolygon.o)
    0x2000b3ac   0x00000018   Zero   RW         3279    .bss                STemWin526_CM3_OS_Keil.lib(wm.o)
    0x2000b3c4   0x00000048   Zero   RW         3346    .bss                STemWin526_CM3_OS_Keil.lib(wm_touch.o)
    0x2000b40c   0x00000028   Zero   RW         3458    .bss                STemWin526_CM3_OS_Keil.lib(gui_curs1.o)
    0x2000b434   0x00000058   Zero   RW         3489    .bss                STemWin526_CM3_OS_Keil.lib(gui_onkey.o)
    0x2000b48c   0x0000000c   Zero   RW         3551    .bss                STemWin526_CM3_OS_Keil.lib(gui_touch_storestate.o)
    0x2000b498   0x00000018   Zero   RW         3701    .bss                STemWin526_CM3_OS_Keil.lib(wm_pid__getprevstate.o)
    0x2000b4b0   0x0000000c   Zero   RW         3837    .bss                STemWin526_CM3_OS_Keil.lib(gui_touch.o)
    0x2000b4bc   0x00000060   Zero   RW         4185    .bss                c_w.l(libspace.o)
    0x2000b51c   0x00000004   PAD
    0x2000b520   0x00000200   Zero   RW          727    HEAP                startup_stm32f10x_hd.o
    0x2000b720   0x00000800   Zero   RW          726    STACK               startup_stm32f10x_hd.o


==============================================================================

Image component sizes


      Code (inc. data)   RO Data    RW Data    ZI Data      Debug   Object Name

       318          0          0          0          0       2786   24cxx.o
       600         98          0          4       2128       3150   bmpdisplay.o
       104         12          0          0          0       1745   bsp.o
        52          0          0          0          0        328   cpu_a.o
       444         12        256          4         16      14097   cpu_core.o
       544         12          0          0          0       2703   ctiic.o
       280         28          0          4          0       2427   delay.o
       348         14          0          2          0       3218   diskio.o
       288          4        100        332          0       2614   exfuns.o
     10468        132         58         12          0      42008   ff.o
       808         16          0          2       4096       4791   flash.o
       736        116        109         16         33       3788   fontupd.o
       852         64        194          1          0       3070   gt9147.o
         0          0         78          0          0        757   gui_fonthz12.o
         0          0         76          0          0        757   gui_fonthz16.o
         0          0         76          0          0        757   gui_fonthz24.o
        62          0         16          0          0       1737   gui_uc_encodenone.o
       100          8          0          0          0       1100   gui_x_touch_analog.o
       312         44          0         20          0       3501   gui_x_ucosiii.o
       592         36       7220          0       1024       3818   guicharpex.o
        40          6          0          0          0        543   guiconf.o
      1956         78         52          0          0      59945   guidrv_template.o
     19868        150       6080          4         14      24989   ili93xx.o
       256         14          0          1          0        900   key.o
       276         12          0          0          0       1051   lcdconf_flexcolor_template.o
        84         10          0          0          0        495   led.o
       346          0          0          0          0       4354   lib_ascii.o
      1640         26          0          4       1096      22296   lib_mem.o
       544          0          0          0          0        476   lib_mem_a.o
      1448          4        148          0          0      12496   lib_str.o
       808        158          0          0       6416     353105   main.o
       336          4          0         20      21760       4147   malloc.o
       176         14          0          0          0       1917   misc.o
      1192         18          0          1          0       6728   mmc_sd.o
       148         14        960          0          0       1577   mycc936.o
       552         10          0          0          0       1968   myiic.o
      1284        310          0          0          0       1256   mypage.o
         2          0        148          0       5264      20810   os_cfg_app.o
      2800        280          0          0          0      13319   os_core.o
       152         32          0          0          0        384   os_cpu_a.o
       404         64          0          4          0       3709   os_cpu_c.o
         2          0          0          0          0        454   os_dbg.o
      1896         80          0          0          0       8213   os_flag.o
       808        146          0          0          0       2612   os_int.o
       372         20          0          0          0       2592   os_mem.o
       392         14          0          0          0       3039   os_msg.o
      1764         92          0          0          0       6060   os_mutex.o
       112          6          0          8          0       1824   os_prio.o
      1552         66          0          0          0       6546   os_q.o
      1364         58          0          0          0       6526   os_sem.o
      1024        146          0          0          0       2985   os_stat.o
      3884        216          0          0          0      15438   os_task.o
       848         82          0          0          0       3667   os_tick.o
       784         42          0          0          0       3433   os_time.o
      1628        128          0          0          0       6742   os_tmr.o
         0          0          0        174       1760      19333   os_var.o
       736         52         10          1          0       2873   ott2001a.o
       224         12          0          0         18       1293   spi.o
       352         38          0          0          0       1835   sram.o
        64         26        304          0       2560        784   startup_stm32f10x_hd.o
       612         36          0          0          0       6041   stm32f10x_gpio.o
        14          0          0          0          0        963   stm32f10x_it.o
       696         32          0         20          0       9016   stm32f10x_rcc.o
       628         14          0          0          0       7062   stm32f10x_spi.o
      2800         84          0          0          0      23982   stm32f10x_tim.o
       808         22          0          0          0       8904   stm32f10x_usart.o
         0          0          0          0          0         32   sys.o
       344         34          0         20          0       1755   system_stm32f10x.o
       236          8          0          0          0       1274   timer.o
      2464        152        133         60          0       6825   touch.o
       280         16          0          6        200       3222   usart.o
      2808       1290         40         28          0       4568   usmart.o
         0          0        669        372          0       2136   usmart_config.o
      1056         12          0          0          0       6031   usmart_str.o

    ----------------------------------------------------------------------
     81784       4724      16774       1152      46388     813677   Object Totals
         0          0         32          0          0          0   (incl. Generated)
        12          0         15         32          3          0   (incl. Padding)

    ----------------------------------------------------------------------

      Code (inc. data)   RO Data    RW Data    ZI Data      Debug   Library Member Name

         0          0       2796          0          0          0   f16b_1.o
         0          0       2648          0          0          0   f16b_ascii.o
         0          0       4248          0          0          0   f20_1.o
         0          0       4000          0          0          0   f20_ascii.o
         0          0       7240          0          0          0   f32_ascii.o
         0          0       1816          0          0          0   f6x8.o
       856         38          0         40          0        512   gui__alpha.o
       648          0          0          0          0        160   gui__compactpixelindices.o
         0          0        256          0          0          0   gui__divtbl_255_31.o
         0          0        256          0          0          0   gui__divtbl_255_63.o
         0          0         32          0          0          0   gui__divtbl_31_255.o
         0          0         64          0          0          0   gui__divtbl_63_255.o
       322          0          0          0          0        108   gui__expandpixelindices.o
        58          0          0          0          0         68   gui__intersectrect.o
        82          0          0          0          0         80   gui__intersectrects.o
       216          8          0         20          0        156   gui__managecache.o
        76          0          0          0          0         76   gui__memset.o
        60          0          0          0          0         76   gui__memset16.o
        56          0          0          0          0        136   gui__read.o
      1854        120          0          8        200       1908   gui_alloc.o
        46          0          0          0          0         80   gui_alloc_alloczero.o
      3414         98          8         20         84       1908   gui_bmp.o
      2032         42          0          0          0       1016   gui_bmp_drawscaled.o
       622          6          0          0          0        372   gui_bmp_serialize.o
        60          0          0          0          0         76   gui_calccolordist.o
       164         20          0          0          0        308   gui_char.o
       458         36          0          4          0        472   gui_charline.o
       394         10          0          0          0        300   gui_charm.o
       308         10          0          0          0        384   gui_charp.o
       188          4          0          0          0         92   gui_circ.o
       476         78          8         74        112        620   gui_core.o
       120          6          0          0         40         88   gui_curs1.o
       434         34          8          0          0        676   gui_device.o
       264          4          0          0          0         88   gui_dispstring.o
        40          6          0          0          0         88   gui_dispstringat.o
        52          4          0          0          0         92   gui_dispstringhcenter.o
        88          6          0          0          0         84   gui_drawhline.o
      1192         34         68          0          0        832   gui_drawline.o
        32          4          0          0          0         68   gui_drawpoint.o
        80          6          0          0          0         80   gui_drawvline.o
        52          4          0          0          0        152   gui_exec.o
       532         22          0          4         24        176   gui_fillpolygon.o
       160          0          0          0          0        152   gui_getbitmappixelindex.o
        48          0          0          0          0        152   gui_getcolor.o
        54         10          0          0          0        156   gui_getorg.o
        66         12          0          0          0        216   gui_goto.o
        24          0          0          0          0         76   gui_index2color.o
        88          0          0          0          0         76   gui_mergerect.o
        30          0          0          0          0         68   gui_moverect.o
       102         12          0         12         88        284   gui_onkey.o
        28          4          0          0          0         80   gui_pen.o
       248         36          0          8         72        444   gui_pid.o
        56          0          0          0          0         68   gui_rectsintersect.o
        32         10          0          0          0        136   gui_savecontext.o
       138         14          0          8          0        316   gui_selectlayer.o
        26          0          0          0          0         80   gui_selectlcd.o
        36          4          0         32          0         76   gui_setalpha.o
        44          0          0          0          0        160   gui_setcolor.o
        64          6          0          0          0         80   gui_setdefault.o
        24          0          0          0          0         76   gui_setdrawmode.o
        32          6          0          0          0         80   gui_setfont.o
        28          4          0          0          0         80   gui_setlinestyle.o
        64         16          0          0          0         88   gui_setorg.o
        32          6          0          0          0         80   gui_settextalign.o
        32          6          0          0          0         80   gui_settextmode.o
      1246         10          0          0          0        716   gui_sprite.o
       324         32          0         28          0        392   gui_task.o
       104          6          0          0          0         84   gui_time.o
       354         16          0         20          0        484   gui_timer.o
        44          6          0          0         12         84   gui_touch.o
       632         46          0         48         16        472   gui_touch_driveranalog.o
        36          6          0          0         12         68   gui_touch_storestate.o
        44          4          0          8          0         88   gui_touch_storeunstable.o
        84         10          0          0          0        168   gui_uc.o
        16          4          0         12          0         68   gui_waitevent.o
       198          0         24          0          0        244   guicc_0.o
        36          0         24          0          0        288   guicc_8888.o
         2          0          0          0          0         68   guicc_8888_index2color.o
         2          0          0          0          0         68   guicc_888_index2color.o
        36          6          0          0          0         68   guicc_m555_index2color.o
       250         42         24          8          0        412   guicc_m565.o
       794         38          0          0          0        680   guidev.o
      2324         66        116          4          0       1336   guidev_16.o
      2356         62        116          0          0       1440   guidev_32.o
       308         14          0          4          0        168   guidev_banding.o
        68          4          0          0          0         76   guidev_clear.o
        34          0          0          0          0         80   guidev_getdataptr.o
        52          6          0          0          0         80   guidev_getysize.o
        56          4          0          0          0         80   guidev_reduceysize.o
       100          4          0          0          0         80   guidev_setorg.o
       358         22          0          1          0        188   guidev_staticdevices.o
        84          0          0          0          0        164   guidev_usage.o
       424          4         24          0          0        460   guidev_usagebm.o
       116          4          0          0          0        148   guidev_write.o
       400         14          0          0          0         96   guidev_writetoactivealpha.o
      1868         16          8          0          0        492   guidev_writetoactiveopaque.o
      1730        118         12          4          0       1436   lcd.o
        16          6          0          4          0         68   lcd_aa.o
       260         26          0         16          0        388   lcd_color.o
        32         12          0          0          0        136   lcd_getcolorindex.o
       416         36          0          0          0       1484   lcd_getex.o
        26          0          0          0          0         80   lcd_getnumdisplays.o
        96         10          0          0          0         84   lcd_getp.o
        14          0          0          0          0         80   lcd_getpixelcolor.o
         0          0        256          0          0          0   lcd_mirror.o
       504         18          0          0          0        184   lcd_readrect.o
        64         10          0          0          0         80   lcd_selectlcd.o
       220          0          0          0          0        420   lcd_set.o
        48         10          0          0          0         80   lcd_setcliprectex.o
        36          4          0          0          0         80   lcd_updatecolorindices.o
      4674        228          0         97         24       4132   wm.o
        18          0          0          0          0         76   wm__getfirstsibling.o
        36          0          0          0          0         80   wm__getprevsibling.o
        34          0          0          0          0         80   wm__isancestor.o
        22          0          0          0          0         76   wm__isenabled.o
        60          6          0          4          0         88   wm__sendmessage.o
        28          0          0          0          0         92   wm__sendmessageifenabled.o
        38          0          0          0          0         80   wm__sendmessagenopara.o
       220          0          0          0          0         96   wm__updatechildpositions.o
       136          0          0          0          0         92   wm_bringtobottom.o
        60         12          0          0          0        136   wm_criticalhandle.o
        32          0          0          0          0         80   wm_getclientrect.o
        24         10          0          0          0         68   wm_getdesktopwindow.o
        20          4          0          0          0         68   wm_getdesktopwindowex.o
        26          0          0          0          0         76   wm_getfirstchild.o
        32          0          0          0          0         80   wm_getorg.o
        26          0          0          0          0         76   wm_getparent.o
        24          0          0          0          0         76   wm_iswindow.o
       294          0          0          0          0        272   wm_move.o
        16          0          0          0          0         76   wm_notifyparent.o
        64          8          0          0          0         88   wm_onkey.o
        24          6          0          0         24         68   wm_pid__getprevstate.o
       244          0          0          0          0         88   wm_resizewindow.o
       204          6          0          0          0        324   wm_screen2win.o
        26          0          0          0          0         88   wm_sendmessagenopara.o
        38          0          0          0          0         92   wm_sendtoparent.o
        62          8          0          0          0        160   wm_setcapture.o
        72          0          0          0          0         84   wm_setsize.o
       124          0          0          0          0        164   wm_timer.o
      1108         46          0         12         72        344   wm_touch.o
        90          0          0          0          0          0   __dczerorl2.o
         8          0          0          0          0         68   __main.o
       392          4         17          0          0         92   __printf_flags_ss_wp.o
        14          0          0          0          0         68   __printf_wp.o
         0          0          0          0          0          0   __rtentry.o
        12          0          0          0          0          0   __rtentry2.o
         6          0          0          0          0          0   __rtentry4.o
        52          8          0          0          0          0   __scatter.o
        28          0          0          0          0          0   __scatter_zi.o
         6          0          0          0          0          0   _printf_c.o
        44          0          0          0          0        108   _printf_char.o
        48          6          0          0          0         96   _printf_char_common.o
        36          4          0          0          0         80   _printf_char_file.o
         6          0          0          0          0          0   _printf_d.o
       120         16          0          0          0         92   _printf_dec.o
        88          4         40          0          0         88   _printf_hex_int.o
       178          0          0          0          0         88   _printf_intcommon.o
        78          0          0          0          0        108   _printf_pad.o
         0          0          0          0          0          0   _printf_percent.o
         4          0          0          0          0          0   _printf_percent_end.o
         6          0          0          0          0          0   _printf_s.o
        82          0          0          0          0         80   _printf_str.o
         6          0          0          0          0          0   _printf_u.o
         6          0          0          0          0          0   _printf_x.o
        22          0          0          0          0        100   _rserrno.o
        16          0          0          0          0         68   aeabi_memset.o
        18          0          0          0          0         80   exit.o
         8          0          0          0          0         68   ferror.o
         6          0          0          0          0        152   heapauxi.o
         2          0          0          0          0          0   libinit.o
         2          0          0          0          0          0   libinit2.o
         2          0          0          0          0          0   libshutdown.o
         2          0          0          0          0          0   libshutdown2.o
         8          4          0          0         96         68   libspace.o
       238          0          0          0          0        100   lludivv7m.o
        88          0          0          0          0         76   memcmp.o
        24          4          0          0          0         84   noretval__2printf.o
         8          4          0          0          0         68   rt_errno_addr_intlibspace.o
        68          0          0          0          0         68   rt_memclr.o
        78          0          0          0          0         80   rt_memclr_w.o
       138          0          0          0          0         68   rt_memcpy_v6.o
       100          0          0          0          0         80   rt_memcpy_w.o
       132          0          0          0          0         68   rt_memmove_v6.o
       122          0          0          0          0         80   rt_memmove_w.o
         2          0          0          0          0          0   rtexit.o
        10          0          0          0          0          0   rtexit2.o
       128          0          0          0          0         68   strcmpv7m.o
        72          0          0          0          0         80   strcpy.o
        74          0          0          0          0         80   sys_stackheap_outer.o
         2          0          0          0          0         68   use_no_semi.o
         2          0          0          0          0         68   use_no_semi_2.o
       826         16          0          0          0        348   daddsub_clz.o
        24          0          0          0          0         68   dcmpi.o
        90          4          0          0          0         92   dfixu.o
        84          0          0          0          0        136   dflt_clz.o
       120          4          0          0          0         92   dleqf.o
       340         12          0          0          0        104   dmul.o
       156          4          0          0          0         92   dnaninf.o
        12          0          0          0          0         68   dretinf.o
       460         56          0          0          0        120   dsqrt_noumaal.o
       430          8          0          0          0        168   faddsub_clz.o
        12          4          0          0          0         68   fcheck1.o
        24          0          0          0          0         68   fcmpi.o
       388         76          0          0          0         96   fdiv.o
       104          4          0          0          0         84   feqf.o
        54          4          0          0          0         84   ffix.o
        62          4          0          0          0         84   ffixu.o
        86          0          0          0          0        136   fflt_clz.o
       258          4          0          0          0         84   fmul.o
       140          4          0          0          0         84   fnaninf.o
        10          0          0          0          0         68   fretinf.o
       100          0          0          0          0         68   retnan.o
        76          0          0          0          0         68   scalbnf.o
        48          0          0          0          0         68   trapv.o
         0          0          0          0          0          0   usenofp.o
        76          0          0          0          0         84   sqrt.o

    ----------------------------------------------------------------------
     47498       2034      24112        508        880      40848   Library Totals
       106          0          3          8          4          0   (incl. Padding)

    ----------------------------------------------------------------------

      Code (inc. data)   RO Data    RW Data    ZI Data      Debug   Library Name

     40730       1776      24052        500        780      35776   STemWin526_CM3_OS_Keil.lib
      2682         54         57          0         96       2640   c_w.l
      3904        204          0          0          0       2348   fz_ws.l
        76          0          0          0          0         84   m_ws.l

    ----------------------------------------------------------------------
     47498       2034      24112        508        880      40848   Library Totals

    ----------------------------------------------------------------------

==============================================================================


      Code (inc. data)   RO Data    RW Data    ZI Data      Debug   

    129282       6758      40886       1660      47268     821449   Grand Totals
    129282       6758      40886        416      47268     821449   ELF Image Totals (compressed)
    129282       6758      40886        416          0          0   ROM Totals

==============================================================================

    Total RO  Size (Code + RO Data)               170168 ( 166.18kB)
    Total RW  Size (RW Data + ZI Data)             48928 (  47.78kB)
    Total ROM Size (Code + RO Data + RW Data)     170584 ( 166.59kB)

==============================================================================

