Component: ARM Compiler 5.06 update 3 (build 300) Tool: armlink [4d35c9]

==============================================================================

Section Cross References

    main.o(.text) refers to os_time.o(.text) for OSTimeDlyHMSM
    main.o(.text) refers to gui_touch_driveranalog.o(i.GUI_TOUCH_Exec) for GUI_TOUCH_Exec
    main.o(.text) refers to gui_setcolor.o(i.GUI_SetBkColor) for GUI_SetBkColor
    main.o(.text) refers to gui_setcolor.o(i.GUI_SetColor) for GUI_SetColor
    main.o(.text) refers to gui_curs1.o(i.GUI_CURSOR_Show) for GUI_CURSOR_Show
    main.o(.text) refers to gui_setfont.o(i.GUI_SetFont) for GUI_SetFont
    main.o(.text) refers to gui_core.o(i.GUI_Clear) for GUI_Clear
    main.o(.text) refers to bmpdisplay.o(.text) for dispbmpex
    main.o(.text) refers to gui_time.o(i.GUI_Delay) for GUI_Delay
    main.o(.text) refers to gui_pid.o(i.GUI_PID_GetState) for GUI_PID_GetState
    main.o(.text) refers to dflt_clz.o(x$fpl$dflt) for __aeabi_i2d
    main.o(.text) refers to dleqf.o(x$fpl$dleqf) for __aeabi_cdcmple
    main.o(.text) refers to gui_dispstringat.o(i.GUI_DispStringAt) for GUI_DispStringAt
    main.o(.text) refers to cpu_core.o(.text) for CPU_Init
    main.o(.text) refers to os_stat.o(.text) for OSStatTaskCPUUsageInit
    main.o(.text) refers to os_core.o(.text) for OSSchedRoundRobinCfg
    main.o(.text) refers to stm32f10x_rcc.o(.text) for RCC_AHBPeriphClockCmd
    main.o(.text) refers to gui_core.o(i.GUI_Init) for GUI_Init
    main.o(.text) refers to cpu_a.o(.text) for CPU_SR_Save
    main.o(.text) refers to os_task.o(.text) for OSTaskCreate
    main.o(.text) refers to delay.o(.text) for delay_init
    main.o(.text) refers to misc.o(.text) for NVIC_PriorityGroupConfig
    main.o(.text) refers to usart.o(.text) for uart_init
    main.o(.text) refers to led.o(.text) for LED_Init
    main.o(.text) refers to ili93xx.o(.text) for TFTLCD_Init
    main.o(.text) refers to key.o(.text) for KEY_Init
    main.o(.text) refers to malloc.o(.text) for mem_init
    main.o(.text) refers to exfuns.o(.text) for exfuns_init
    main.o(.text) refers to ff.o(.text) for f_mount
    main.o(.text) refers to touch.o(.text) for TP_Init
    main.o(.text) refers to gui_fonthz16.o(.constdata) for GUI_FontHZ16
    main.o(.text) refers to os_var.o(.data) for OSSchedLockNestingCtr
    main.o(.text) refers to main.o(.bss) for .bss
    main.o(.text) refers to os_var.o(.data) for OSIntQNbrEntries
    main.o(.text) refers to exfuns.o(.data) for fs
    main.o(.text) refers to usmart_config.o(.data) for usmart_dev
    system_stm32f10x.o(.text) refers to system_stm32f10x.o(.data) for .data
    led.o(.text) refers to stm32f10x_rcc.o(.text) for RCC_APB2PeriphClockCmd
    led.o(.text) refers to stm32f10x_gpio.o(.text) for GPIO_Init
    key.o(.text) refers to stm32f10x_rcc.o(.text) for RCC_APB2PeriphClockCmd
    key.o(.text) refers to stm32f10x_gpio.o(.text) for GPIO_Init
    key.o(.text) refers to delay.o(.text) for delay_ms
    key.o(.text) refers to key.o(.data) for .data
    ili93xx.o(.text) refers to _printf_percent.o(.ARM.Collect$$_printf_percent$$00000000) for _printf_percent
    ili93xx.o(.text) refers to _printf_x.o(.ARM.Collect$$_printf_percent$$0000000C) for _printf_x
    ili93xx.o(.text) refers to _printf_hex_int.o(.text) for _printf_longlong_hex
    ili93xx.o(.text) refers to stm32f10x_gpio.o(.text) for GPIO_ResetBits
    ili93xx.o(.text) refers to delay.o(.text) for delay_us
    ili93xx.o(.text) refers to ili93xx.o(.bss) for .bss
    ili93xx.o(.text) refers to ili93xx.o(.data) for .data
    ili93xx.o(.text) refers to stm32f10x_rcc.o(.text) for RCC_APB2PeriphClockCmd
    ili93xx.o(.text) refers to noretval__2printf.o(.text) for __2printf
    ili93xx.o(.text) refers to ili93xx.o(.constdata) for .constdata
    myiic.o(.text) refers to stm32f10x_rcc.o(.text) for RCC_APB2PeriphClockCmd
    myiic.o(.text) refers to stm32f10x_gpio.o(.text) for GPIO_Init
    myiic.o(.text) refers to delay.o(.text) for delay_us
    24cxx.o(.text) refers to myiic.o(.text) for IIC_Init
    24cxx.o(.text) refers to delay.o(.text) for delay_ms
    spi.o(.text) refers to stm32f10x_spi.o(.text) for SPI_I2S_GetFlagStatus
    spi.o(.text) refers to stm32f10x_rcc.o(.text) for RCC_APB2PeriphClockCmd
    spi.o(.text) refers to stm32f10x_gpio.o(.text) for GPIO_Init
    spi.o(.text) refers to spi.o(.bss) for .bss
    ctiic.o(.text) refers to delay.o(.text) for delay_us
    gt9147.o(.text) refers to _printf_percent.o(.ARM.Collect$$_printf_percent$$00000000) for _printf_percent
    gt9147.o(.text) refers to _printf_s.o(.ARM.Collect$$_printf_percent$$00000014) for _printf_s
    gt9147.o(.text) refers to _printf_str.o(.text) for _printf_str
    gt9147.o(.text) refers to _printf_d.o(.ARM.Collect$$_printf_percent$$00000009) for _printf_d
    gt9147.o(.text) refers to _printf_dec.o(.text) for _printf_int_dec
    gt9147.o(.text) refers to ctiic.o(.text) for CT_IIC_Start
    gt9147.o(.text) refers to delay.o(.text) for delay_ms
[...]
    0x08015dac   0x00000010   Code   RO         2985    i.GUI_RestoreContext  STemWin526_CM3_OS_Keil.lib(gui_savecontext.o)
    0x08015dbc   0x0000004a   Code   RO         2584    i.GUI_SPRITE_Delete  STemWin526_CM3_OS_Keil.lib(gui_sprite.o)
    0x08015e06   0x00000022   Code   RO         2589    i.GUI_SPRITE_SetPosition  STemWin526_CM3_OS_Keil.lib(gui_sprite.o)
    0x08015e28   0x00000046   Code   RO         2590    i.GUI_SPRITE_Show   STemWin526_CM3_OS_Keil.lib(gui_sprite.o)
    0x08015e6e   0x00000002   PAD
    0x08015e70   0x000000b4   Code   RO         2591    i.GUI_SPRITE__CreateEx  STemWin526_CM3_OS_Keil.lib(gui_sprite.o)
    0x08015f24   0x00000010   Code   RO         2986    i.GUI_SaveContext_W  STemWin526_CM3_OS_Keil.lib(gui_savecontext.o)
    0x08015f34   0x0000001a   Code   RO         2989    i.GUI_SelectLCD     STemWin526_CM3_OS_Keil.lib(gui_selectlcd.o)
    0x08015f4e   0x00000002   PAD
    0x08015f50   0x00000030   Code   RO         2491    i.GUI_SelectLayer   STemWin526_CM3_OS_Keil.lib(gui_selectlayer.o)
    0x08015f80   0x00000016   Code   RO         2081    i.GUI_SetBkColor    STemWin526_CM3_OS_Keil.lib(gui_setcolor.o)
    0x08015f96   0x00000016   Code   RO         2082    i.GUI_SetColor      STemWin526_CM3_OS_Keil.lib(gui_setcolor.o)
    0x08015fac   0x0000000c   Code   RO         1953    i.GUI_SetDefaultFont  STemWin526_CM3_OS_Keil.lib(gui_core.o)
    0x08015fb8   0x00000018   Code   RO         2574    i.GUI_SetDrawMode   STemWin526_CM3_OS_Keil.lib(gui_setdrawmode.o)
    0x08015fd0   0x00000020   Code   RO         2085    i.GUI_SetFont       STemWin526_CM3_OS_Keil.lib(gui_setfont.o)
    0x08015ff0   0x00000020   Code   RO         2493    i.GUI_SetLayerPosEx  STemWin526_CM3_OS_Keil.lib(gui_selectlayer.o)
    0x08016010   0x00000020   Code   RO         2494    i.GUI_SetLayerSizeEx  STemWin526_CM3_OS_Keil.lib(gui_selectlayer.o)
    0x08016030   0x0000001c   Code   RO         2495    i.GUI_SetLayerVisEx  STemWin526_CM3_OS_Keil.lib(gui_selectlayer.o)
    0x0801604c   0x0000001c   Code   RO         3233    i.GUI_SetLineStyle  STemWin526_CM3_OS_Keil.lib(gui_setlinestyle.o)
    0x08016068   0x00000040   Code   RO         2576    i.GUI_SetOrg        STemWin526_CM3_OS_Keil.lib(gui_setorg.o)
    0x080160a8   0x0000001c   Code   RO         3228    i.GUI_SetPenSize    STemWin526_CM3_OS_Keil.lib(gui_pen.o)
    0x080160c4   0x00000020   Code   RO         2578    i.GUI_SetTextAlign  STemWin526_CM3_OS_Keil.lib(gui_settextalign.o)
    0x080160e4   0x00000020   Code   RO         2087    i.GUI_SetTextMode   STemWin526_CM3_OS_Keil.lib(gui_settextmode.o)
    0x08016104   0x00000010   Code   RO         2690    i.GUI_SignalEvent   STemWin526_CM3_OS_Keil.lib(gui_waitevent.o)
    0x08016114   0x00000010   Code   RO         2968    i.GUI_StoreKey      STemWin526_CM3_OS_Keil.lib(gui_onkey.o)
    0x08016124   0x00000026   Code   RO         2996    i.GUI_TIMER_Delete  STemWin526_CM3_OS_Keil.lib(gui_timer.o)
    0x0801614a   0x00000032   Code   RO         2998    i.GUI_TIMER_GetFlag  STemWin526_CM3_OS_Keil.lib(gui_timer.o)
    0x0801617c   0x00000028   Code   RO         3004    i.GUI_TIMER__GetFirstTimer  STemWin526_CM3_OS_Keil.lib(gui_timer.o)
    0x080161a4   0x00000036   Code   RO         3006    i.GUI_TIMER__GetNextTimerLin  STemWin526_CM3_OS_Keil.lib(gui_timer.o)
    0x080161da   0x00000002   PAD
    0x080161dc   0x000000ac   Code   RO         2093    i.GUI_TOUCH_Calibrate  STemWin526_CM3_OS_Keil.lib(gui_touch_driveranalog.o)
    0x08016288   0x00000148   Code   RO         2094    i.GUI_TOUCH_Exec    STemWin526_CM3_OS_Keil.lib(gui_touch_driveranalog.o)
    0x080163d0   0x0000000c   Code   RO         2099    i.GUI_TOUCH_SetOrientation  STemWin526_CM3_OS_Keil.lib(gui_touch_driveranalog.o)
    0x080163dc   0x00000024   Code   RO         3033    i.GUI_TOUCH_StoreState  STemWin526_CM3_OS_Keil.lib(gui_touch_storestate.o)
    0x08016400   0x0000002c   Code   RO         3236    i.GUI_TOUCH_StoreStateEx  STemWin526_CM3_OS_Keil.lib(gui_touch.o)
    0x0801642c   0x0000002c   Code   RO         2683    i.GUI_TOUCH_StoreUnstable  STemWin526_CM3_OS_Keil.lib(gui_touch_storeunstable.o)
    0x08016458   0x0000002c   Code   RO         3041    i.GUI_UC__GetCharCodeInc  STemWin526_CM3_OS_Keil.lib(gui_uc.o)
    0x08016484   0x00000028   Code   RO         3043    i.GUI_UC__NumChars2NumBytes  STemWin526_CM3_OS_Keil.lib(gui_uc.o)
    0x080164ac   0x00000028   Code   RO         2739    i.GUI_USAGE_AddRect  STemWin526_CM3_OS_Keil.lib(guidev_usage.o)
    0x080164d4   0x00000074   Code   RO         3314    i.GUI_USAGE_BM_AddHLine  STemWin526_CM3_OS_Keil.lib(guidev_usagebm.o)
    0x08016548   0x0000002c   Code   RO         3315    i.GUI_USAGE_BM_AddPixel  STemWin526_CM3_OS_Keil.lib(guidev_usagebm.o)
    0x08016574   0x0000000e   Code   RO         3316    i.GUI_USAGE_BM_Clear  STemWin526_CM3_OS_Keil.lib(guidev_usagebm.o)
    0x08016582   0x00000002   PAD
    0x08016584   0x0000005c   Code   RO         3317    i.GUI_USAGE_BM_Create  STemWin526_CM3_OS_Keil.lib(guidev_usagebm.o)
    0x080165e0   0x0000009a   Code   RO         3318    i.GUI_USAGE_BM_GetNextDirty  STemWin526_CM3_OS_Keil.lib(guidev_usagebm.o)
    0x0801667a   0x0000002c   Code   RO         2740    i.GUI_USAGE_DecUseCnt  STemWin526_CM3_OS_Keil.lib(guidev_usage.o)
    0x080166a6   0x00000002   PAD
    0x080166a8   0x00000014   Code   RO         2672    i.GUI_Unlock        STemWin526_CM3_OS_Keil.lib(gui_task.o)
    0x080166bc   0x00000016   Code   RO         2890    i.GUI__AllocAlphaBuffer  STemWin526_CM3_OS_Keil.lib(gui__alpha.o)
    0x080166d2   0x00000002   PAD
    0x080166d4   0x00000024   Code   RO         2507    i.GUI__AlphaSuppressMixing  STemWin526_CM3_OS_Keil.lib(gui_setalpha.o)
    0x080166f8   0x00000124   Code   RO         2908    i.GUI__CompactPixelIndices  STemWin526_CM3_OS_Keil.lib(gui__compactpixelindices.o)
    0x0801681c   0x00000164   Code   RO         2909    i.GUI__CompactPixelIndicesEx  STemWin526_CM3_OS_Keil.lib(gui__compactpixelindices.o)
    0x08016980   0x00000038   Code   RO         1955    i.GUI__Config       STemWin526_CM3_OS_Keil.lib(gui_core.o)
    0x080169b8   0x000000b0   Code   RO         2943    i.GUI__DispLine     STemWin526_CM3_OS_Keil.lib(gui_charline.o)
    0x08016a68   0x000001d0   Code   RO         2891    i.GUI__DoAlphaBlending  STemWin526_CM3_OS_Keil.lib(gui__alpha.o)
    0x08016c38   0x00000142   Code   RO         2913    i.GUI__ExpandPixelIndicesEx  STemWin526_CM3_OS_Keil.lib(gui__expandpixelindices.o)
    0x08016d7a   0x00000002   PAD
    0x08016d7c   0x0000009c   Code   RO         2892    i.GUI__GetAlphaBuffer  STemWin526_CM3_OS_Keil.lib(gui__alpha.o)
    0x08016e18   0x00000054   Code   RO         2944    i.GUI__GetLineDistX  STemWin526_CM3_OS_Keil.lib(gui_charline.o)
    0x08016e6c   0x00000038   Code   RO         2945    i.GUI__GetLineNumChars  STemWin526_CM3_OS_Keil.lib(gui_charline.o)
    0x08016ea4   0x0000001c   Code   RO         3222    i.GUI__GetOrg       STemWin526_CM3_OS_Keil.lib(gui_getorg.o)
    0x08016ec0   0x00000018   Code   RO         2946    i.GUI__GetOverlap   STemWin526_CM3_OS_Keil.lib(gui_charline.o)
    0x08016ed8   0x0000003a   Code   RO         2916    i.GUI__IntersectRect  STemWin526_CM3_OS_Keil.lib(gui__intersectrect.o)
    0x08016f12   0x00000052   Code   RO         2918    i.GUI__IntersectRects  STemWin526_CM3_OS_Keil.lib(gui__intersectrects.o)
    0x08016f64   0x00000010   Code   RO         2921    i.GUI__ManageCache  STemWin526_CM3_OS_Keil.lib(gui__managecache.o)
    0x08016f74   0x000000c8   Code   RO         2922    i.GUI__ManageCacheEx  STemWin526_CM3_OS_Keil.lib(gui__managecache.o)
    0x0801703c   0x00000060   Code   RO         2893    i.GUI__MixColors    STemWin526_CM3_OS_Keil.lib(gui__alpha.o)
    0x0801709c   0x0000004e   Code   RO         2894    i.GUI__MixColorsBulk  STemWin526_CM3_OS_Keil.lib(gui__alpha.o)
    0x080170ea   0x00000014   Code   RO         2449    i.GUI__Read16       STemWin526_CM3_OS_Keil.lib(gui__read.o)
    0x080170fe   0x00000024   Code   RO         2450    i.GUI__Read32       STemWin526_CM3_OS_Keil.lib(gui__read.o)
    0x08017122   0x00000002   PAD
    0x08017124   0x00000010   Code   RO         1956    i.GUI__RegisterExit  STemWin526_CM3_OS_Keil.lib(gui_core.o)
    0x08017134   0x0000004c   Code   RO         2445    i.GUI__memset       STemWin526_CM3_OS_Keil.lib(gui__memset.o)
    0x08017180   0x0000003c   Code   RO         2447    i.GUI__memset16     STemWin526_CM3_OS_Keil.lib(gui__memset16.o)
    0x080171bc   0x00000010   Code   RO         3064    i.LCD_AA_SetAndMask  STemWin526_CM3_OS_Keil.lib(lcd_aa.o)
    0x080171cc   0x0000001c   Code   RO         2131    i.LCD_Color2Index   STemWin526_CM3_OS_Keil.lib(lcd.o)
    0x080171e8   0x00000204   Code   RO         2132    i.LCD_DrawBitmap    STemWin526_CM3_OS_Keil.lib(lcd.o)
    0x080173ec   0x00000058   Code   RO         2133    i.LCD_DrawHLine     STemWin526_CM3_OS_Keil.lib(lcd.o)
    0x08017444   0x00000068   Code   RO         2134    i.LCD_DrawPixel     STemWin526_CM3_OS_Keil.lib(lcd.o)
    0x080174ac   0x00000058   Code   RO         2136    i.LCD_FillRect      STemWin526_CM3_OS_Keil.lib(lcd.o)
    0x08017504   0x00000010   Code   RO         2172    i.LCD_GetBitsPerPixel  STemWin526_CM3_OS_Keil.lib(lcd_getex.o)
    0x08017514   0x00000006   Code   RO         2173    i.LCD_GetBitsPerPixelEx  STemWin526_CM3_OS_Keil.lib(lcd_getex.o)
    0x0801751a   0x00000002   PAD
    0x0801751c   0x00000010   Code   RO         2728    i.LCD_GetBkColorIndex  STemWin526_CM3_OS_Keil.lib(lcd_getcolorindex.o)
    0x0801752c   0x00000010   Code   RO         2729    i.LCD_GetColorIndex  STemWin526_CM3_OS_Keil.lib(lcd_getcolorindex.o)
    0x0801753c   0x00000010   Code   RO         2180    i.LCD_GetNumColors  STemWin526_CM3_OS_Keil.lib(lcd_getex.o)
    0x0801754c   0x00000006   Code   RO         2181    i.LCD_GetNumColorsEx  STemWin526_CM3_OS_Keil.lib(lcd_getex.o)
    0x08017552   0x0000001a   Code   RO         3079    i.LCD_GetNumLayers  STemWin526_CM3_OS_Keil.lib(lcd_getnumdisplays.o)
    0x0801756c   0x00000010   Code   RO         2182    i.LCD_GetPalette    STemWin526_CM3_OS_Keil.lib(lcd_getex.o)
    0x0801757c   0x00000018   Code   RO         2183    i.LCD_GetPaletteEx  STemWin526_CM3_OS_Keil.lib(lcd_getex.o)
    0x08017594   0x0000000e   Code   RO         2736    i.LCD_GetPixelColor  STemWin526_CM3_OS_Keil.lib(lcd_getpixelcolor.o)
    0x080175a2   0x00000002   PAD
    0x080175a4   0x00000060   Code   RO         2733    i.LCD_GetPixelIndex  STemWin526_CM3_OS_Keil.lib(lcd_getp.o)
    0x08017604   0x0000002c   Code   RO         2248    i.LCD_GetPosEx      STemWin526_CM3_OS_Keil.lib(lcd_set.o)
    0x08017630   0x00000006   Code   RO         2187    i.LCD_GetVXSizeEx   STemWin526_CM3_OS_Keil.lib(lcd_getex.o)
    0x08017636   0x00000006   Code   RO         2188    i.LCD_GetVXSizeMax  STemWin526_CM3_OS_Keil.lib(lcd_getex.o)
    0x0801763c   0x00000006   Code   RO         2190    i.LCD_GetVYSizeEx   STemWin526_CM3_OS_Keil.lib(lcd_getex.o)
    0x08017642   0x00000002   PAD
    0x08017644   0x00000010   Code   RO         2194    i.LCD_GetXSize      STemWin526_CM3_OS_Keil.lib(lcd_getex.o)
    0x08017654   0x00000006   Code   RO         2195    i.LCD_GetXSizeEx    STemWin526_CM3_OS_Keil.lib(lcd_getex.o)
    0x0801765a   0x00000002   PAD
    0x0801765c   0x00000010   Code   RO         2199    i.LCD_GetYSize      STemWin526_CM3_OS_Keil.lib(lcd_getex.o)
    0x0801766c   0x00000006   Code   RO         2200    i.LCD_GetYSizeEx    STemWin526_CM3_OS_Keil.lib(lcd_getex.o)
    0x08017672   0x00000004   Code   RO         2714    i.LCD_GetpPalConvTableBM  STemWin526_CM3_OS_Keil.lib(lcd_color.o)
    0x08017676   0x00000002   PAD
    0x08017678   0x00000048   Code   RO         2715    i.LCD_GetpPalConvTableUncached  STemWin526_CM3_OS_Keil.lib(lcd_color.o)
    0x080176c0   0x00000010   Code   RO         2202    i.LCD_GetpfColor2IndexEx  STemWin526_CM3_OS_Keil.lib(lcd_getex.o)
    0x080176d0   0x0000001c   Code   RO         2137    i.LCD_Index2Color   STemWin526_CM3_OS_Keil.lib(lcd.o)
    0x080176ec   0x00000002   Code   RO         3240    i.LCD_Index2Color_888  STemWin526_CM3_OS_Keil.lib(guicc_888_index2color.o)
    0x080176ee   0x00000002   Code   RO         3251    i.LCD_Index2Color_8888  STemWin526_CM3_OS_Keil.lib(guicc_8888_index2color.o)
    0x080176f0   0x00000024   Code   RO         2711    i.LCD_Index2Color_M555  STemWin526_CM3_OS_Keil.lib(guicc_m555_index2color.o)
    0x08017714   0x0000002c   Code   RO         2118    i.LCD_Index2Color_M565  STemWin526_CM3_OS_Keil.lib(guicc_m565.o)
    0x08017740   0x00000034   Code   RO         2716    i.LCD_InitColors    STemWin526_CM3_OS_Keil.lib(lcd_color.o)
    0x08017774   0x00000070   Code   RO         2717    i.LCD_InitLUT       STemWin526_CM3_OS_Keil.lib(lcd_color.o)
    0x080177e4   0x00000198   Code   RO         3256    i.LCD_ReadRectEx    STemWin526_CM3_OS_Keil.lib(lcd_readrect.o)
    0x0801797c   0x00000040   Code   RO         3263    i.LCD_SelectLCD     STemWin526_CM3_OS_Keil.lib(lcd_selectlcd.o)
    0x080179bc   0x0000000c   Code   RO         2138    i.LCD_SetBkColor    STemWin526_CM3_OS_Keil.lib(lcd.o)
    0x080179c8   0x00000018   Code   RO         2139    i.LCD_SetBkColorIndex  STemWin526_CM3_OS_Keil.lib(lcd.o)
    0x080179e0   0x00000030   Code   RO         3095    i.LCD_SetClipRectEx  STemWin526_CM3_OS_Keil.lib(lcd_setcliprectex.o)
    0x08017a10   0x0000001c   Code   RO         2140    i.LCD_SetClipRectMax  STemWin526_CM3_OS_Keil.lib(lcd.o)
    0x08017a2c   0x0000000c   Code   RO         2141    i.LCD_SetColor      STemWin526_CM3_OS_Keil.lib(lcd.o)
    0x08017a38   0x00000018   Code   RO         2142    i.LCD_SetColorIndex  STemWin526_CM3_OS_Keil.lib(lcd.o)
    0x08017a50   0x0000000c   Code   RO         2143    i.LCD_SetDrawMode   STemWin526_CM3_OS_Keil.lib(lcd.o)
    0x08017a5c   0x0000002c   Code   RO         2261    i.LCD_SetLUTEntryEx  STemWin526_CM3_OS_Keil.lib(lcd_set.o)
    0x08017a88   0x0000002c   Code   RO         2263    i.LCD_SetPosEx      STemWin526_CM3_OS_Keil.lib(lcd_set.o)
    0x08017ab4   0x0000002c   Code   RO         2265    i.LCD_SetSizeEx     STemWin526_CM3_OS_Keil.lib(lcd_set.o)
    0x08017ae0   0x0000002c   Code   RO         2269    i.LCD_SetVSizeEx    STemWin526_CM3_OS_Keil.lib(lcd_set.o)
    0x08017b0c   0x00000028   Code   RO         2271    i.LCD_SetVisEx      STemWin526_CM3_OS_Keil.lib(lcd_set.o)
    0x08017b34   0x00000024   Code   RO         3265    i.LCD_UpdateColorIndices  STemWin526_CM3_OS_Keil.lib(lcd_updatecolorindices.o)
    0x08017b58   0x000001b4   Code   RO         2144    i.LCD__DrawBitmap_1bpp  STemWin526_CM3_OS_Keil.lib(lcd.o)
    0x08017d0c   0x0000005c   Code   RO         2204    i.LCD__GetBPP       STemWin526_CM3_OS_Keil.lib(lcd_getex.o)
    0x08017d68   0x00000032   Code   RO         2205    i.LCD__GetBPPDevice  STemWin526_CM3_OS_Keil.lib(lcd_getex.o)
    0x08017d9a   0x00000002   PAD
    0x08017d9c   0x00000010   Code   RO         2756    i.WM_Activate       STemWin526_CM3_OS_Keil.lib(wm.o)
    0x08017dac   0x00000088   Code   RO         3162    i.WM_BringToBottom  STemWin526_CM3_OS_Keil.lib(wm_bringtobottom.o)
    0x08017e34   0x00000150   Code   RO         2758    i.WM_CreateWindowAsChild  STemWin526_CM3_OS_Keil.lib(wm.o)
    0x08017f84   0x00000020   Code   RO         2759    i.WM_Deactivate     STemWin526_CM3_OS_Keil.lib(wm.o)
    0x08017fa4   0x00000046   Code   RO         2760    i.WM_DefaultProc    STemWin526_CM3_OS_Keil.lib(wm.o)
    0x08017fea   0x0000002a   Code   RO         3208    i.WM_DeleteTimer    STemWin526_CM3_OS_Keil.lib(wm_timer.o)
    0x08018014   0x000000d0   Code   RO         2761    i.WM_DeleteWindow   STemWin526_CM3_OS_Keil.lib(wm.o)
    0x080180e4   0x00000090   Code   RO         2762    i.WM_Exec           STemWin526_CM3_OS_Keil.lib(wm.o)
    0x08018174   0x00000018   Code   RO         2869    i.WM_GetDesktopWindow  STemWin526_CM3_OS_Keil.lib(wm_getdesktopwindow.o)
    0x0801818c   0x00000014   Code   RO         3335    i.WM_GetDesktopWindowEx  STemWin526_CM3_OS_Keil.lib(wm_getdesktopwindowex.o)
    0x080181a0   0x0000001a   Code   RO         3174    i.WM_GetFirstChild  STemWin526_CM3_OS_Keil.lib(wm_getfirstchild.o)
    0x080181ba   0x0000001a   Code   RO         3176    i.WM_GetParent      STemWin526_CM3_OS_Keil.lib(wm_getparent.o)
    0x080181d4   0x00000020   Code   RO         3339    i.WM_GetWindowOrgX  STemWin526_CM3_OS_Keil.lib(wm_getorg.o)
    0x080181f4   0x00000378   Code   RO         2871    i.WM_HandlePID      STemWin526_CM3_OS_Keil.lib(wm_touch.o)
    0x0801856c   0x000000d4   Code   RO         2764    i.WM_Init           STemWin526_CM3_OS_Keil.lib(wm.o)
    0x08018640   0x00000080   Code   RO         2765    i.WM_InvalidateRect  STemWin526_CM3_OS_Keil.lib(wm.o)
    0x080186c0   0x00000006   Code   RO         2766    i.WM_InvalidateWindow  STemWin526_CM3_OS_Keil.lib(wm.o)
    0x080186c6   0x0000005e   Code   RO         2767    i.WM_InvalidateWindowAndDescsEx  STemWin526_CM3_OS_Keil.lib(wm.o)
    0x08018724   0x00000018   Code   RO         3178    i.WM_IsWindow       STemWin526_CM3_OS_Keil.lib(wm_iswindow.o)
    0x0801873c   0x0000001e   Code   RO         3362    i.WM_MoveWindow     STemWin526_CM3_OS_Keil.lib(wm_move.o)
    0x0801875a   0x00000010   Code   RO         3180    i.WM_NotifyParent   STemWin526_CM3_OS_Keil.lib(wm_notifyparent.o)
    0x0801876a   0x00000002   PAD
    0x0801876c   0x00000040   Code   RO         3349    i.WM_OnKey          STemWin526_CM3_OS_Keil.lib(wm_onkey.o)
    0x080187ac   0x00000018   Code   RO         3183    i.WM_PID__SetPrevState  STemWin526_CM3_OS_Keil.lib(wm_pid__getprevstate.o)
    0x080187c4   0x00000012   Code   RO         3201    i.WM_ReleaseCapture  STemWin526_CM3_OS_Keil.lib(wm_setcapture.o)
    0x080187d6   0x000000f4   Code   RO         3357    i.WM_ResizeWindow   STemWin526_CM3_OS_Keil.lib(wm_resizewindow.o)
    0x080188ca   0x0000001e   Code   RO         3187    i.WM_Screen2hWin    STemWin526_CM3_OS_Keil.lib(wm_screen2win.o)
    0x080188e8   0x00000044   Code   RO         2768    i.WM_SelectWindow   STemWin526_CM3_OS_Keil.lib(wm.o)
    0x0801892c   0x0000001a   Code   RO         3197    i.WM_SendMessageNoPara  STemWin526_CM3_OS_Keil.lib(wm_sendmessagenopara.o)
    0x08018946   0x00000026   Code   RO         3199    i.WM_SendToParent   STemWin526_CM3_OS_Keil.lib(wm_sendtoparent.o)
    0x0801896c   0x00000014   Code   RO         2770    i.WM_SetDefault     STemWin526_CM3_OS_Keil.lib(wm.o)
    0x08018980   0x00000048   Code   RO         3351    i.WM_SetSize        STemWin526_CM3_OS_Keil.lib(wm_setsize.o)
    0x080189c8   0x00000048   Code   RO         2771    i.WM__ActivateClipRect  STemWin526_CM3_OS_Keil.lib(wm.o)
    0x08018a10   0x00000010   Code   RO         3164    i.WM__AddCriticalHandle  STemWin526_CM3_OS_Keil.lib(wm_criticalhandle.o)
    0x08018a20   0x00000010   Code   RO         2772    i.WM__Client2Screen  STemWin526_CM3_OS_Keil.lib(wm.o)
    0x08018a30   0x0000004e   Code   RO         2773    i.WM__ClipAtParentBorders  STemWin526_CM3_OS_Keil.lib(wm.o)
    0x08018a7e   0x00000052   Code   RO         3211    i.WM__DeleteAssocTimer  STemWin526_CM3_OS_Keil.lib(wm_timer.o)
    0x08018ad0   0x00000028   Code   RO         2775    i.WM__DetachWindow  STemWin526_CM3_OS_Keil.lib(wm.o)
    0x08018af8   0x00000020   Code   RO         3170    i.WM__GetClientRectEx  STemWin526_CM3_OS_Keil.lib(wm_getclientrect.o)
    0x08018b18   0x00000018   Code   RO         2776    i.WM__GetClientRectWin  STemWin526_CM3_OS_Keil.lib(wm.o)
    0x08018b30   0x00000012   Code   RO         3355    i.WM__GetFirstSibling  STemWin526_CM3_OS_Keil.lib(wm__getfirstsibling.o)
    0x08018b42   0x00000002   PAD
    0x08018b44   0x00000040   Code   RO         2777    i.WM__GetNextIVR    STemWin526_CM3_OS_Keil.lib(wm.o)
    0x08018b84   0x00000024   Code   RO         3331    i.WM__GetPrevSibling  STemWin526_CM3_OS_Keil.lib(wm__getprevsibling.o)
    0x08018ba8   0x00000018   Code   RO         2778    i.WM__GetTopLevelLayer  STemWin526_CM3_OS_Keil.lib(wm.o)
    0x08018bc0   0x000000f0   Code   RO         2779    i.WM__InitIVRSearch  STemWin526_CM3_OS_Keil.lib(wm.o)
    0x08018cb0   0x000000a4   Code   RO         2780    i.WM__InsertWindowIntoList  STemWin526_CM3_OS_Keil.lib(wm.o)
    0x08018d54   0x00000006   Code   RO         2781    i.WM__Invalidate1Abs  STemWin526_CM3_OS_Keil.lib(wm.o)
    0x08018d5a   0x00000002   PAD
    0x08018d5c   0x00000054   Code   RO         2782    i.WM__InvalidateDrawAndDescs  STemWin526_CM3_OS_Keil.lib(wm.o)
    0x08018db0   0x0000002a   Code   RO         2783    i.WM__InvalidateParent  STemWin526_CM3_OS_Keil.lib(wm.o)
    0x08018dda   0x00000076   Code   RO         2784    i.WM__InvalidateRect  STemWin526_CM3_OS_Keil.lib(wm.o)
    0x08018e50   0x00000006   Code   RO         2785    i.WM__InvalidateRectEx  STemWin526_CM3_OS_Keil.lib(wm.o)
    0x08018e56   0x00000002   PAD
    0x08018e58   0x00000022   Code   RO         3151    i.WM__IsAncestor    STemWin526_CM3_OS_Keil.lib(wm__isancestor.o)
    0x08018e7a   0x00000016   Code   RO         3155    i.WM__IsEnabled     STemWin526_CM3_OS_Keil.lib(wm__isenabled.o)
    0x08018e90   0x00000068   Code   RO         2872    i.WM__IsInModalArea  STemWin526_CM3_OS_Keil.lib(wm_touch.o)
    0x08018ef8   0x00000030   Code   RO         3189    i.WM__IsInWindow    STemWin526_CM3_OS_Keil.lib(wm_screen2win.o)
    0x08018f28   0x00000024   Code   RO         2786    i.WM__IsWindow      STemWin526_CM3_OS_Keil.lib(wm.o)
    0x08018f4c   0x0000009a   Code   RO         3364    i.WM__MoveWindow    STemWin526_CM3_OS_Keil.lib(wm_move.o)
    0x08018fe6   0x00000002   PAD
    0x08018fe8   0x000000a0   Code   RO         2787    i.WM__Paint         STemWin526_CM3_OS_Keil.lib(wm.o)
    0x08019088   0x0000008c   Code   RO         2788    i.WM__Paint1        STemWin526_CM3_OS_Keil.lib(wm.o)
    0x08019114   0x00000078   Code   RO         2789    i.WM__PaintWinAndOverlays  STemWin526_CM3_OS_Keil.lib(wm.o)
    0x0801918c   0x00000020   Code   RO         2790    i.WM__RectIsNZ      STemWin526_CM3_OS_Keil.lib(wm.o)
    0x080191ac   0x0000002c   Code   RO         3203    i.WM__ReleaseCapture  STemWin526_CM3_OS_Keil.lib(wm_setcapture.o)
    0x080191d8   0x0000002c   Code   RO         3165    i.WM__RemoveCriticalHandle  STemWin526_CM3_OS_Keil.lib(wm_criticalhandle.o)
    0x08019204   0x00000030   Code   RO         2791    i.WM__RemoveFromLinList  STemWin526_CM3_OS_Keil.lib(wm.o)
    0x08019234   0x00000040   Code   RO         2792    i.WM__RemoveWindowFromList  STemWin526_CM3_OS_Keil.lib(wm.o)
    0x08019274   0x00000014   Code   RO         2793    i.WM__SelectTopLevelLayer  STemWin526_CM3_OS_Keil.lib(wm.o)
    0x08019288   0x0000003c   Code   RO         3157    i.WM__SendMessage   STemWin526_CM3_OS_Keil.lib(wm__sendmessage.o)
    0x080192c4   0x0000001c   Code   RO         3160    i.WM__SendMessageIfEnabled  STemWin526_CM3_OS_Keil.lib(wm__sendmessageifenabled.o)
    0x080192e0   0x00000026   Code   RO         3333    i.WM__SendMessageNoPara  STemWin526_CM3_OS_Keil.lib(wm__sendmessagenopara.o)
    0x08019306   0x0000000e   Code   RO         2794    i.WM__SendMsgNoData  STemWin526_CM3_OS_Keil.lib(wm.o)
    0x08019314   0x0000003e   Code   RO         2873    i.WM__SendPIDMessage  STemWin526_CM3_OS_Keil.lib(wm_touch.o)
    0x08019352   0x00000036   Code   RO         2874    i.WM__SendTouchMessage  STemWin526_CM3_OS_Keil.lib(wm_touch.o)
    0x08019388   0x000000dc   Code   RO         3359    i.WM__UpdateChildPositions  STemWin526_CM3_OS_Keil.lib(wm__updatechildpositions.o)
    0x08019464   0x00000078   Code   RO         1800    i._AddFreeMemory    STemWin526_CM3_OS_Keil.lib(gui_alloc.o)
    0x080194dc   0x000000bc   Code   RO         1801    i._Alloc            STemWin526_CM3_OS_Keil.lib(gui_alloc.o)
    0x08019598   0x00000014   Code   RO         2593    i._ClipRectEx       STemWin526_CM3_OS_Keil.lib(gui_sprite.o)
    0x080195ac   0x00000048   Code   RO         2119    i._Color2IndexBulk  STemWin526_CM3_OS_Keil.lib(guicc_m565.o)
    0x080195f4   0x0000000e   Code   RO         3242    i._Color2IndexBulk  STemWin526_CM3_OS_Keil.lib(guicc_8888.o)
    0x08019602   0x00000002   PAD
    0x08019604   0x00000054   Code   RO         3053    i._Color2Index_0    STemWin526_CM3_OS_Keil.lib(guicc_0.o)
    0x08019658   0x00000002   Code   RO         3243    i._Color2Index_8888  STemWin526_CM3_OS_Keil.lib(guicc_8888.o)
    0x0801965a   0x00000002   PAD
    0x0801965c   0x00000028   Code   RO         2120    i._Color2Index_M565  STemWin526_CM3_OS_Keil.lib(guicc_m565.o)
    0x08019684   0x0000003e   Code   RO         2746    i._Convert16        STemWin526_CM3_OS_Keil.lib(guidev_writetoactiveopaque.o)
    0x080196c2   0x0000003e   Code   RO         2747    i._Convert8         STemWin526_CM3_OS_Keil.lib(guidev_writetoactiveopaque.o)
    0x08019700   0x0000009a   Code   RO         2594    i._CreateBuffer     STemWin526_CM3_OS_Keil.lib(gui_sprite.o)
    0x0801979a   0x00000002   PAD
    0x0801979c   0x00000148   Code   RO         3139    i._CreateStaticDevice  STemWin526_CM3_OS_Keil.lib(guidev_staticdevices.o)
    0x080198e4   0x00000014   Code   RO         2068    i._DecPointer       STemWin526_CM3_OS_Keil.lib(gui_pid.o)
    0x080198f8   0x00000012   Code   RO         2795    i._DeleteAllChildren  STemWin526_CM3_OS_Keil.lib(wm.o)
    0x0801990a   0x00000002   PAD
    0x0801990c   0x00000020   Code   RO         2796    i._DesktopHandle2Index  STemWin526_CM3_OS_Keil.lib(wm.o)
    0x0801992c   0x00000074   Code   RO         2947    i._DispLine         STemWin526_CM3_OS_Keil.lib(gui_charline.o)
    0x080199a0   0x00000084   Code   RO         2595    i._DoColorConversion  STemWin526_CM3_OS_Keil.lib(gui_sprite.o)
    0x08019a24   0x000001e0   Code   RO         1859    i._Draw             STemWin526_CM3_OS_Keil.lib(gui_bmp.o)
    0x08019c04   0x00000134   Code   RO         1907    i._Draw             STemWin526_CM3_OS_Keil.lib(gui_bmp_drawscaled.o)
    0x08019d38   0x00000148   Code   RO         2402    i._DrawBitLine1BPP  STemWin526_CM3_OS_Keil.lib(guidev_16.o)
    0x08019e80   0x0000011c   Code   RO         3267    i._DrawBitLine1BPP  STemWin526_CM3_OS_Keil.lib(guidev_32.o)
    0x08019f9c   0x000000e0   Code   RO         2403    i._DrawBitLine2BPP  STemWin526_CM3_OS_Keil.lib(guidev_16.o)
    0x0801a07c   0x000000e0   Code   RO         3268    i._DrawBitLine2BPP  STemWin526_CM3_OS_Keil.lib(guidev_32.o)
    0x0801a15c   0x00000094   Code   RO         3269    i._DrawBitLine32BPP_DDB  STemWin526_CM3_OS_Keil.lib(guidev_32.o)
    0x0801a1f0   0x00000160   Code   RO         2404    i._DrawBitLine4BPP  STemWin526_CM3_OS_Keil.lib(guidev_16.o)
    0x0801a350   0x00000158   Code   RO         3270    i._DrawBitLine4BPP  STemWin526_CM3_OS_Keil.lib(guidev_32.o)
    0x0801a4a8   0x000002d8   Code   RO         2405    i._DrawBitmap       STemWin526_CM3_OS_Keil.lib(guidev_16.o)
    0x0801a780   0x00000268   Code   RO         2596    i._DrawBitmap       STemWin526_CM3_OS_Keil.lib(gui_sprite.o)
    0x0801a9e8   0x000002a4   Code   RO         3271    i._DrawBitmap       STemWin526_CM3_OS_Keil.lib(guidev_32.o)
    0x0801ac8c   0x000000f4   Code   RO         1908    i._DrawBitmapScaled  STemWin526_CM3_OS_Keil.lib(gui_bmp_drawscaled.o)
    0x0801ad80   0x000000ba   Code   RO         1909    i._DrawBitmapScaled_RLE  STemWin526_CM3_OS_Keil.lib(gui_bmp_drawscaled.o)
    0x0801ae3a   0x00000002   PAD
    0x0801ae3c   0x000000e4   Code   RO         1860    i._DrawBitmap_16bpp  STemWin526_CM3_OS_Keil.lib(gui_bmp.o)
    0x0801af20   0x000000dc   Code   RO         1861    i._DrawBitmap_Pal   STemWin526_CM3_OS_Keil.lib(gui_bmp.o)
    0x0801affc   0x00000100   Code   RO         1862    i._DrawBitmap_RGB   STemWin526_CM3_OS_Keil.lib(gui_bmp.o)
    0x0801b0fc   0x0000024c   Code   RO         1863    i._DrawBitmap_RLE   STemWin526_CM3_OS_Keil.lib(gui_bmp.o)
    0x0801b348   0x0000000a   Code   RO         2406    i._DrawHLine        STemWin526_CM3_OS_Keil.lib(guidev_16.o)
    0x0801b352   0x00000002   PAD
    0x0801b354   0x00000114   Code   RO         2597    i._DrawHLine        STemWin526_CM3_OS_Keil.lib(gui_sprite.o)
    0x0801b468   0x0000000a   Code   RO         3272    i._DrawHLine        STemWin526_CM3_OS_Keil.lib(guidev_32.o)
    0x0801b472   0x00000084   Code   RO         1910    i._DrawLineScaled_16bpp  STemWin526_CM3_OS_Keil.lib(gui_bmp_drawscaled.o)
    0x0801b4f6   0x00000002   PAD
    0x0801b4f8   0x00000086   Code   RO         1911    i._DrawLineScaled_Pal  STemWin526_CM3_OS_Keil.lib(gui_bmp_drawscaled.o)
    0x0801b57e   0x00000002   PAD
    0x0801b580   0x0000008e   Code   RO         1912    i._DrawLineScaled_RGB  STemWin526_CM3_OS_Keil.lib(gui_bmp_drawscaled.o)
    0x0801b60e   0x00000002   PAD
    0x0801b610   0x00000088   Code   RO         1913    i._DrawLineScaled_RLE  STemWin526_CM3_OS_Keil.lib(gui_bmp_drawscaled.o)
    0x0801b698   0x00000074   Code   RO         1864    i._DrawLine_RGB     STemWin526_CM3_OS_Keil.lib(gui_bmp.o)
    0x0801b70c   0x0000005c   Code   RO         2797    i._DrawNext         STemWin526_CM3_OS_Keil.lib(wm.o)
    0x0801b768   0x000000b8   Code   RO         2407    i._DrawVLine        STemWin526_CM3_OS_Keil.lib(guidev_16.o)
    0x0801b820   0x00000110   Code   RO         2598    i._DrawVLine        STemWin526_CM3_OS_Keil.lib(gui_sprite.o)
    0x0801b930   0x000000ac   Code   RO         3273    i._DrawVLine        STemWin526_CM3_OS_Keil.lib(guidev_32.o)
    0x0801b9dc   0x00000098   Code   RO         1802    i._EnlargeBlocks    STemWin526_CM3_OS_Keil.lib(gui_alloc.o)
    0x0801ba74   0x00000078   Code   RO         2798    i._Exec1Input       STemWin526_CM3_OS_Keil.lib(wm.o)
    0x0801baec   0x000000ac   Code   RO         2408    i._FillRect         STemWin526_CM3_OS_Keil.lib(guidev_16.o)
    0x0801bb98   0x00000134   Code   RO         2599    i._FillRect         STemWin526_CM3_OS_Keil.lib(gui_sprite.o)
    0x0801bccc   0x000000a4   Code   RO         3274    i._FillRect         STemWin526_CM3_OS_Keil.lib(guidev_32.o)
    0x0801bd70   0x00000148   Code   RO         2799    i._FindNext_IVR     STemWin526_CM3_OS_Keil.lib(wm.o)
    0x0801beb8   0x0000007c   Code   RO         2800    i._Findx0           STemWin526_CM3_OS_Keil.lib(wm.o)
    0x0801bf34   0x00000072   Code   RO         2801    i._Findx1           STemWin526_CM3_OS_Keil.lib(wm.o)
    0x0801bfa6   0x000000a6   Code   RO         2802    i._Findy1           STemWin526_CM3_OS_Keil.lib(wm.o)
    0x0801c04c   0x00000074   Code   RO         2600    i._FlushBuffer      STemWin526_CM3_OS_Keil.lib(gui_sprite.o)
    0x0801c0c0   0x00000004   Code   RO         3319    i._GUI_USAGE_BM_Delete  STemWin526_CM3_OS_Keil.lib(guidev_usagebm.o)
    0x0801c0c4   0x00000024   Code   RO         1865    i._GetBitfieldsPara  STemWin526_CM3_OS_Keil.lib(gui_bmp.o)
    0x0801c0e8   0x0000006c   Code   RO         2601    i._GetBkPixel       STemWin526_CM3_OS_Keil.lib(gui_sprite.o)
    0x0801c154   0x000000d0   Code   RO         1866    i._GetClipParam     STemWin526_CM3_OS_Keil.lib(gui_bmp.o)
    0x0801c224   0x00000140   Code   RO         2602    i._GetClipParam     STemWin526_CM3_OS_Keil.lib(gui_sprite.o)
    0x0801c364   0x000000d4   Code   RO         2603    i._GetClipRect      STemWin526_CM3_OS_Keil.lib(gui_sprite.o)
    0x0801c438   0x00000088   Code   RO         1914    i._GetColor         STemWin526_CM3_OS_Keil.lib(gui_bmp_drawscaled.o)
    0x0801c4c0   0x000001fc   Code   RO         1915    i._GetColorIndex_RLE  STemWin526_CM3_OS_Keil.lib(gui_bmp_drawscaled.o)
    0x0801c6bc   0x00000010   Code   RO         2409    i._GetDevData       STemWin526_CM3_OS_Keil.lib(guidev_16.o)
    0x0801c6cc   0x00000004   Code   RO         2604    i._GetDevData       STemWin526_CM3_OS_Keil.lib(gui_sprite.o)
    0x0801c6d0   0x00000010   Code   RO         3275    i._GetDevData       STemWin526_CM3_OS_Keil.lib(guidev_32.o)
    0x0801c6e0   0x00000010   Code   RO         2410    i._GetDevFunc       STemWin526_CM3_OS_Keil.lib(guidev_16.o)
    0x0801c6f0   0x00000012   Code   RO         2605    i._GetDevFunc       STemWin526_CM3_OS_Keil.lib(gui_sprite.o)
    0x0801c702   0x00000002   PAD
    0x0801c704   0x00000010   Code   RO         3276    i._GetDevFunc       STemWin526_CM3_OS_Keil.lib(guidev_32.o)
    0x0801c714   0x0000001e   Code   RO         2206    i._GetDevProp       STemWin526_CM3_OS_Keil.lib(lcd_getex.o)
    0x0801c732   0x00000008   Code   RO         2411    i._GetDevProp       STemWin526_CM3_OS_Keil.lib(guidev_16.o)
    0x0801c73a   0x0000000e   Code   RO         2606    i._GetDevProp       STemWin526_CM3_OS_Keil.lib(gui_sprite.o)
    0x0801c748   0x0000000c   Code   RO         3277    i._GetDevProp       STemWin526_CM3_OS_Keil.lib(guidev_32.o)
    0x0801c754   0x00000040   Code   RO         2607    i._GetDeviceRect    STemWin526_CM3_OS_Keil.lib(gui_sprite.o)
    0x0801c794   0x000000bc   Code   RO         1867    i._GetEarlyOut      STemWin526_CM3_OS_Keil.lib(gui_bmp.o)
    0x0801c850   0x00000052   Code   RO         3054    i._GetIndexMask_0   STemWin526_CM3_OS_Keil.lib(guicc_0.o)
    0x0801c8a2   0x00000006   Code   RO         3244    i._GetIndexMask_8888  STemWin526_CM3_OS_Keil.lib(guicc_8888.o)
    0x0801c8a8   0x00000006   Code   RO         2121    i._GetIndexMask_M565  STemWin526_CM3_OS_Keil.lib(guicc_m565.o)
    0x0801c8ae   0x0000001e   Code   RO         2207    i._GetMaxValue      STemWin526_CM3_OS_Keil.lib(lcd_getex.o)
    0x0801c8cc   0x0000001c   Code   RO         1803    i._GetMinIndex      STemWin526_CM3_OS_Keil.lib(gui_alloc.o)
    0x0801c8e8   0x0000000e   Code   RO         2412    i._GetPixelIndex    STemWin526_CM3_OS_Keil.lib(guidev_16.o)
    0x0801c8f6   0x0000005e   Code   RO         2608    i._GetPixelIndex    STemWin526_CM3_OS_Keil.lib(gui_sprite.o)
    0x0801c954   0x0000000e   Code   RO         3278    i._GetPixelIndex    STemWin526_CM3_OS_Keil.lib(guidev_32.o)
    0x0801c962   0x00000030   Code   RO         2413    i._GetRect          STemWin526_CM3_OS_Keil.lib(guidev_16.o)
    0x0801c992   0x0000000e   Code   RO         2609    i._GetRect          STemWin526_CM3_OS_Keil.lib(gui_sprite.o)
    0x0801c9a0   0x00000030   Code   RO         3279    i._GetRect          STemWin526_CM3_OS_Keil.lib(guidev_32.o)
    0x0801c9d0   0x00000036   Code   RO         1916    i._GetStep          STemWin526_CM3_OS_Keil.lib(gui_bmp_drawscaled.o)
    0x0801ca06   0x00000002   PAD
    0x0801ca08   0x00000010   Code   RO         2478    i._GotoX            STemWin526_CM3_OS_Keil.lib(gui_goto.o)
    0x0801ca18   0x00000010   Code   RO         2479    i._GotoY            STemWin526_CM3_OS_Keil.lib(gui_goto.o)
    0x0801ca28   0x00000014   Code   RO         2069    i._IncPointer       STemWin526_CM3_OS_Keil.lib(gui_pid.o)
    0x0801ca3c   0x0000001c   Code   RO         2970    i._IncPointer       STemWin526_CM3_OS_Keil.lib(gui_onkey.o)
    0x0801ca58   0x00000006   Code   RO         2971    i._IncReadPointer   STemWin526_CM3_OS_Keil.lib(gui_onkey.o)
    0x0801ca5e   0x00000064   Code   RO         1868    i._Index2ColorBitfields  STemWin526_CM3_OS_Keil.lib(gui_bmp.o)
    0x0801cac2   0x00000002   PAD
    0x0801cac4   0x00000058   Code   RO         2122    i._Index2ColorBulk  STemWin526_CM3_OS_Keil.lib(guicc_m565.o)
    0x0801cb1c   0x0000000e   Code   RO         3245    i._Index2ColorBulk  STemWin526_CM3_OS_Keil.lib(guicc_8888.o)
    0x0801cb2a   0x00000020   Code   RO         3055    i._Index2Color_0    STemWin526_CM3_OS_Keil.lib(guicc_0.o)
    0x0801cb4a   0x00000002   PAD
    0x0801cb4c   0x00000070   Code   RO         1957    i._InitContext      STemWin526_CM3_OS_Keil.lib(gui_core.o)
    0x0801cbbc   0x000000a8   Code   RO         1804    i._InitOnce         STemWin526_CM3_OS_Keil.lib(gui_alloc.o)
    0x0801cc64   0x00000080   Code   RO         2803    i._Invalidate1Abs   STemWin526_CM3_OS_Keil.lib(wm.o)
    0x0801cce4   0x00000016   Code   RO         2610    i._Link             STemWin526_CM3_OS_Keil.lib(gui_sprite.o)
    0x0801ccfa   0x00000014   Code   RO         2101    i._Log2Phys         STemWin526_CM3_OS_Keil.lib(gui_touch_driveranalog.o)
    0x0801cd0e   0x00000002   Code   RO         2948    i._Log2VisBuffered  STemWin526_CM3_OS_Keil.lib(gui_charline.o)
    0x0801cd10   0x00000068   Code   RO         1869    i._ManageBitfields  STemWin526_CM3_OS_Keil.lib(gui_bmp.o)
    0x0801cd78   0x00000008   Code   RO         3119    i._Min              STemWin526_CM3_OS_Keil.lib(guidev_banding.o)
    0x0801cd80   0x0000006e   Code   RO         3365    i._MoveDescendents  STemWin526_CM3_OS_Keil.lib(wm_move.o)
    0x0801cdee   0x00000002   PAD
    0x0801cdf0   0x00000024   Code   RO         1870    i._NextPixel_End    STemWin526_CM3_OS_Keil.lib(gui_bmp.o)
    0x0801ce14   0x00000054   Code   RO         1871    i._NextPixel_FlushBuffer  STemWin526_CM3_OS_Keil.lib(gui_bmp.o)
    0x0801ce68   0x00000020   Code   RO         1872    i._NextPixel_NextLine  STemWin526_CM3_OS_Keil.lib(gui_bmp.o)
    0x0801ce88   0x000000b8   Code   RO         1873    i._NextPixel_SetPixel  STemWin526_CM3_OS_Keil.lib(gui_bmp.o)
    0x0801cf40   0x00000084   Code   RO         1874    i._NextPixel_Start  STemWin526_CM3_OS_Keil.lib(gui_bmp.o)
    0x0801cfc4   0x00000034   Code   RO         1805    i._OnExit           STemWin526_CM3_OS_Keil.lib(gui_alloc.o)
    0x0801cff8   0x0000002c   Code   RO         1958    i._OnExit           STemWin526_CM3_OS_Keil.lib(gui_core.o)
    0x0801d024   0x00000018   Code   RO         1996    i._OnExit           STemWin526_CM3_OS_Keil.lib(gui_curs1.o)
    0x0801d03c   0x00000014   Code   RO         2673    i._OnExit           STemWin526_CM3_OS_Keil.lib(gui_task.o)
    0x0801d050   0x00000014   Code   RO         2719    i._OnExit           STemWin526_CM3_OS_Keil.lib(lcd_color.o)
    0x0801d064   0x00000034   Code   RO         2804    i._OnExit           STemWin526_CM3_OS_Keil.lib(wm.o)
    0x0801d098   0x00000028   Code   RO         2896    i._OnExit           STemWin526_CM3_OS_Keil.lib(gui__alpha.o)
    0x0801d0c0   0x00000024   Code   RO         2805    i._Paint1           STemWin526_CM3_OS_Keil.lib(wm.o)
    0x0801d0e4   0x0000008c   Code   RO         2806    i._Paint1Trans      STemWin526_CM3_OS_Keil.lib(wm.o)
    0x0801d170   0x0000009a   Code   RO         2807    i._PaintTransChildren  STemWin526_CM3_OS_Keil.lib(wm.o)
    0x0801d20a   0x0000003a   Code   RO         2611    i._PixelExists      STemWin526_CM3_OS_Keil.lib(gui_sprite.o)
    0x0801d244   0x00000040   Code   RO         1806    i._PopFreeBlock     STemWin526_CM3_OS_Keil.lib(gui_alloc.o)
    0x0801d284   0x00000028   Code   RO         1807    i._PushFreeBlock    STemWin526_CM3_OS_Keil.lib(gui_alloc.o)
    0x0801d2ac   0x0000001c   Code   RO         2612    i._ReleaseBuffer    STemWin526_CM3_OS_Keil.lib(gui_sprite.o)
    0x0801d2c8   0x00000034   Code   RO         1808    i._RemoveFreeBlock  STemWin526_CM3_OS_Keil.lib(gui_alloc.o)
    0x0801d2fc   0x0000005c   Code   RO         3011    i._RemoveFromLinList  STemWin526_CM3_OS_Keil.lib(gui_timer.o)
    0x0801d358   0x000000a0   Code   RO         1809    i._RemoveHoles      STemWin526_CM3_OS_Keil.lib(gui_alloc.o)
    0x0801d3f8   0x0000005a   Code   RO         3190    i._Screen2hWin      STemWin526_CM3_OS_Keil.lib(wm_screen2win.o)
    0x0801d452   0x00000002   PAD
    0x0801d454   0x00000024   Code   RO         3191    i._Screen2hWinStop  STemWin526_CM3_OS_Keil.lib(wm_screen2win.o)
    0x0801d478   0x0000001a   Code   RO         1932    i._SendU16          STemWin526_CM3_OS_Keil.lib(gui_bmp_serialize.o)
    0x0801d492   0x0000001c   Code   RO         1933    i._SendU32          STemWin526_CM3_OS_Keil.lib(gui_bmp_serialize.o)
    0x0801d4ae   0x00000002   PAD
    0x0801d4b0   0x00000208   Code   RO         1934    i._SerializeEx      STemWin526_CM3_OS_Keil.lib(gui_bmp_serialize.o)
    0x0801d6b8   0x00000020   Code   RO         2145    i._SetBkColor       STemWin526_CM3_OS_Keil.lib(lcd.o)
    0x0801d6d8   0x0000004c   Code   RO         2808    i._SetClipRectUserIntersect  STemWin526_CM3_OS_Keil.lib(wm.o)
    0x0801d724   0x00000020   Code   RO         2146    i._SetColor         STemWin526_CM3_OS_Keil.lib(lcd.o)
    0x0801d744   0x0000002c   Code   RO         2147    i._SetDrawMode      STemWin526_CM3_OS_Keil.lib(lcd.o)
    0x0801d770   0x00000034   Code   RO         2102    i._SetMinMax        STemWin526_CM3_OS_Keil.lib(gui_touch_driveranalog.o)
    0x0801d7a4   0x00000008   Code   RO         2414    i._SetOrg           STemWin526_CM3_OS_Keil.lib(guidev_16.o)
    0x0801d7ac   0x0000000e   Code   RO         2615    i._SetOrg           STemWin526_CM3_OS_Keil.lib(gui_sprite.o)
    0x0801d7ba   0x00000008   Code   RO         3280    i._SetOrg           STemWin526_CM3_OS_Keil.lib(guidev_32.o)
    0x0801d7c2   0x00000002   PAD
    0x0801d7c4   0x00000048   Code   RO         2415    i._SetPixelIndex    STemWin526_CM3_OS_Keil.lib(guidev_16.o)
    0x0801d80c   0x00000062   Code   RO         2616    i._SetPixelIndex    STemWin526_CM3_OS_Keil.lib(gui_sprite.o)
    0x0801d86e   0x00000002   PAD
    0x0801d870   0x00000048   Code   RO         3281    i._SetPixelIndex    STemWin526_CM3_OS_Keil.lib(guidev_32.o)
    0x0801d8b8   0x0000029c   Code   RO         2617    i._SetPosition      STemWin526_CM3_OS_Keil.lib(gui_sprite.o)
    0x0801db54   0x0000004a   Code   RO         2618    i._SetSpriteBkPixel  STemWin526_CM3_OS_Keil.lib(gui_sprite.o)
    0x0801db9e   0x00000002   PAD
    0x0801dba0   0x00000038   Code   RO         1997    i._Show             STemWin526_CM3_OS_Keil.lib(gui_curs1.o)
    0x0801dbd8   0x00000108   Code   RO         2619    i._SpriteDraw       STemWin526_CM3_OS_Keil.lib(gui_sprite.o)
    0x0801dce0   0x00000058   Code   RO         2070    i._StoreState       STemWin526_CM3_OS_Keil.lib(gui_pid.o)
    0x0801dd38   0x00000030   Code   RO         2103    i._StoreUnstable    STemWin526_CM3_OS_Keil.lib(gui_touch_driveranalog.o)
    0x0801dd68   0x000000ea   Code   RO         1810    i._TestRAM          STemWin526_CM3_OS_Keil.lib(gui_alloc.o)
    0x0801de52   0x00000002   PAD
    0x0801de54   0x000000d8   Code   RO         2620    i._Undraw           STemWin526_CM3_OS_Keil.lib(gui_sprite.o)
    0x0801df2c   0x00000016   Code   RO         2621    i._Unlink           STemWin526_CM3_OS_Keil.lib(gui_sprite.o)
    0x0801df42   0x00000002   PAD
    0x0801df44   0x00000050   Code   RO         3012    i._Unlink           STemWin526_CM3_OS_Keil.lib(gui_timer.o)
    0x0801df94   0x00000030   Code   RO         2025    i._UnlinkDevice     STemWin526_CM3_OS_Keil.lib(gui_device.o)
    0x0801dfc4   0x0000000e   Code   RO         1811    i._WriteTagData     STemWin526_CM3_OS_Keil.lib(gui_alloc.o)
    0x0801dfd2   0x00000002   PAD
    0x0801dfd4   0x00000340   Code   RO         2748    i._WriteToActiveOpaque_8  STemWin526_CM3_OS_Keil.lib(guidev_writetoactiveopaque.o)
    0x0801e314   0x00000354   Code   RO         2749    i._WriteToActiveOpaque_HT  STemWin526_CM3_OS_Keil.lib(guidev_writetoactiveopaque.o)
    0x0801e668   0x0000003c   Code   RO         2416    i._XY2PTR           STemWin526_CM3_OS_Keil.lib(guidev_16.o)
    0x0801e6a4   0x0000003c   Code   RO         3282    i._XY2PTR           STemWin526_CM3_OS_Keil.lib(guidev_32.o)
    0x0801e6e0   0x00000054   Code   RO         2417    i._XorPixel         STemWin526_CM3_OS_Keil.lib(guidev_16.o)
    0x0801e734   0x00000066   Code   RO         2622    i._XorPixel         STemWin526_CM3_OS_Keil.lib(gui_sprite.o)
    0x0801e79a   0x00000002   PAD
    0x0801e79c   0x00000058   Code   RO         3283    i._XorPixel         STemWin526_CM3_OS_Keil.lib(guidev_32.o)
    0x0801e7f4   0x00000044   Code   RO         2809    i._cbPaintMemDev    STemWin526_CM3_OS_Keil.lib(wm.o)
    0x0801e838   0x0000000e   Code   RO         3420    i._is_digit         c_w.l(__printf_wp.o)
    0x0801e846   0x00000002   PAD
    0x0801e848   0x00000050   Code   RO         2810    i.cbBackWin         STemWin526_CM3_OS_Keil.lib(wm.o)
    0x0801e898   0x0000008a   Code   RO         2148    i.emWin_LCD_Init    STemWin526_CM3_OS_Keil.lib(lcd.o)
    0x0801e922   0x0000004c   Code   RO         3507    i.sqrt              m_ws.l(sqrt.o)
    0x0801e96e   0x00000002   PAD
    0x0801e970   0x00000150   Code   RO         3456    x$fpl$dadd          fz_ws.l(daddsub_clz.o)
    0x0801eac0   0x00000018   Code   RO         3534    x$fpl$dcmpinf       fz_ws.l(dcmpi.o)
    0x0801ead8   0x0000005a   Code   RO         3462    x$fpl$dfixu         fz_ws.l(dfixu.o)
    0x0801eb32   0x0000002e   Code   RO         3467    x$fpl$dflt          fz_ws.l(dflt_clz.o)
    0x0801eb60   0x00000026   Code   RO         3466    x$fpl$dfltu         fz_ws.l(dflt_clz.o)
    0x0801eb86   0x00000002   PAD
    0x0801eb88   0x00000078   Code   RO         3472    x$fpl$dleqf         fz_ws.l(dleqf.o)
    0x0801ec00   0x00000154   Code   RO         3474    x$fpl$dmul          fz_ws.l(dmul.o)
    0x0801ed54   0x0000009c   Code   RO         3536    x$fpl$dnaninf       fz_ws.l(dnaninf.o)
    0x0801edf0   0x0000000c   Code   RO         3538    x$fpl$dretinf       fz_ws.l(dretinf.o)
    0x0801edfc   0x00000016   Code   RO         3457    x$fpl$drsb          fz_ws.l(daddsub_clz.o)
    0x0801ee12   0x00000002   PAD
    0x0801ee14   0x000001cc   Code   RO         3540    x$fpl$dsqrt         fz_ws.l(dsqrt_noumaal.o)
    0x0801efe0   0x000001d4   Code   RO         3458    x$fpl$dsub          fz_ws.l(daddsub_clz.o)
    0x0801f1b4   0x000000c4   Code   RO         3476    x$fpl$fadd          fz_ws.l(faddsub_clz.o)
    0x0801f278   0x0000000c   Code   RO         3542    x$fpl$fcheck1       fz_ws.l(fcheck1.o)
    0x0801f284   0x00000184   Code   RO         3483    x$fpl$fdiv          fz_ws.l(fdiv.o)
    0x0801f408   0x00000036   Code   RO         3488    x$fpl$ffix          fz_ws.l(ffix.o)
    0x0801f43e   0x00000002   PAD
    0x0801f440   0x0000003e   Code   RO         3492    x$fpl$ffixu         fz_ws.l(ffixu.o)
    0x0801f47e   0x00000002   PAD
    0x0801f480   0x00000030   Code   RO         3497    x$fpl$fflt          fz_ws.l(fflt_clz.o)
    0x0801f4b0   0x00000026   Code   RO         3496    x$fpl$ffltu         fz_ws.l(fflt_clz.o)
    0x0801f4d6   0x00000002   PAD
    0x0801f4d8   0x00000102   Code   RO         3502    x$fpl$fmul          fz_ws.l(fmul.o)
    0x0801f5da   0x0000008c   Code   RO         3546    x$fpl$fnaninf       fz_ws.l(fnaninf.o)
    0x0801f666   0x0000000a   Code   RO         3548    x$fpl$fretinf       fz_ws.l(fretinf.o)
    0x0801f670   0x000000ea   Code   RO         3478    x$fpl$fsub          fz_ws.l(faddsub_clz.o)
    0x0801f75a   0x00000064   Code   RO         3579    x$fpl$retnan        fz_ws.l(retnan.o)
    0x0801f7be   0x0000004c   Code   RO         3504    x$fpl$scalbnf       fz_ws.l(scalbnf.o)
    0x0801f80a   0x00000030   Code   RO         3600    x$fpl$trapveneer    fz_ws.l(trapv.o)
    0x0801f83a   0x00000000   Code   RO         3550    x$fpl$usenofp       fz_ws.l(usenofp.o)
    0x0801f83a   0x000017c0   Data   RO          436    .constdata          ili93xx.o
    0x08020ffa   0x000000c2   Data   RO          541    .constdata          gt9147.o
    0x080210bc   0x0000000a   Data   RO          560    .constdata          ott2001a.o
    0x080210c6   0x0000000c   Data   RO          577    .constdata          touch.o
    0x080210d2   0x00000002   PAD
    0x080210d4   0x00000094   Data   RO          949    .constdata          lib_str.o
    0x08021168   0x00000100   Data   RO          986    .constdata          cpu_core.o
    0x08021268   0x00000094   Data   RO         1023    .constdata          os_cfg_app.o
    0x080212fc   0x0000003a   Data   RO         1360    .constdata          ff.o
    0x08021336   0x000003c0   Data   RO         1458    .constdata          mycc936.o
    0x080216f6   0x00000002   PAD
    0x080216f8   0x00000034   Data   RO         1519    .constdata          guidrv_template.o
    0x0802172c   0x00000010   Data   RO         1644    .constdata          gui_fonthz12.o
    0x0802173c   0x0000000c   Data   RO         1645    .constdata          gui_fonthz12.o
    0x08021748   0x0000000c   Data   RO         1646    .constdata          gui_fonthz12.o
    0x08021754   0x00000024   Data   RO         1647    .constdata          gui_fonthz12.o
    0x08021778   0x00000010   Data   RO         1658    .constdata          gui_fonthz16.o
    0x08021788   0x0000000c   Data   RO         1659    .constdata          gui_fonthz16.o
    0x08021794   0x0000000c   Data   RO         1660    .constdata          gui_fonthz16.o
    0x080217a0   0x00000024   Data   RO         1661    .constdata          gui_fonthz16.o
    0x080217c4   0x00000010   Data   RO         1672    .constdata          gui_fonthz24.o
    0x080217d4   0x0000000c   Data   RO         1673    .constdata          gui_fonthz24.o
    0x080217e0   0x0000000c   Data   RO         1674    .constdata          gui_fonthz24.o
    0x080217ec   0x00000024   Data   RO         1675    .constdata          gui_fonthz24.o
    0x08021810   0x00000010   Data   RO         1687    .constdata          gui_uc_encodenone.o
    0x08021820   0x00001c34   Data   RO         1707    .constdata          guicharpex.o
    0x08023454   0x00000008   Data   RO         1876    .constdata          STemWin526_CM3_OS_Keil.lib(gui_bmp.o)
    0x0802345c   0x00000008   Data   RO         1960    .constdata          STemWin526_CM3_OS_Keil.lib(gui_core.o)
    0x08023464   0x00000008   Data   RO         2026    .constdata          STemWin526_CM3_OS_Keil.lib(gui_device.o)
    0x0802346c   0x00000018   Data   RO         2123    .constdata          STemWin526_CM3_OS_Keil.lib(guicc_m565.o)
    0x08023484   0x0000000c   Data   RO         2149    .constdata          STemWin526_CM3_OS_Keil.lib(lcd.o)
    0x08023490   0x00000518   Data   RO         2297    .constdata          STemWin526_CM3_OS_Keil.lib(f6x8.o)
    0x080239a8   0x000001c0   Data   RO         2298    .constdata          STemWin526_CM3_OS_Keil.lib(f6x8.o)
    0x08023b68   0x00000008   Data   RO         2299    .constdata          STemWin526_CM3_OS_Keil.lib(f6x8.o)
    0x08023b70   0x00000014   Data   RO         2300    .constdata          STemWin526_CM3_OS_Keil.lib(f6x8.o)
    0x08023b84   0x00000024   Data   RO         2301    .constdata          STemWin526_CM3_OS_Keil.lib(f6x8.o)
    0x08023ba8   0x00000074   Data   RO         2418    .constdata          STemWin526_CM3_OS_Keil.lib(guidev_16.o)
    0x08023c1c   0x00000020   Data   RO         2439    .constdata          STemWin526_CM3_OS_Keil.lib(gui__divtbl_31_255.o)
    0x08023c3c   0x00000040   Data   RO         2440    .constdata          STemWin526_CM3_OS_Keil.lib(gui__divtbl_63_255.o)
    0x08023c7c   0x00000100   Data   RO         2441    .constdata          STemWin526_CM3_OS_Keil.lib(gui__divtbl_255_31.o)
    0x08023d7c   0x00000100   Data   RO         2442    .constdata          STemWin526_CM3_OS_Keil.lib(gui__divtbl_255_63.o)
    0x08023e7c   0x00000014   Data   RO         2463    .constdata          STemWin526_CM3_OS_Keil.lib(gui_cursorarrowm.o)
    0x08023e90   0x0000000c   Data   RO         2464    .constdata          STemWin526_CM3_OS_Keil.lib(gui_cursorarrowm.o)
    0x08023e9c   0x00000034   Data   RO         2623    .constdata          STemWin526_CM3_OS_Keil.lib(gui_sprite.o)
    0x08023ed0   0x00000100   Data   RO         2738    .constdata          STemWin526_CM3_OS_Keil.lib(lcd_mirror.o)
    0x08023fd0   0x00000008   Data   RO         2750    .constdata          STemWin526_CM3_OS_Keil.lib(guidev_writetoactiveopaque.o)
    0x08023fd8   0x0000003c   Data   RO         2956    .constdata          STemWin526_CM3_OS_Keil.lib(gui_cursorarrowmpx.o)
    0x08024014   0x0000000c   Data   RO         2957    .constdata          STemWin526_CM3_OS_Keil.lib(gui_cursorpal.o)
    0x08024020   0x0000000c   Data   RO         2958    .constdata          STemWin526_CM3_OS_Keil.lib(gui_cursorpal.o)
    0x0802402c   0x00000018   Data   RO         3056    .constdata          STemWin526_CM3_OS_Keil.lib(guicc_0.o)
    0x08024044   0x00000018   Data   RO         3246    .constdata          STemWin526_CM3_OS_Keil.lib(guicc_8888.o)
    0x0802405c   0x00000074   Data   RO         3284    .constdata          STemWin526_CM3_OS_Keil.lib(guidev_32.o)
    0x080240d0   0x00000018   Data   RO         3320    .constdata          STemWin526_CM3_OS_Keil.lib(guidev_usagebm.o)
    0x080240e8   0x00000028   Data   RO         3393    .constdata          c_w.l(_printf_hex_int.o)
    0x08024110   0x00000011   Data   RO         3428    .constdata          c_w.l(__printf_flags_ss_wp.o)
    0x08024121   0x00000003   PAD
    0x08024124   0x00000079   Data   RO          578    .conststring        touch.o
    0x0802419d   0x00000003   PAD
    0x080241a0   0x00000064   Data   RO         1410    .conststring        exfuns.o
    0x08024204   0x00000002   Data   RO         1649    .conststring        gui_fonthz12.o
    0x08024206   0x00000002   PAD
    0x08024208   0x00000028   Data   RO         1732    .conststring        usmart.o
    0x08024230   0x0000029d   Data   RO         1748    .conststring        usmart_config.o
    0x080244cd   0x00000003   PAD
    0x080244d0   0x00000020   Data   RO         3722    Region$$Table       anon$$obj.o


    Execution Region RW_IRAM1 (Base: 0x20000000, Size: 0x0000bf00, Max: 0x0000c000, ABSOLUTE, COMPRESSED[0x00000194])

    Base Addr    Size         Type   Attr      Idx    E Section Name        Object

    0x20000000   0x00000014   Data   RW          392    .data               system_stm32f10x.o
    0x20000014   0x00000001   Data   RW          422    .data               key.o
    0x20000015   0x00000001   PAD
    0x20000016   0x00000004   Data   RW          437    .data               ili93xx.o
    0x2000001a   0x00000001   Data   RW          542    .data               gt9147.o
    0x2000001b   0x00000001   Data   RW          561    .data               ott2001a.o
    0x2000001c   0x0000003c   Data   RW          579    .data               touch.o
    0x20000058   0x00000002   Data   RW          611    .data               flash.o
    0x2000005a   0x00000001   Data   RW          630    .data               mmc_sd.o
    0x2000005b   0x00000001   PAD
    0x2000005c   0x00000004   Data   RW          649    .data               delay.o
    0x20000060   0x00000002   Data   RW          689    .data               usart.o
    0x20000062   0x00000002   PAD
    0x20000064   0x00000004   Data   RW          690    .data               usart.o
    0x20000068   0x00000014   Data   RW          734    .data               malloc.o
    0x2000007c   0x00000014   Data   RW          804    .data               stm32f10x_rcc.o
    0x20000090   0x00000004   Data   RW          931    .data               lib_mem.o
    0x20000094   0x00000004   Data   RW          988    .data               cpu_core.o
    0x20000098   0x00000008   Data   RW         1142    .data               os_prio.o
    0x200000a0   0x00000004   Data   RW         1254    .data               os_var.o
    0x200000a4   0x00000004   Data   RW         1255    .data               os_var.o
    0x200000a8   0x00000004   Data   RW         1256    .data               os_var.o
    0x200000ac   0x00000004   Data   RW         1257    .data               os_var.o
    0x200000b0   0x00000004   Data   RW         1258    .data               os_var.o
    0x200000b4   0x00000004   Data   RW         1259    .data               os_var.o
    0x200000b8   0x00000004   Data   RW         1260    .data               os_var.o
    0x200000bc   0x00000004   Data   RW         1261    .data               os_var.o
    0x200000c0   0x00000001   Data   RW         1262    .data               os_var.o
    0x200000c1   0x00000001   Data   RW         1263    .data               os_var.o
    0x200000c2   0x00000002   PAD
    0x200000c4   0x00000004   Data   RW         1264    .data               os_var.o
    0x200000c8   0x00000004   Data   RW         1265    .data               os_var.o
    0x200000cc   0x00000002   Data   RW         1266    .data               os_var.o
    0x200000ce   0x00000002   Data   RW         1267    .data               os_var.o
    0x200000d0   0x00000002   Data   RW         1268    .data               os_var.o
    0x200000d2   0x00000002   PAD
    0x200000d4   0x00000004   Data   RW         1269    .data               os_var.o
    0x200000d8   0x00000004   Data   RW         1270    .data               os_var.o
    0x200000dc   0x00000002   Data   RW         1271    .data               os_var.o
    0x200000de   0x00000002   PAD
    0x200000e0   0x00000004   Data   RW         1272    .data               os_var.o
    0x200000e4   0x00000002   Data   RW         1273    .data               os_var.o
    0x200000e6   0x00000002   PAD
    0x200000e8   0x00000004   Data   RW         1274    .data               os_var.o
    0x200000ec   0x00000002   Data   RW         1275    .data               os_var.o
    0x200000ee   0x00000001   Data   RW         1276    .data               os_var.o
    0x200000ef   0x00000001   Data   RW         1277    .data               os_var.o
    0x200000f0   0x00000001   Data   RW         1278    .data               os_var.o
    0x200000f1   0x00000003   PAD
    0x200000f4   0x00000004   Data   RW         1279    .data               os_var.o
    0x200000f8   0x00000002   Data   RW         1280    .data               os_var.o
    0x200000fa   0x00000002   PAD
    0x200000fc   0x00000004   Data   RW         1281    .data               os_var.o
    0x20000100   0x00000004   Data   RW         1282    .data               os_var.o
    0x20000104   0x00000004   Data   RW         1283    .data               os_var.o
    0x20000108   0x00000001   Data   RW         1284    .data               os_var.o
    0x20000109   0x00000003   PAD
    0x2000010c   0x00000004   Data   RW         1285    .data               os_var.o
    0x20000110   0x00000001   Data   RW         1286    .data               os_var.o
    0x20000111   0x00000003   PAD
    0x20000114   0x00000004   Data   RW         1287    .data               os_var.o
    0x20000118   0x00000002   Data   RW         1288    .data               os_var.o
    0x2000011a   0x00000001   Data   RW         1289    .data               os_var.o
    0x2000011b   0x00000001   PAD
    0x2000011c   0x00000002   Data   RW         1290    .data               os_var.o
    0x2000011e   0x00000002   Data   RW         1291    .data               os_var.o
    0x20000120   0x00000004   Data   RW         1292    .data               os_var.o
    0x20000124   0x00000004   Data   RW         1293    .data               os_var.o
    0x20000128   0x00000004   Data   RW         1294    .data               os_var.o
    0x2000012c   0x00000001   Data   RW         1295    .data               os_var.o
    0x2000012d   0x00000003   PAD
    0x20000130   0x00000004   Data   RW         1296    .data               os_var.o
    0x20000134   0x00000004   Data   RW         1297    .data               os_var.o
    0x20000138   0x00000004   Data   RW         1298    .data               os_var.o
    0x2000013c   0x00000002   Data   RW         1299    .data               os_var.o
    0x2000013e   0x00000001   Data   RW         1300    .data               os_var.o
    0x2000013f   0x00000001   PAD
    0x20000140   0x00000004   Data   RW         1301    .data               os_var.o
    0x20000144   0x00000004   Data   RW         1302    .data               os_var.o
    0x20000148   0x00000004   Data   RW         1303    .data               os_var.o
    0x2000014c   0x00000002   Data   RW         1304    .data               os_var.o
    0x2000014e   0x00000002   PAD
    0x20000150   0x00000004   Data   RW         1305    .data               os_var.o
    0x20000154   0x00000004   Data   RW         1306    .data               os_var.o
    0x20000158   0x00000004   Data   RW         1307    .data               os_var.o
    0x2000015c   0x00000004   Data   RW         1308    .data               os_var.o
    0x20000160   0x00000004   Data   RW         1309    .data               os_var.o
    0x20000164   0x00000004   Data   RW         1310    .data               os_var.o
    0x20000168   0x00000004   Data   RW         1327    .data               os_cpu_c.o
    0x2000016c   0x0000000c   Data   RW         1361    .data               ff.o
    0x20000178   0x00000002   Data   RW         1385    .data               diskio.o
    0x2000017a   0x00000002   PAD
    0x2000017c   0x0000014c   Data   RW         1411    .data               exfuns.o
    0x200002c8   0x00000014   Data   RW         1504    .data               gui_x_ucosiii.o
    0x200002dc   0x00000004   Data   RW         1627    .data               bmpdisplay.o
    0x200002e0   0x0000001c   Data   RW         1733    .data               usmart.o
    0x200002fc   0x00000080   Data   RW         1749    .data               usmart_config.o
    0x2000037c   0x000000f4   Data   RW         1750    .data               usmart_config.o
    0x20000470   0x00000008   Data   RW         1813    .data               STemWin526_CM3_OS_Keil.lib(gui_alloc.o)
    0x20000478   0x00000014   Data   RW         1877    .data               STemWin526_CM3_OS_Keil.lib(gui_bmp.o)
    0x2000048c   0x0000002c   Data   RW         1961    .data               STemWin526_CM3_OS_Keil.lib(gui_core.o)
    0x200004b8   0x00000004   Data   RW         1962    .data               STemWin526_CM3_OS_Keil.lib(gui_core.o)
    0x200004bc   0x00000004   Data   RW         1963    .data               STemWin526_CM3_OS_Keil.lib(gui_core.o)
    0x200004c0   0x00000004   Data   RW         1964    .data               STemWin526_CM3_OS_Keil.lib(gui_core.o)
    0x200004c4   0x00000004   Data   RW         1965    .data               STemWin526_CM3_OS_Keil.lib(gui_core.o)
    0x200004c8   0x00000004   Data   RW         1966    .data               STemWin526_CM3_OS_Keil.lib(gui_core.o)
    0x200004cc   0x00000002   Data   RW         1967    .data               STemWin526_CM3_OS_Keil.lib(gui_core.o)
    0x200004ce   0x00000002   PAD
    0x200004d0   0x00000004   Data   RW         1968    .data               STemWin526_CM3_OS_Keil.lib(gui_core.o)
    0x200004d4   0x00000002   Data   RW         1969    .data               STemWin526_CM3_OS_Keil.lib(gui_core.o)
    0x200004d6   0x00000002   Data   RW         1970    .data               STemWin526_CM3_OS_Keil.lib(gui_core.o)
    0x200004d8   0x0000000c   Data   RW         1999    .data               STemWin526_CM3_OS_Keil.lib(gui_curs1.o)
    0x200004e4   0x00000008   Data   RW         2072    .data               STemWin526_CM3_OS_Keil.lib(gui_pid.o)
    0x200004ec   0x00000030   Data   RW         2105    .data               STemWin526_CM3_OS_Keil.lib(gui_touch_driveranalog.o)
    0x2000051c   0x00000008   Data   RW         2124    .data               STemWin526_CM3_OS_Keil.lib(guicc_m565.o)
    0x20000524   0x00000004   Data   RW         2150    .data               STemWin526_CM3_OS_Keil.lib(lcd.o)
    0x20000528   0x00000004   Data   RW         2419    .data               STemWin526_CM3_OS_Keil.lib(guidev_16.o)
    0x2000052c   0x00000008   Data   RW         2496    .data               STemWin526_CM3_OS_Keil.lib(gui_selectlayer.o)
    0x20000534   0x00000020   Data   RW         2540    .data               STemWin526_CM3_OS_Keil.lib(gui_setalpha.o)
    0x20000554   0x0000001c   Data   RW         2674    .data               STemWin526_CM3_OS_Keil.lib(gui_task.o)
    0x20000570   0x00000008   Data   RW         2684    .data               STemWin526_CM3_OS_Keil.lib(gui_touch_storeunstable.o)
    0x20000578   0x0000000c   Data   RW         2693    .data               STemWin526_CM3_OS_Keil.lib(gui_waitevent.o)
    0x20000584   0x00000010   Data   RW         2720    .data               STemWin526_CM3_OS_Keil.lib(lcd_color.o)
    0x20000594   0x00000060   Data   RW         2812    .data               STemWin526_CM3_OS_Keil.lib(wm.o)
    0x200005f4   0x00000001   Data   RW         2813    .data               STemWin526_CM3_OS_Keil.lib(wm.o)
    0x200005f5   0x00000003   PAD
    0x200005f8   0x0000000c   Data   RW         2879    .data               STemWin526_CM3_OS_Keil.lib(wm_touch.o)
    0x20000604   0x00000028   Data   RW         2897    .data               STemWin526_CM3_OS_Keil.lib(gui__alpha.o)
    0x2000062c   0x00000014   Data   RW         2924    .data               STemWin526_CM3_OS_Keil.lib(gui__managecache.o)
    0x20000640   0x00000004   Data   RW         2949    .data               STemWin526_CM3_OS_Keil.lib(gui_charline.o)
    0x20000644   0x0000000c   Data   RW         2973    .data               STemWin526_CM3_OS_Keil.lib(gui_onkey.o)
    0x20000650   0x00000014   Data   RW         3013    .data               STemWin526_CM3_OS_Keil.lib(gui_timer.o)
    0x20000664   0x00000004   Data   RW         3070    .data               STemWin526_CM3_OS_Keil.lib(lcd_aa.o)
    0x20000668   0x00000004   Data   RW         3120    .data               STemWin526_CM3_OS_Keil.lib(guidev_banding.o)
    0x2000066c   0x00000001   Data   RW         3141    .data               STemWin526_CM3_OS_Keil.lib(guidev_staticdevices.o)
    0x2000066d   0x00000003   PAD
    0x20000670   0x00000004   Data   RW         3158    .data               STemWin526_CM3_OS_Keil.lib(wm__sendmessage.o)
    0x20000674   0x00001910   Zero   RW            2    .bss                main.o
    0x20001f84   0x0000000e   Zero   RW          435    .bss                ili93xx.o
    0x20001f92   0x00000012   Zero   RW          507    .bss                spi.o
    0x20001fa4   0x00001000   Zero   RW          610    .bss                flash.o
    0x20002fa4   0x000000c8   Zero   RW          688    .bss                usart.o
    0x2000306c   0x00005000   Zero   RW          729    .bss                malloc.o
    0x2000806c   0x00000500   Zero   RW          730    .bss                malloc.o
    0x2000856c   0x00000448   Zero   RW          930    .bss                lib_mem.o
    0x200089b4   0x00000010   Zero   RW          985    .bss                cpu_core.o
    0x200089c4   0x00000200   Zero   RW         1013    .bss                os_cfg_app.o
    0x20008bc4   0x00000140   Zero   RW         1014    .bss                os_cfg_app.o
    0x20008d04   0x00000200   Zero   RW         1015    .bss                os_cfg_app.o
    0x20008f04   0x00000200   Zero   RW         1016    .bss                os_cfg_app.o
    0x20009104   0x00000640   Zero   RW         1017    .bss                os_cfg_app.o
    0x20009744   0x00000200   Zero   RW         1018    .bss                os_cfg_app.o
    0x20009944   0x00000200   Zero   RW         1019    .bss                os_cfg_app.o
    0x20009b44   0x00000088   Zero   RW         1020    .bss                os_cfg_app.o
    0x20009bcc   0x00000200   Zero   RW         1021    .bss                os_cfg_app.o
    0x20009dcc   0x00000088   Zero   RW         1022    .bss                os_cfg_app.o
    0x20009e54   0x000000c4   Zero   RW         1247    .bss                os_var.o
    0x20009f18   0x000000c4   Zero   RW         1248    .bss                os_var.o
    0x20009fdc   0x0000000c   Zero   RW         1249    .bss                os_var.o
    0x20009fe8   0x00000300   Zero   RW         1250    .bss                os_var.o
    0x2000a2e8   0x000000c4   Zero   RW         1251    .bss                os_var.o
    0x2000a3ac   0x000000c4   Zero   RW         1252    .bss                os_var.o
    0x2000a470   0x000000c4   Zero   RW         1253    .bss                os_var.o
    0x2000a534   0x00000021   Zero   RW         1471    .bss                fontupd.o
    0x2000a555   0x00000003   PAD
    0x2000a558   0x00000850   Zero   RW         1626    .bss                bmpdisplay.o
    0x2000ada8   0x00000400   Zero   RW         1706    .bss                guicharpex.o
    0x2000b1a8   0x000000c8   Zero   RW         1812    .bss                STemWin526_CM3_OS_Keil.lib(gui_alloc.o)
    0x2000b270   0x00000054   Zero   RW         1875    .bss                STemWin526_CM3_OS_Keil.lib(gui_bmp.o)
    0x2000b2c4   0x00000070   Zero   RW         1959    .bss                STemWin526_CM3_OS_Keil.lib(gui_core.o)
    0x2000b334   0x00000028   Zero   RW         1998    .bss                STemWin526_CM3_OS_Keil.lib(gui_curs1.o)
    0x2000b35c   0x00000048   Zero   RW         2071    .bss                STemWin526_CM3_OS_Keil.lib(gui_pid.o)
    0x2000b3a4   0x00000010   Zero   RW         2104    .bss                STemWin526_CM3_OS_Keil.lib(gui_touch_driveranalog.o)
    0x2000b3b4   0x00000018   Zero   RW         2811    .bss                STemWin526_CM3_OS_Keil.lib(wm.o)
    0x2000b3cc   0x00000048   Zero   RW         2878    .bss                STemWin526_CM3_OS_Keil.lib(wm_touch.o)
    0x2000b414   0x00000058   Zero   RW         2972    .bss                STemWin526_CM3_OS_Keil.lib(gui_onkey.o)
    0x2000b46c   0x0000000c   Zero   RW         3034    .bss                STemWin526_CM3_OS_Keil.lib(gui_touch_storestate.o)
    0x2000b478   0x00000018   Zero   RW         3184    .bss                STemWin526_CM3_OS_Keil.lib(wm_pid__getprevstate.o)
    0x2000b490   0x0000000c   Zero   RW         3237    .bss                STemWin526_CM3_OS_Keil.lib(gui_touch.o)
    0x2000b49c   0x00000060   Zero   RW         3582    .bss                c_w.l(libspace.o)
    0x2000b4fc   0x00000004   PAD
    0x2000b500   0x00000200   Zero   RW          722    HEAP                startup_stm32f10x_hd.o
    0x2000b700   0x00000800   Zero   RW          721    STACK               startup_stm32f10x_hd.o


==============================================================================

Image component sizes


      Code (inc. data)   RO Data    RW Data    ZI Data      Debug   Object Name

       318          0          0          0          0       2786   24cxx.o
       600         98          0          4       2128       3150   bmpdisplay.o
       104         12          0          0          0       1745   bsp.o
        52          0          0          0          0        328   cpu_a.o
       444         12        256          4         16      14097   cpu_core.o
       544         12          0          0          0       2703   ctiic.o
       280         28          0          4          0       2427   delay.o
       348         14          0          2          0       3218   diskio.o
       288          4        100        332          0       2614   exfuns.o
     10468        132         58         12          0      42008   ff.o
       808         16          0          2       4096       4791   flash.o
         0          0          0          0         33       1301   fontupd.o
       852         64        194          1          0       3070   gt9147.o
         0          0         78          0          0        757   gui_fonthz12.o
         0          0         76          0          0        757   gui_fonthz16.o
         0          0         76          0          0        757   gui_fonthz24.o
        62          0         16          0          0       1737   gui_uc_encodenone.o
       100          8          0          0          0       1100   gui_x_touch_analog.o
       312         44          0         20          0       3501   gui_x_ucosiii.o
       592         36       7220          0       1024       3818   guicharpex.o
        40          6          0          0          0        543   guiconf.o
      1956         78         52          0          0      59945   guidrv_template.o
     19868        150       6080          4         14      24989   ili93xx.o
       256         14          0          1          0        900   key.o
       276         12          0          0          0       1051   lcdconf_flexcolor_template.o
        84         10          0          0          0        495   led.o
       346          0          0          0          0       4354   lib_ascii.o
      1640         26          0          4       1096      22296   lib_mem.o
       544          0          0          0          0        476   lib_mem_a.o
      1448          4        148          0          0      12496   lib_str.o
       820        152          0          0       6416     350425   main.o
       336          4          0         20      21760       4147   malloc.o
       176         14          0          0          0       1917   misc.o
      1192         18          0          1          0       6728   mmc_sd.o
       148         14        960          0          0       1577   mycc936.o
       552         10          0          0          0       1968   myiic.o
         2          0        148          0       5264      20810   os_cfg_app.o
      2800        280          0          0          0      13319   os_core.o
       152         32          0          0          0        384   os_cpu_a.o
       404         64          0          4          0       3709   os_cpu_c.o
         2          0          0          0          0        454   os_dbg.o
      1896         80          0          0          0       8213   os_flag.o
       808        146          0          0          0       2612   os_int.o
       372         20          0          0          0       2592   os_mem.o
       392         14          0          0          0       3039   os_msg.o
      1764         92          0          0          0       6060   os_mutex.o
       112          6          0          8          0       1824   os_prio.o
      1552         66          0          0          0       6546   os_q.o
      1364         58          0          0          0       6526   os_sem.o
      1024        146          0          0          0       2985   os_stat.o
      3884        216          0          0          0      15438   os_task.o
       848         82          0          0          0       3667   os_tick.o
       784         42          0          0          0       3433   os_time.o
      1628        128          0          0          0       6742   os_tmr.o
         0          0          0        174       1760      19333   os_var.o
       736         52         10          1          0       2873   ott2001a.o
       224         12          0          0         18       1293   spi.o
       352         38          0          0          0       1835   sram.o
        64         26        304          0       2560        784   startup_stm32f10x_hd.o
       612         36          0          0          0       6041   stm32f10x_gpio.o
        14          0          0          0          0        963   stm32f10x_it.o
       696         32          0         20          0       9016   stm32f10x_rcc.o
       628         14          0          0          0       7062   stm32f10x_spi.o
      2800         84          0          0          0      23982   stm32f10x_tim.o
       808         22          0          0          0       8904   stm32f10x_usart.o
         0          0          0          0          0         32   sys.o
       344         34          0         20          0       1755   system_stm32f10x.o
       236          8          0          0          0       1274   timer.o
      2464        152        133         60          0       6825   touch.o
       280         16          0          6        200       3222   usart.o
      2808       1290         40         28          0       4568   usmart.o
         0          0        669        372          0       2136   usmart_config.o
      1056         12          0          0          0       6031   usmart_str.o

    ----------------------------------------------------------------------
     79776       4292      16662       1136      46388     807254   Object Totals
         0          0         32          0          0          0   (incl. Generated)
        12          0         12         32          3          0   (incl. Padding)

    ----------------------------------------------------------------------

      Code (inc. data)   RO Data    RW Data    ZI Data      Debug   Library Member Name

         0          0       1816          0          0          0   f6x8.o
       856         38          0         40          0        512   gui__alpha.o
       648          0          0          0          0        160   gui__compactpixelindices.o
         0          0        256          0          0          0   gui__divtbl_255_31.o
         0          0        256          0          0          0   gui__divtbl_255_63.o
         0          0         32          0          0          0   gui__divtbl_31_255.o
         0          0         64          0          0          0   gui__divtbl_63_255.o
       322          0          0          0          0        108   gui__expandpixelindices.o
        58          0          0          0          0         68   gui__intersectrect.o
        82          0          0          0          0         80   gui__intersectrects.o
       216          8          0         20          0        156   gui__managecache.o
        76          0          0          0          0         76   gui__memset.o
        60          0          0          0          0         76   gui__memset16.o
        56          0          0          0          0        136   gui__read.o
      1854        120          0          8        200       1908   gui_alloc.o
        46          0          0          0          0         80   gui_alloc_alloczero.o
      3414         98          8         20         84       1908   gui_bmp.o
      2032         42          0          0          0       1016   gui_bmp_drawscaled.o
       622          6          0          0          0        372   gui_bmp_serialize.o
        60          0          0          0          0         76   gui_calccolordist.o
       164         20          0          0          0        308   gui_char.o
       458         36          0          4          0        472   gui_charline.o
       394         10          0          0          0        300   gui_charm.o
       476         78          8         74        112        620   gui_core.o
       484         44          0         12         40        492   gui_curs1.o
         0          0         32          0          0          0   gui_cursorarrowm.o
         0          0         60          0          0          0   gui_cursorarrowmpx.o
         0          0         24          0          0          0   gui_cursorpal.o
       434         34          8          0          0        676   gui_device.o
       264          4          0          0          0         88   gui_dispstring.o
        40          6          0          0          0         88   gui_dispstringat.o
        52          4          0          0          0         92   gui_dispstringhcenter.o
       244         14          0          0          0        184   gui_drawbitmap.o
        52          4          0          0          0        152   gui_exec.o
       160          0          0          0          0        152   gui_getbitmappixelindex.o
        48          0          0          0          0        152   gui_getcolor.o
        54         10          0          0          0        156   gui_getorg.o
        66         12          0          0          0        216   gui_goto.o
        24          0          0          0          0         76   gui_index2color.o
        88          0          0          0          0         76   gui_mergerect.o
        30          0          0          0          0         68   gui_moverect.o
       102         12          0         12         88        284   gui_onkey.o
        28          4          0          0          0         80   gui_pen.o
       248         36          0          8         72        444   gui_pid.o
        56          0          0          0          0         68   gui_rectsintersect.o
        32         10          0          0          0        136   gui_savecontext.o
       198         14          0          8          0        476   gui_selectlayer.o
        26          0          0          0          0         80   gui_selectlcd.o
        36          4          0         32          0         76   gui_setalpha.o
        44          0          0          0          0        160   gui_setcolor.o
        64          6          0          0          0         80   gui_setdefault.o
        24          0          0          0          0         76   gui_setdrawmode.o
        32          6          0          0          0         80   gui_setfont.o
        28          4          0          0          0         80   gui_setlinestyle.o
        64         16          0          0          0         88   gui_setorg.o
        32          6          0          0          0         80   gui_settextalign.o
        32          6          0          0          0         80   gui_settextmode.o
      4666         50         52          0          0       2720   gui_sprite.o
       324         32          0         28          0        392   gui_task.o
       104          6          0          0          0         84   gui_time.o
       354         16          0         20          0        484   gui_timer.o
        44          6          0          0         12         84   gui_touch.o
       632         46          0         48         16        472   gui_touch_driveranalog.o
        36          6          0          0         12         68   gui_touch_storestate.o
        44          4          0          8          0         88   gui_touch_storeunstable.o
        84         10          0          0          0        168   gui_uc.o
        16          4          0         12          0         68   gui_waitevent.o
       198          0         24          0          0        244   guicc_0.o
        36          0         24          0          0        288   guicc_8888.o
         2          0          0          0          0         68   guicc_8888_index2color.o
         2          0          0          0          0         68   guicc_888_index2color.o
        36          6          0          0          0         68   guicc_m555_index2color.o
       250         42         24          8          0        412   guicc_m565.o
       794         38          0          0          0        680   guidev.o
      2324         66        116          4          0       1336   guidev_16.o
      2356         62        116          0          0       1440   guidev_32.o
       308         14          0          4          0        168   guidev_banding.o
        68          4          0          0          0         76   guidev_clear.o
        34          0          0          0          0         80   guidev_getdataptr.o
        52          6          0          0          0         80   guidev_getysize.o
        56          4          0          0          0         80   guidev_reduceysize.o
       100          4          0          0          0         80   guidev_setorg.o
       358         22          0          1          0        188   guidev_staticdevices.o
        84          0          0          0          0        164   guidev_usage.o
       424          4         24          0          0        460   guidev_usagebm.o
       116          4          0          0          0        148   guidev_write.o
       400         14          0          0          0         96   guidev_writetoactivealpha.o
      1868         16          8          0          0        492   guidev_writetoactiveopaque.o
      1646        110         12          4          0       1348   lcd.o
        16          6          0          4          0         68   lcd_aa.o
       260         26          0         16          0        388   lcd_color.o
        32         12          0          0          0        136   lcd_getcolorindex.o
       416         36          0          0          0       1484   lcd_getex.o
        26          0          0          0          0         80   lcd_getnumdisplays.o
        96         10          0          0          0         84   lcd_getp.o
        14          0          0          0          0         80   lcd_getpixelcolor.o
         0          0        256          0          0          0   lcd_mirror.o
       504         18          0          0          0        184   lcd_readrect.o
        64         10          0          0          0         80   lcd_selectlcd.o
       260          0          0          0          0        500   lcd_set.o
        48         10          0          0          0         80   lcd_setcliprectex.o
        36          4          0          0          0         80   lcd_updatecolorindices.o
      4674        228          0         97         24       4132   wm.o
        18          0          0          0          0         76   wm__getfirstsibling.o
        36          0          0          0          0         80   wm__getprevsibling.o
        34          0          0          0          0         80   wm__isancestor.o
        22          0          0          0          0         76   wm__isenabled.o
        60          6          0          4          0         88   wm__sendmessage.o
        28          0          0          0          0         92   wm__sendmessageifenabled.o
        38          0          0          0          0         80   wm__sendmessagenopara.o
       220          0          0          0          0         96   wm__updatechildpositions.o
       136          0          0          0          0         92   wm_bringtobottom.o
        60         12          0          0          0        136   wm_criticalhandle.o
        32          0          0          0          0         80   wm_getclientrect.o
        24         10          0          0          0         68   wm_getdesktopwindow.o
        20          4          0          0          0         68   wm_getdesktopwindowex.o
        26          0          0          0          0         76   wm_getfirstchild.o
        32          0          0          0          0         80   wm_getorg.o
        26          0          0          0          0         76   wm_getparent.o
        24          0          0          0          0         76   wm_iswindow.o
       294          0          0          0          0        272   wm_move.o
        16          0          0          0          0         76   wm_notifyparent.o
        64          8          0          0          0         88   wm_onkey.o
        24          6          0          0         24         68   wm_pid__getprevstate.o
       244          0          0          0          0         88   wm_resizewindow.o
       204          6          0          0          0        324   wm_screen2win.o
        26          0          0          0          0         88   wm_sendmessagenopara.o
        38          0          0          0          0         92   wm_sendtoparent.o
        62          8          0          0          0        160   wm_setcapture.o
        72          0          0          0          0         84   wm_setsize.o
       124          0          0          0          0        164   wm_timer.o
      1108         46          0         12         72        344   wm_touch.o
        90          0          0          0          0          0   __dczerorl2.o
         8          0          0          0          0         68   __main.o
       392          4         17          0          0         92   __printf_flags_ss_wp.o
        14          0          0          0          0         68   __printf_wp.o
         0          0          0          0          0          0   __rtentry.o
        12          0          0          0          0          0   __rtentry2.o
         6          0          0          0          0          0   __rtentry4.o
        52          8          0          0          0          0   __scatter.o
        28          0          0          0          0          0   __scatter_zi.o
         6          0          0          0          0          0   _printf_c.o
        44          0          0          0          0        108   _printf_char.o
        48          6          0          0          0         96   _printf_char_common.o
        36          4          0          0          0         80   _printf_char_file.o
         6          0          0          0          0          0   _printf_d.o
       120         16          0          0          0         92   _printf_dec.o
        88          4         40          0          0         88   _printf_hex_int.o
       178          0          0          0          0         88   _printf_intcommon.o
        78          0          0          0          0        108   _printf_pad.o
         0          0          0          0          0          0   _printf_percent.o
         4          0          0          0          0          0   _printf_percent_end.o
         6          0          0          0          0          0   _printf_s.o
        82          0          0          0          0         80   _printf_str.o
         6          0          0          0          0          0   _printf_u.o
         6          0          0          0          0          0   _printf_x.o
        22          0          0          0          0        100   _rserrno.o
        16          0          0          0          0         68   aeabi_memset.o
        18          0          0          0          0         80   exit.o
         8          0          0          0          0         68   ferror.o
         6          0          0          0          0        152   heapauxi.o
         2          0          0          0          0          0   libinit.o
         2          0          0          0          0          0   libinit2.o
         2          0          0          0          0          0   libshutdown.o
         2          0          0          0          0          0   libshutdown2.o
         8          4          0          0         96         68   libspace.o
       238          0          0          0          0        100   lludivv7m.o
        88          0          0          0          0         76   memcmp.o
        24          4          0          0          0         84   noretval__2printf.o
         8          4          0          0          0         68   rt_errno_addr_intlibspace.o
        68          0          0          0          0         68   rt_memclr.o
        78          0          0          0          0         80   rt_memclr_w.o
       138          0          0          0          0         68   rt_memcpy_v6.o
       100          0          0          0          0         80   rt_memcpy_w.o
       132          0          0          0          0         68   rt_memmove_v6.o
       122          0          0          0          0         80   rt_memmove_w.o
         2          0          0          0          0          0   rtexit.o
        10          0          0          0          0          0   rtexit2.o
       128          0          0          0          0         68   strcmpv7m.o
        72          0          0          0          0         80   strcpy.o
        74          0          0          0          0         80   sys_stackheap_outer.o
         2          0          0          0          0         68   use_no_semi.o
         2          0          0          0          0         68   use_no_semi_2.o
       826         16          0          0          0        348   daddsub_clz.o
        24          0          0          0          0         68   dcmpi.o
        90          4          0          0          0         92   dfixu.o
        84          0          0          0          0        136   dflt_clz.o
       120          4          0          0          0         92   dleqf.o
       340         12          0          0          0        104   dmul.o
       156          4          0          0          0         92   dnaninf.o
        12          0          0          0          0         68   dretinf.o
       460         56          0          0          0        120   dsqrt_noumaal.o
       430          8          0          0          0        168   faddsub_clz.o
        12          4          0          0          0         68   fcheck1.o
       388         76          0          0          0         96   fdiv.o
        54          4          0          0          0         84   ffix.o
        62          4          0          0          0         84   ffixu.o
        86          0          0          0          0        136   fflt_clz.o
       258          4          0          0          0         84   fmul.o
       140          4          0          0          0         84   fnaninf.o
        10          0          0          0          0         68   fretinf.o
       100          0          0          0          0         68   retnan.o
        76          0          0          0          0         68   scalbnf.o
        48          0          0          0          0         68   trapv.o
         0          0          0          0          0          0   usenofp.o
        76          0          0          0          0         84   sqrt.o

    ----------------------------------------------------------------------
     49002       2028       3280        516        856      41724   Library Totals
       114          0          3          8          4          0   (incl. Padding)

    ----------------------------------------------------------------------

      Code (inc. data)   RO Data    RW Data    ZI Data      Debug   Library Name

     42354       1774       3220        508        756      36804   STemWin526_CM3_OS_Keil.lib
      2682         54         57          0         96       2640   c_w.l
      3776        200          0          0          0       2196   fz_ws.l
        76          0          0          0          0         84   m_ws.l

    ----------------------------------------------------------------------
     49002       2028       3280        516        856      41724   Library Totals

    ----------------------------------------------------------------------

==============================================================================


      Code (inc. data)   RO Data    RW Data    ZI Data      Debug   

    128778       6320      19942       1652      47244     815486   Grand Totals
    128778       6320      19942        404      47244     815486   ELF Image Totals (compressed)
    128778       6320      19942        404          0          0   ROM Totals

==============================================================================

    Total RO  Size (Code + RO Data)               148720 ( 145.23kB)
    Total RW  Size (RW Data + ZI Data)             48896 (  47.75kB)
    Total ROM Size (Code + RO Data + RW Data)     149124 ( 145.63kB)

==============================================================================

